<html>
<body>
<pre>
<h1>µVision Build Log</h1>
<h2>Tool Versions:</h2>
IDE-Version: ¦ÌVision V5.36.0.0
Copyright (C) 2021 ARM Ltd and ARM Germany GmbH. All rights reserved.
License Information: Zhang Admin, fnrs, LIC=HN0AE-5TM53-GKFBG-VZ3L3-M63JR-D0QX7
 
Tool Versions:
Toolchain:       MDK-ARM Plus  Version: 5.36.0.0
Toolchain Path:  C:\Keil_v5\ARM\ARMCC\Bin
C Compiler:      Armcc.exe V5.06 update 7 (build 960)
Assembler:       Armasm.exe V5.06 update 7 (build 960)
Linker/Locator:  ArmLink.exe V5.06 update 7 (build 960)
Library Manager: ArmAr.exe V5.06 update 7 (build 960)
Hex Converter:   FromElf.exe V5.06 update 7 (build 960)
CPU DLL:         SARMCM3.DLL V5.36.0.0
Dialog DLL:      DCM.DLL V1.17.3.0
Target DLL:      CMSIS_AGDI.dll V1.33.0.0
Dialog DLL:      TCM.DLL V1.53.0.0
 
<h2>Project:</h2>
D:\Users\Admin\Desktop\STM32F103ZET6\STD_STM32F103ZET6_USART\MDK-ARM\STD_Proj.uvprojx
Project File Date:  07/07/2026

<h2>Output:</h2>
*** Using Compiler 'V5.06 update 7 (build 960)', folder: 'C:\Keil_v5\ARM\ARMCC\Bin'
Rebuild target 'STD_Proj'
Note: source file '..\AUDIO\helix\mp3dec.c' - object file renamed from '.\Objects\helix_mp3dec.o' to '.\Objects\helix_mp3dec.o'.
Note: source file '..\AUDIO\helix\mp3tabs.c' - object file renamed from '.\Objects\helix_mp3tabs.o' to '.\Objects\helix_mp3tabs.o'.
Note: source file '..\AUDIO\helix\real\bitstream.c' - object file renamed from '.\Objects\helix_bitstream.o' to '.\Objects\helix_bitstream.o'.
Note: source file '..\AUDIO\helix\real\buffers.c' - object file renamed from '.\Objects\helix_buffers.o' to '.\Objects\helix_buffers.o'.
Note: source file '..\AUDIO\helix\real\dct32.c' - object file renamed from '.\Objects\helix_dct32.o' to '.\Objects\helix_dct32.o'.
Note: source file '..\AUDIO\helix\real\dequant.c' - object file renamed from '.\Objects\helix_dequant.o' to '.\Objects\helix_dequant.o'.
Note: source file '..\AUDIO\helix\real\dqchan.c' - object file renamed from '.\Objects\helix_dqchan.o' to '.\Objects\helix_dqchan.o'.
Note: source file '..\AUDIO\helix\real\huffman.c' - object file renamed from '.\Objects\helix_huffman.o' to '.\Objects\helix_huffman.o'.
Note: source file '..\AUDIO\helix\real\hufftabs.c' - object file renamed from '.\Objects\helix_hufftabs.o' to '.\Objects\helix_hufftabs.o'.
Note: source file '..\AUDIO\helix\real\imdct.c' - object file renamed from '.\Objects\helix_imdct.o' to '.\Objects\helix_imdct.o'.
Note: source file '..\AUDIO\helix\real\polyphase.c' - object file renamed from '.\Objects\helix_polyphase.o' to '.\Objects\helix_polyphase.o'.
Note: source file '..\AUDIO\helix\real\scalfact.c' - object file renamed from '.\Objects\helix_scalfact.o' to '.\Objects\helix_scalfact.o'.
Note: source file '..\AUDIO\helix\real\stproc.c' - object file renamed from '.\Objects\helix_stproc.o' to '.\Objects\helix_stproc.o'.
Note: source file '..\AUDIO\helix\real\subband.c' - object file renamed from '.\Objects\helix_subband.o' to '.\Objects\helix_subband.o'.
Note: source file '..\AUDIO\helix\real\trigtabs.c' - object file renamed from '.\Objects\helix_trigtabs.o' to '.\Objects\helix_trigtabs.o'.
compiling core_cm3.c...
assembling startup_stm32f10x_hd.s...
compiling audio_record.c...
compiling main.c...
compiling delay.c...
compiling system_stm32f10x.c...
compiling gpio.c...
compiling exti.c...
compiling stm32f10x_it.c...
compiling usart.c...
compiling diskio.c...
compiling audio_player.c...
compiling helix_mp3tabs.c...
compiling pff.c...
compiling board_audio.c...
compiling helix_mp3dec.c...
..\AUDIO\helix\mp3dec.c(172): warning:  #111-D: statement is unreachable
  	return -1;
..\AUDIO\helix\mp3dec.c: 1 warning, 0 errors
compiling helix_bitstream.c...
compiling helix_buffers.c...
compiling sdcard_stub.c...
compiling helix_dct32.c...
compiling helix_dequant.c...
compiling helix_dqchan.c...
..\AUDIO\helix\real\dqchan.c(248): warning:  #550-D: variable "cbStartL"  was set but never used
  	int cbStartL, cbEndL, cbStartS, cbEndS;
..\AUDIO\helix\real\dqchan.c: 1 warning, 0 errors
compiling helix_huffman.c...
..\AUDIO\helix\real\huffman.c(389): warning:  #550-D: variable "sfi"  was set but never used
  	ScaleFactorInfo *sfi;
..\AUDIO\helix\real\huffman.c: 1 warning, 0 errors
compiling helix_hufftabs.c...
..\AUDIO\helix\real\hufftabs.c(755): warning:  #1-D: last line of file ends without a newline
  const int quadTabMaxBits[2] = {6, 4};
..\AUDIO\helix\real\hufftabs.c: 1 warning, 0 errors
compiling helix_imdct.c...
compiling helix_scalfact.c...
..\AUDIO\helix\real\scalfact.c(211): warning:  #550-D: variable "iipTest"  was set but never used
  	int i, sfb, sfcIdx, btIdx, nrIdx, iipTest;
..\AUDIO\helix\real\scalfact.c: 1 warning, 0 errors
compiling helix_subband.c...
..\AUDIO\helix\real\subband.c(63): warning:  #550-D: variable "hi"  was set but never used
  	HuffmanInfo *hi;
..\AUDIO\helix\real\subband.c: 1 warning, 0 errors
compiling helix_polyphase.c...
compiling helix_stproc.c...
compiling helix_trigtabs.c...
compiling misc.c...
compiling stm32f10x_adc.c...
compiling stm32f10x_bkp.c...
compiling stm32f10x_crc.c...
compiling stm32f10x_can.c...
compiling stm32f10x_cec.c...
compiling stm32f10x_dac.c...
compiling stm32f10x_dbgmcu.c...
compiling stm32f10x_exti.c...
compiling stm32f10x_dma.c...
compiling stm32f10x_flash.c...
compiling stm32f10x_fsmc.c...
compiling stm32f10x_gpio.c...
compiling stm32f10x_iwdg.c...
compiling stm32f10x_i2c.c...
compiling stm32f10x_pwr.c...
compiling stm32f10x_rcc.c...
compiling stm32f10x_rtc.c...
compiling stm32f10x_sdio.c...
compiling stm32f10x_spi.c...
compiling stm32f10x_wwdg.c...
compiling stm32f10x_usart.c...
compiling stm32f10x_tim.c...
linking...
Program Size: Code=31624 RO-data=15128 RW-data=816 ZI-data=55784  
FromELF: creating hex file...
".\Objects\STD_Proj.axf" - 0 Error(s), 6 Warning(s).

<h2>Software Packages used:</h2>

Package Vendor: Keil
                http://www.keil.com/pack/Keil.STM32F1xx_DFP.2.4.0.pack
                Keil.STM32F1xx_DFP.2.4.0
                STMicroelectronics STM32F1 Series Device Support, Drivers and Examples

<h2>Collection of Component include folders:</h2>
  C:\Users\Admin\AppData\Local\Arm\Packs\Keil\STM32F1xx_DFP\2.4.0\Device\Include

<h2>Collection of Component Files used:</h2>
Build Time Elapsed:  00:00:04
</pre>
</body>
</html>
