Component: ARM Compiler 5.06 update 7 (build 960) Tool: armlink [4d3601]

==============================================================================

Section Cross References

    startup_stm32f10x_hd.o(STACK) refers (Special) to heapauxi.o(.text) for __use_two_region_memory
    startup_stm32f10x_hd.o(HEAP) refers (Special) to heapauxi.o(.text) for __use_two_region_memory
    startup_stm32f10x_hd.o(RESET) refers (Special) to heapauxi.o(.text) for __use_two_region_memory
    startup_stm32f10x_hd.o(RESET) refers to startup_stm32f10x_hd.o(STACK) for __initial_sp
    startup_stm32f10x_hd.o(RESET) refers to startup_stm32f10x_hd.o(.text) for Reset_Handler
    startup_stm32f10x_hd.o(RESET) refers to stm32f10x_it.o(i.NMI_Handler) for NMI_Handler
    startup_stm32f10x_hd.o(RESET) refers to stm32f10x_it.o(i.HardFault_Handler) for HardFault_Handler
    startup_stm32f10x_hd.o(RESET) refers to stm32f10x_it.o(i.MemManage_Handler) for MemManage_Handler
    startup_stm32f10x_hd.o(RESET) refers to stm32f10x_it.o(i.BusFault_Handler) for BusFault_Handler
    startup_stm32f10x_hd.o(RESET) refers to stm32f10x_it.o(i.UsageFault_Handler) for UsageFault_Handler
    startup_stm32f10x_hd.o(RESET) refers to stm32f10x_it.o(i.SVC_Handler) for SVC_Handler
    startup_stm32f10x_hd.o(RESET) refers to stm32f10x_it.o(i.DebugMon_Handler) for DebugMon_Handler
    startup_stm32f10x_hd.o(RESET) refers to stm32f10x_it.o(i.PendSV_Handler) for PendSV_Handler
    startup_stm32f10x_hd.o(RESET) refers to stm32f10x_it.o(i.SysTick_Handler) for SysTick_Handler
    startup_stm32f10x_hd.o(RESET) refers to exti.o(i.EXTI1_IRQHandler) for EXTI1_IRQHandler
    startup_stm32f10x_hd.o(RESET) refers to usart.o(i.USART1_IRQHandler) for USART1_IRQHandler
    startup_stm32f10x_hd.o(.text) refers (Special) to heapauxi.o(.text) for __use_two_region_memory
    startup_stm32f10x_hd.o(.text) refers to system_stm32f10x.o(i.SystemInit) for SystemInit
    startup_stm32f10x_hd.o(.text) refers to __main.o(!!!main) for __main
    startup_stm32f10x_hd.o(.text) refers to startup_stm32f10x_hd.o(HEAP) for Heap_Mem
    startup_stm32f10x_hd.o(.text) refers to startup_stm32f10x_hd.o(STACK) for Stack_Mem
    exti.o(i.EXTI1_IRQHandler) refers to stm32f10x_gpio.o(i.GPIO_ReadInputDataBit) for GPIO_ReadInputDataBit
    exti.o(i.EXTI1_IRQHandler) refers to delay.o(i.delay_ms) for delay_ms
    exti.o(i.EXTI1_IRQHandler) refers to stm32f10x_gpio.o(i.GPIO_WriteBit) for GPIO_WriteBit
    exti.o(i.EXTI1_IRQHandler) refers to stm32f10x_exti.o(i.EXTI_ClearITPendingBit) for EXTI_ClearITPendingBit
    exti.o(i.EXTI1_IRQHandler) refers to exti.o(.data) for .data
    exti.o(i.MX_EXTI1_Init) refers to stm32f10x_rcc.o(i.RCC_APB2PeriphClockCmd) for RCC_APB2PeriphClockCmd
    exti.o(i.MX_EXTI1_Init) refers to gpio.o(i.MX_KeyInit) for MX_KeyInit
    exti.o(i.MX_EXTI1_Init) refers to stm32f10x_gpio.o(i.GPIO_EXTILineConfig) for GPIO_EXTILineConfig
    exti.o(i.MX_EXTI1_Init) refers to stm32f10x_exti.o(i.EXTI_Init) for EXTI_Init
    exti.o(i.MX_EXTI1_Init) refers to misc.o(i.NVIC_Init) for NVIC_Init
    record_main.o(i.dump_board_audio_debug) refers to _printf_pad.o(.text) for _printf_pre_padding
    record_main.o(i.dump_board_audio_debug) refers to _printf_percent.o(.ARM.Collect$$_printf_percent$$00000000) for _printf_percent
    record_main.o(i.dump_board_audio_debug) refers to _printf_d.o(.ARM.Collect$$_printf_percent$$00000009) for _printf_d
    record_main.o(i.dump_board_audio_debug) refers to _printf_u.o(.ARM.Collect$$_printf_percent$$0000000A) for _printf_u
    record_main.o(i.dump_board_audio_debug) refers to _printf_x.o(.ARM.Collect$$_printf_percent$$0000000C) for _printf_x
    record_main.o(i.dump_board_audio_debug) refers to _printf_s.o(.ARM.Collect$$_printf_percent$$00000014) for _printf_s
    record_main.o(i.dump_board_audio_debug) refers to _printf_dec.o(.text) for _printf_int_dec
    record_main.o(i.dump_board_audio_debug) refers to _printf_hex_int.o(.text) for _printf_longlong_hex
    record_main.o(i.dump_board_audio_debug) refers to _printf_str.o(.text) for _printf_str
    record_main.o(i.dump_board_audio_debug) refers to record_board_audio.o(i.board_audio_get_debug_info) for board_audio_get_debug_info
    record_main.o(i.dump_board_audio_debug) refers to noretval__2printf.o(.text) for __2printf
    record_main.o(i.dump_board_audio_debug) refers to record_main.o(.conststring) for .conststring
    record_main.o(i.main) refers to _printf_percent.o(.ARM.Collect$$_printf_percent$$00000000) for _printf_percent
    record_main.o(i.main) refers to _printf_s.o(.ARM.Collect$$_printf_percent$$00000014) for _printf_s
    record_main.o(i.main) refers to _printf_str.o(.text) for _printf_str
    record_main.o(i.main) refers to _printf_d.o(.ARM.Collect$$_printf_percent$$00000009) for _printf_d
    record_main.o(i.main) refers to _printf_dec.o(.text) for _printf_int_dec
    record_main.o(i.main) refers to _printf_u.o(.ARM.Collect$$_printf_percent$$0000000A) for _printf_u
[...]
    ../clib/angel/boardlib.s                 0x00000000   Number         0  boardinit2.o ABSOLUTE
    ../clib/angel/boardlib.s                 0x00000000   Number         0  boardinit3.o ABSOLUTE
    ../clib/angel/handlers.s                 0x00000000   Number         0  __scatter_zi.o ABSOLUTE
    ../clib/angel/handlers.s                 0x00000000   Number         0  __scatter_copy.o ABSOLUTE
    ../clib/angel/kernel.s                   0x00000000   Number         0  rtexit.o ABSOLUTE
    ../clib/angel/kernel.s                   0x00000000   Number         0  __rtentry2.o ABSOLUTE
    ../clib/angel/kernel.s                   0x00000000   Number         0  __rtentry.o ABSOLUTE
    ../clib/angel/kernel.s                   0x00000000   Number         0  rtexit2.o ABSOLUTE
    ../clib/angel/kernel.s                   0x00000000   Number         0  __rtentry4.o ABSOLUTE
    ../clib/angel/rt.s                       0x00000000   Number         0  rt_raise.o ABSOLUTE
    ../clib/angel/scatter.s                  0x00000000   Number         0  __scatter.o ABSOLUTE
    ../clib/angel/startup.s                  0x00000000   Number         0  __main.o ABSOLUTE
    ../clib/angel/sys.s                      0x00000000   Number         0  indicate_semi.o ABSOLUTE
    ../clib/angel/sys.s                      0x00000000   Number         0  use_no_semi.o ABSOLUTE
    ../clib/angel/sys.s                      0x00000000   Number         0  libspace.o ABSOLUTE
    ../clib/angel/sys.s                      0x00000000   Number         0  use_no_semi_2.o ABSOLUTE
    ../clib/angel/sys.s                      0x00000000   Number         0  sys_stackheap_outer.o ABSOLUTE
    ../clib/angel/sysapp.c                   0x00000000   Number         0  sys_command.o ABSOLUTE
    ../clib/angel/sysapp.c                   0x00000000   Number         0  sys_wrch.o ABSOLUTE
    ../clib/armsys.c                         0x00000000   Number         0  _get_argv_nomalloc.o ABSOLUTE
    ../clib/armsys.c                         0x00000000   Number         0  argv_veneer.o ABSOLUTE
    ../clib/armsys.c                         0x00000000   Number         0  argv_veneer.o ABSOLUTE
    ../clib/armsys.c                         0x00000000   Number         0  no_argv.o ABSOLUTE
    ../clib/heapalloc.c                      0x00000000   Number         0  hrguard.o ABSOLUTE
    ../clib/heapaux.c                        0x00000000   Number         0  heapauxi.o ABSOLUTE
    ../clib/libinit.s                        0x00000000   Number         0  libshutdown2.o ABSOLUTE
    ../clib/libinit.s                        0x00000000   Number         0  libshutdown.o ABSOLUTE
    ../clib/libinit.s                        0x00000000   Number         0  libinit2.o ABSOLUTE
    ../clib/libinit.s                        0x00000000   Number         0  libinit.o ABSOLUTE
    ../clib/memcpset.s                       0x00000000   Number         0  rt_memclr.o ABSOLUTE
    ../clib/memcpset.s                       0x00000000   Number         0  rt_memclr_w.o ABSOLUTE
    ../clib/misc.s                           0x00000000   Number         0  printf_stubs.o ABSOLUTE
    ../clib/printf.c                         0x00000000   Number         0  _printf_hex_ll_ptr.o ABSOLUTE
    ../clib/printf.c                         0x00000000   Number         0  _printf_hex_int_ll_ptr.o ABSOLUTE
    ../clib/printf.c                         0x00000000   Number         0  __printf_flags.o ABSOLUTE
    ../clib/printf.c                         0x00000000   Number         0  __printf_ss.o ABSOLUTE
    ../clib/printf.c                         0x00000000   Number         0  __printf_wp.o ABSOLUTE
    ../clib/printf.c                         0x00000000   Number         0  __printf_flags_wp.o ABSOLUTE
    ../clib/printf.c                         0x00000000   Number         0  __printf_flags_ss_wp.o ABSOLUTE
    ../clib/printf.c                         0x00000000   Number         0  __printf_ss_wp.o ABSOLUTE
    ../clib/printf.c                         0x00000000   Number         0  __printf_flags_ss.o ABSOLUTE
    ../clib/printf.c                         0x00000000   Number         0  _printf_hex_int_ll.o ABSOLUTE
    ../clib/printf.c                         0x00000000   Number         0  __2printf.o ABSOLUTE
    ../clib/printf.c                         0x00000000   Number         0  noretval__2printf.o ABSOLUTE
    ../clib/printf.c                         0x00000000   Number         0  __printf.o ABSOLUTE
    ../clib/printf.c                         0x00000000   Number         0  _printf_intcommon.o ABSOLUTE
    ../clib/printf.c                         0x00000000   Number         0  _printf_char.o ABSOLUTE
    ../clib/printf.c                         0x00000000   Number         0  _printf_char_file.o ABSOLUTE
    ../clib/printf.c                         0x00000000   Number         0  _printf_pad.o ABSOLUTE
    ../clib/printf.c                         0x00000000   Number         0  _printf_str.o ABSOLUTE
    ../clib/printf.c                         0x00000000   Number         0  _printf_dec.o ABSOLUTE
    ../clib/printf.c                         0x00000000   Number         0  __printf_nopercent.o ABSOLUTE
    ../clib/printf.c                         0x00000000   Number         0  _printf_hex_ll.o ABSOLUTE
    ../clib/printf.c                         0x00000000   Number         0  _printf_hex_int.o ABSOLUTE
    ../clib/printf.c                         0x00000000   Number         0  _printf_hex_ptr.o ABSOLUTE
    ../clib/printf.c                         0x00000000   Number         0  _printf_hex_int_ptr.o ABSOLUTE
    ../clib/printf.c                         0x00000000   Number         0  _printf_char_common.o ABSOLUTE
    ../clib/printf_percent.s                 0x00000000   Number         0  _printf_d.o ABSOLUTE
    ../clib/printf_percent.s                 0x00000000   Number         0  _printf_s.o ABSOLUTE
    ../clib/printf_percent.s                 0x00000000   Number         0  _printf_u.o ABSOLUTE
    ../clib/printf_percent.s                 0x00000000   Number         0  _printf_percent.o ABSOLUTE
    ../clib/printf_percent.s                 0x00000000   Number         0  _printf_percent_end.o ABSOLUTE
    ../clib/printf_percent.s                 0x00000000   Number         0  _printf_x.o ABSOLUTE
    ../clib/signal.c                         0x00000000   Number         0  defsig_segv_inner.o ABSOLUTE
    ../clib/signal.c                         0x00000000   Number         0  defsig_other.o ABSOLUTE
    ../clib/signal.c                         0x00000000   Number         0  defsig_exit.o ABSOLUTE
    ../clib/signal.c                         0x00000000   Number         0  defsig_rtmem_inner.o ABSOLUTE
    ../clib/signal.c                         0x00000000   Number         0  __raise.o ABSOLUTE
    ../clib/signal.c                         0x00000000   Number         0  defsig_rtmem_formal.o ABSOLUTE
    ../clib/signal.c                         0x00000000   Number         0  defsig_general.o ABSOLUTE
    ../clib/signal.c                         0x00000000   Number         0  defsig_rtmem_outer.o ABSOLUTE
    ../clib/signal.c                         0x00000000   Number         0  defsig_cppl_inner.o ABSOLUTE
    ../clib/signal.c                         0x00000000   Number         0  defsig_abrt_inner.o ABSOLUTE
    ../clib/signal.c                         0x00000000   Number         0  defsig_fpe_inner.o ABSOLUTE
    ../clib/signal.c                         0x00000000   Number         0  defsig_rtred_inner.o ABSOLUTE
    ../clib/signal.c                         0x00000000   Number         0  defsig_stak_inner.o ABSOLUTE
    ../clib/signal.c                         0x00000000   Number         0  defsig_pvfn_inner.o ABSOLUTE
    ../clib/signal.s                         0x00000000   Number         0  defsig.o ABSOLUTE
    ../clib/stdio.c                          0x00000000   Number         0  ferror.o ABSOLUTE
    ../clib/stdio.c                          0x00000000   Number         0  ferror_locked.o ABSOLUTE
    ../clib/stdlib.c                         0x00000000   Number         0  exit.o ABSOLUTE
    ../fplib/fpinit.s                        0x00000000   Number         0  fpinit.o ABSOLUTE
    ..\AUDIO_RECORD\record_audio_record.c    0x00000000   Number         0  record_audio_record.o ABSOLUTE
    ..\AUDIO_RECORD\record_board_audio.c     0x00000000   Number         0  record_board_audio.o ABSOLUTE
    ..\AUDIO_RECORD\record_main.c            0x00000000   Number         0  record_main.o ABSOLUTE
    ..\CORE\arm\startup_stm32f10x_hd.s       0x00000000   Number         0  startup_stm32f10x_hd.o ABSOLUTE
    ..\CORE\core_cm3.c                       0x00000000   Number         0  core_cm3.o ABSOLUTE
    ..\FWLib\src\misc.c                      0x00000000   Number         0  misc.o ABSOLUTE
    ..\FWLib\src\stm32f10x_adc.c             0x00000000   Number         0  stm32f10x_adc.o ABSOLUTE
    ..\FWLib\src\stm32f10x_bkp.c             0x00000000   Number         0  stm32f10x_bkp.o ABSOLUTE
    ..\FWLib\src\stm32f10x_can.c             0x00000000   Number         0  stm32f10x_can.o ABSOLUTE
    ..\FWLib\src\stm32f10x_cec.c             0x00000000   Number         0  stm32f10x_cec.o ABSOLUTE
    ..\FWLib\src\stm32f10x_crc.c             0x00000000   Number         0  stm32f10x_crc.o ABSOLUTE
    ..\FWLib\src\stm32f10x_dac.c             0x00000000   Number         0  stm32f10x_dac.o ABSOLUTE
    ..\FWLib\src\stm32f10x_dbgmcu.c          0x00000000   Number         0  stm32f10x_dbgmcu.o ABSOLUTE
    ..\FWLib\src\stm32f10x_dma.c             0x00000000   Number         0  stm32f10x_dma.o ABSOLUTE
    ..\FWLib\src\stm32f10x_exti.c            0x00000000   Number         0  stm32f10x_exti.o ABSOLUTE
    ..\FWLib\src\stm32f10x_flash.c           0x00000000   Number         0  stm32f10x_flash.o ABSOLUTE
    ..\FWLib\src\stm32f10x_fsmc.c            0x00000000   Number         0  stm32f10x_fsmc.o ABSOLUTE
    ..\FWLib\src\stm32f10x_gpio.c            0x00000000   Number         0  stm32f10x_gpio.o ABSOLUTE
    ..\FWLib\src\stm32f10x_i2c.c             0x00000000   Number         0  stm32f10x_i2c.o ABSOLUTE
    ..\FWLib\src\stm32f10x_iwdg.c            0x00000000   Number         0  stm32f10x_iwdg.o ABSOLUTE
    ..\FWLib\src\stm32f10x_pwr.c             0x00000000   Number         0  stm32f10x_pwr.o ABSOLUTE
    ..\FWLib\src\stm32f10x_rcc.c             0x00000000   Number         0  stm32f10x_rcc.o ABSOLUTE
    ..\FWLib\src\stm32f10x_rtc.c             0x00000000   Number         0  stm32f10x_rtc.o ABSOLUTE
    ..\FWLib\src\stm32f10x_sdio.c            0x00000000   Number         0  stm32f10x_sdio.o ABSOLUTE
    ..\FWLib\src\stm32f10x_spi.c             0x00000000   Number         0  stm32f10x_spi.o ABSOLUTE
    ..\FWLib\src\stm32f10x_tim.c             0x00000000   Number         0  stm32f10x_tim.o ABSOLUTE
    ..\FWLib\src\stm32f10x_usart.c           0x00000000   Number         0  stm32f10x_usart.o ABSOLUTE
    ..\FWLib\src\stm32f10x_wwdg.c            0x00000000   Number         0  stm32f10x_wwdg.o ABSOLUTE
    ..\HARDWARE\EXTI\exti.c                  0x00000000   Number         0  exti.o ABSOLUTE
    ..\HARDWARE\GPIO\gpio.c                  0x00000000   Number         0  gpio.o ABSOLUTE
    ..\HARDWARE\USART\usart.c                0x00000000   Number         0  usart.o ABSOLUTE
    ..\SYSTEM\delay\delay.c                  0x00000000   Number         0  delay.o ABSOLUTE
    ..\USER\stm32f10x_it.c                   0x00000000   Number         0  stm32f10x_it.o ABSOLUTE
    ..\USER\system_stm32f10x.c               0x00000000   Number         0  system_stm32f10x.o ABSOLUTE
    ..\\CORE\\core_cm3.c                     0x00000000   Number         0  core_cm3.o ABSOLUTE
    dc.s                                     0x00000000   Number         0  dc.o ABSOLUTE
    RESET                                    0x08000000   Section      304  startup_stm32f10x_hd.o(RESET)
    !!!main                                  0x08000130   Section        8  __main.o(!!!main)
    !!!scatter                               0x08000138   Section       52  __scatter.o(!!!scatter)
    !!handler_copy                           0x0800016c   Section       26  __scatter_copy.o(!!handler_copy)
    !!handler_zi                             0x08000188   Section       28  __scatter_zi.o(!!handler_zi)
    .ARM.Collect$$_printf_percent$$00000000  0x080001a4   Section        0  _printf_percent.o(.ARM.Collect$$_printf_percent$$00000000)
    .ARM.Collect$$_printf_percent$$00000009  0x080001a4   Section        6  _printf_d.o(.ARM.Collect$$_printf_percent$$00000009)
    .ARM.Collect$$_printf_percent$$0000000A  0x080001aa   Section        6  _printf_u.o(.ARM.Collect$$_printf_percent$$0000000A)
    .ARM.Collect$$_printf_percent$$0000000C  0x080001b0   Section        6  _printf_x.o(.ARM.Collect$$_printf_percent$$0000000C)
    .ARM.Collect$$_printf_percent$$00000014  0x080001b6   Section        6  _printf_s.o(.ARM.Collect$$_printf_percent$$00000014)
    .ARM.Collect$$_printf_percent$$00000017  0x080001bc   Section        4  _printf_percent_end.o(.ARM.Collect$$_printf_percent$$00000017)
    .ARM.Collect$$libinit$$00000000          0x080001c0   Section        2  libinit.o(.ARM.Collect$$libinit$$00000000)
    .ARM.Collect$$libinit$$00000002          0x080001c2   Section        0  libinit2.o(.ARM.Collect$$libinit$$00000002)
    .ARM.Collect$$libinit$$00000004          0x080001c2   Section        0  libinit2.o(.ARM.Collect$$libinit$$00000004)
    .ARM.Collect$$libinit$$0000000A          0x080001c2   Section        0  libinit2.o(.ARM.Collect$$libinit$$0000000A)
    .ARM.Collect$$libinit$$0000000C          0x080001c2   Section        0  libinit2.o(.ARM.Collect$$libinit$$0000000C)
    .ARM.Collect$$libinit$$0000000E          0x080001c2   Section        0  libinit2.o(.ARM.Collect$$libinit$$0000000E)
    .ARM.Collect$$libinit$$00000011          0x080001c2   Section        0  libinit2.o(.ARM.Collect$$libinit$$00000011)
    .ARM.Collect$$libinit$$00000013          0x080001c2   Section        0  libinit2.o(.ARM.Collect$$libinit$$00000013)
    .ARM.Collect$$libinit$$00000015          0x080001c2   Section        0  libinit2.o(.ARM.Collect$$libinit$$00000015)
    .ARM.Collect$$libinit$$00000017          0x080001c2   Section        0  libinit2.o(.ARM.Collect$$libinit$$00000017)
    .ARM.Collect$$libinit$$00000019          0x080001c2   Section        0  libinit2.o(.ARM.Collect$$libinit$$00000019)
    .ARM.Collect$$libinit$$0000001B          0x080001c2   Section        0  libinit2.o(.ARM.Collect$$libinit$$0000001B)
    .ARM.Collect$$libinit$$0000001D          0x080001c2   Section        0  libinit2.o(.ARM.Collect$$libinit$$0000001D)
    .ARM.Collect$$libinit$$0000001F          0x080001c2   Section        0  libinit2.o(.ARM.Collect$$libinit$$0000001F)
    .ARM.Collect$$libinit$$00000021          0x080001c2   Section        0  libinit2.o(.ARM.Collect$$libinit$$00000021)
    .ARM.Collect$$libinit$$00000023          0x080001c2   Section        0  libinit2.o(.ARM.Collect$$libinit$$00000023)
    .ARM.Collect$$libinit$$00000025          0x080001c2   Section        0  libinit2.o(.ARM.Collect$$libinit$$00000025)
    .ARM.Collect$$libinit$$0000002C          0x080001c2   Section        0  libinit2.o(.ARM.Collect$$libinit$$0000002C)
    .ARM.Collect$$libinit$$0000002E          0x080001c2   Section        0  libinit2.o(.ARM.Collect$$libinit$$0000002E)
    .ARM.Collect$$libinit$$00000030          0x080001c2   Section        0  libinit2.o(.ARM.Collect$$libinit$$00000030)
    .ARM.Collect$$libinit$$00000032          0x080001c2   Section        0  libinit2.o(.ARM.Collect$$libinit$$00000032)
    .ARM.Collect$$libinit$$00000033          0x080001c2   Section        2  libinit2.o(.ARM.Collect$$libinit$$00000033)
    .ARM.Collect$$libshutdown$$00000000      0x080001c4   Section        2  libshutdown.o(.ARM.Collect$$libshutdown$$00000000)
    .ARM.Collect$$libshutdown$$00000002      0x080001c6   Section        0  libshutdown2.o(.ARM.Collect$$libshutdown$$00000002)
    .ARM.Collect$$libshutdown$$00000004      0x080001c6   Section        0  libshutdown2.o(.ARM.Collect$$libshutdown$$00000004)
    .ARM.Collect$$libshutdown$$00000006      0x080001c6   Section        0  libshutdown2.o(.ARM.Collect$$libshutdown$$00000006)
    .ARM.Collect$$libshutdown$$00000009      0x080001c6   Section        0  libshutdown2.o(.ARM.Collect$$libshutdown$$00000009)
    .ARM.Collect$$libshutdown$$0000000C      0x080001c6   Section        0  libshutdown2.o(.ARM.Collect$$libshutdown$$0000000C)
    .ARM.Collect$$libshutdown$$0000000E      0x080001c6   Section        0  libshutdown2.o(.ARM.Collect$$libshutdown$$0000000E)
    .ARM.Collect$$libshutdown$$00000011      0x080001c6   Section        0  libshutdown2.o(.ARM.Collect$$libshutdown$$00000011)
    .ARM.Collect$$libshutdown$$00000012      0x080001c6   Section        2  libshutdown2.o(.ARM.Collect$$libshutdown$$00000012)
    .ARM.Collect$$rtentry$$00000000          0x080001c8   Section        0  __rtentry.o(.ARM.Collect$$rtentry$$00000000)
    .ARM.Collect$$rtentry$$00000002          0x080001c8   Section        0  __rtentry2.o(.ARM.Collect$$rtentry$$00000002)
    .ARM.Collect$$rtentry$$00000004          0x080001c8   Section        6  __rtentry4.o(.ARM.Collect$$rtentry$$00000004)
    .ARM.Collect$$rtentry$$00000009          0x080001ce   Section        0  __rtentry2.o(.ARM.Collect$$rtentry$$00000009)
    .ARM.Collect$$rtentry$$0000000A          0x080001ce   Section        4  __rtentry2.o(.ARM.Collect$$rtentry$$0000000A)
    .ARM.Collect$$rtentry$$0000000C          0x080001d2   Section        0  __rtentry2.o(.ARM.Collect$$rtentry$$0000000C)
    .ARM.Collect$$rtentry$$0000000D          0x080001d2   Section        8  __rtentry2.o(.ARM.Collect$$rtentry$$0000000D)
    .ARM.Collect$$rtexit$$00000000           0x080001da   Section        2  rtexit.o(.ARM.Collect$$rtexit$$00000000)
    .ARM.Collect$$rtexit$$00000002           0x080001dc   Section        0  rtexit2.o(.ARM.Collect$$rtexit$$00000002)
    .ARM.Collect$$rtexit$$00000003           0x080001dc   Section        4  rtexit2.o(.ARM.Collect$$rtexit$$00000003)
    .ARM.Collect$$rtexit$$00000004           0x080001e0   Section        6  rtexit2.o(.ARM.Collect$$rtexit$$00000004)
    .text                                    0x080001e8   Section       64  startup_stm32f10x_hd.o(.text)
    .text                                    0x08000228   Section        2  use_no_semi_2.o(.text)
    .text                                    0x0800022c   Section        0  noretval__2printf.o(.text)
    .text                                    0x08000244   Section        0  _printf_pad.o(.text)
    .text                                    0x08000292   Section        0  _printf_str.o(.text)
    .text                                    0x080002e4   Section        0  _printf_dec.o(.text)
    .text                                    0x0800035c   Section        0  _printf_hex_int.o(.text)
    .text                                    0x080003b4   Section        0  __printf_flags_ss_wp.o(.text)
    .text                                    0x0800053c   Section       68  rt_memclr.o(.text)
    .text                                    0x08000580   Section       78  rt_memclr_w.o(.text)
    .text                                    0x080005ce   Section        0  heapauxi.o(.text)
    .text                                    0x080005d4   Section        2  use_no_semi.o(.text)
    .text                                    0x080005d6   Section        0  _printf_intcommon.o(.text)
    .text                                    0x08000688   Section        0  _printf_char.o(.text)
    .text                                    0x080006b4   Section        0  _printf_char_file.o(.text)
    .text                                    0x080006d8   Section        0  _printf_char_common.o(.text)
    _printf_input_char                       0x080006d9   Thumb Code    10  _printf_char_common.o(.text)
    .text                                    0x08000708   Section        0  ferror.o(.text)
    .text                                    0x08000710   Section       74  sys_stackheap_outer.o(.text)
    .text                                    0x0800075a   Section        0  exit.o(.text)
    .text                                    0x0800076c   Section        8  libspace.o(.text)
    i.BusFault_Handler                       0x08000774   Section        0  stm32f10x_it.o(i.BusFault_Handler)
    i.DMA_Cmd                                0x08000776   Section        0  stm32f10x_dma.o(i.DMA_Cmd)
    i.DMA_DeInit                             0x0800078c   Section        0  stm32f10x_dma.o(i.DMA_DeInit)
    i.DMA_GetCurrDataCounter                 0x08000870   Section        0  stm32f10x_dma.o(i.DMA_GetCurrDataCounter)
    i.DMA_Init                               0x08000876   Section        0  stm32f10x_dma.o(i.DMA_Init)
    i.DebugMon_Handler                       0x080008b0   Section        0  stm32f10x_it.o(i.DebugMon_Handler)
    i.EXTI1_IRQHandler                       0x080008b4   Section        0  exti.o(i.EXTI1_IRQHandler)
    i.EXTI_ClearITPendingBit                 0x08000904   Section        0  stm32f10x_exti.o(i.EXTI_ClearITPendingBit)
    i.GPIO_Init                              0x08000910   Section        0  stm32f10x_gpio.o(i.GPIO_Init)
    i.GPIO_PinRemapConfig                    0x080009b4   Section        0  stm32f10x_gpio.o(i.GPIO_PinRemapConfig)
    i.GPIO_ReadInputDataBit                  0x08000a0c   Section        0  stm32f10x_gpio.o(i.GPIO_ReadInputDataBit)
    i.GPIO_ReadOutputDataBit                 0x08000a1a   Section        0  stm32f10x_gpio.o(i.GPIO_ReadOutputDataBit)
    i.GPIO_ResetBits                         0x08000a28   Section        0  stm32f10x_gpio.o(i.GPIO_ResetBits)
    i.GPIO_SetBits                           0x08000a2c   Section        0  stm32f10x_gpio.o(i.GPIO_SetBits)
    i.GPIO_WriteBit                          0x08000a30   Section        0  stm32f10x_gpio.o(i.GPIO_WriteBit)
    i.HardFault_Handler                      0x08000a3a   Section        0  stm32f10x_it.o(i.HardFault_Handler)
    i.I2S_Cmd                                0x08000a3c   Section        0  stm32f10x_spi.o(i.I2S_Cmd)
    i.I2S_Init                               0x08000a50   Section        0  stm32f10x_spi.o(i.I2S_Init)
    i.MX_USART1_Init                         0x08000ae8   Section        0  usart.o(i.MX_USART1_Init)
    i.MemManage_Handler                      0x08000ba8   Section        0  stm32f10x_it.o(i.MemManage_Handler)
    i.NMI_Handler                            0x08000baa   Section        0  stm32f10x_it.o(i.NMI_Handler)
    i.NVIC_Init                              0x08000bac   Section        0  misc.o(i.NVIC_Init)
    i.NVIC_PriorityGroupConfig               0x08000c10   Section        0  misc.o(i.NVIC_PriorityGroupConfig)
    i.PendSV_Handler                         0x08000c24   Section        0  stm32f10x_it.o(i.PendSV_Handler)
    i.RCC_AHBPeriphClockCmd                  0x08000c28   Section        0  stm32f10x_rcc.o(i.RCC_AHBPeriphClockCmd)
    i.RCC_APB1PeriphClockCmd                 0x08000c40   Section        0  stm32f10x_rcc.o(i.RCC_APB1PeriphClockCmd)
    i.RCC_APB1PeriphResetCmd                 0x08000c58   Section        0  stm32f10x_rcc.o(i.RCC_APB1PeriphResetCmd)
    i.RCC_APB2PeriphClockCmd                 0x08000c70   Section        0  stm32f10x_rcc.o(i.RCC_APB2PeriphClockCmd)
    i.RCC_APB2PeriphResetCmd                 0x08000c88   Section        0  stm32f10x_rcc.o(i.RCC_APB2PeriphResetCmd)
    i.RCC_GetClocksFreq                      0x08000ca0   Section        0  stm32f10x_rcc.o(i.RCC_GetClocksFreq)
    i.SPI_I2S_DMACmd                         0x08000d30   Section        0  stm32f10x_spi.o(i.SPI_I2S_DMACmd)
    i.SPI_I2S_DeInit                         0x08000d40   Section        0  stm32f10x_spi.o(i.SPI_I2S_DeInit)
    i.SPI_I2S_GetFlagStatus                  0x08000d94   Section        0  stm32f10x_spi.o(i.SPI_I2S_GetFlagStatus)
    i.SPI_I2S_ReceiveData                    0x08000da2   Section        0  stm32f10x_spi.o(i.SPI_I2S_ReceiveData)
    i.SPI_I2S_SendData                       0x08000da6   Section        0  stm32f10x_spi.o(i.SPI_I2S_SendData)
    i.SVC_Handler                            0x08000daa   Section        0  stm32f10x_it.o(i.SVC_Handler)
    i.SetSysClockTo72                        0x08000dac   Section        0  system_stm32f10x.o(i.SetSysClockTo72)
    SetSysClockTo72                          0x08000dad   Thumb Code   160  system_stm32f10x.o(i.SetSysClockTo72)
    i.SysTick_CLKSourceConfig                0x08000e54   Section        0  misc.o(i.SysTick_CLKSourceConfig)
    i.SysTick_Handler                        0x08000e6c   Section        0  stm32f10x_it.o(i.SysTick_Handler)
    i.SystemInit                             0x08000e70   Section        0  system_stm32f10x.o(i.SystemInit)
    i.USART1_IRQHandler                      0x08000ec0   Section        0  usart.o(i.USART1_IRQHandler)
    i.USART_Cmd                              0x08000f18   Section        0  stm32f10x_usart.o(i.USART_Cmd)
    i.USART_GetITStatus                      0x08000f2c   Section        0  stm32f10x_usart.o(i.USART_GetITStatus)
    i.USART_ITConfig                         0x08000f6a   Section        0  stm32f10x_usart.o(i.USART_ITConfig)
    i.USART_Init                             0x08000f9c   Section        0  stm32f10x_usart.o(i.USART_Init)
    i.USART_ReceiveData                      0x08001048   Section        0  stm32f10x_usart.o(i.USART_ReceiveData)
    i.UsageFault_Handler                     0x08001050   Section        0  stm32f10x_it.o(i.UsageFault_Handler)
    i._is_digit                              0x08001052   Section        0  __printf_wp.o(i._is_digit)
    i._sys_exit                              0x08001060   Section        0  usart.o(i._sys_exit)
    i.audio_delay_short                      0x08001062   Section        0  record_board_audio.o(i.audio_delay_short)
    audio_delay_short                        0x08001063   Thumb Code    18  record_board_audio.o(i.audio_delay_short)
    i.audio_record_demo_once                 0x08001074   Section        0  record_audio_record.o(i.audio_record_demo_once)
    i.audio_record_get_debug_info            0x080010dc   Section        0  record_audio_record.o(i.audio_record_get_debug_info)
    i.board_audio_apply_volume               0x080010e4   Section        0  record_board_audio.o(i.board_audio_apply_volume)
    board_audio_apply_volume                 0x080010e5   Thumb Code    34  record_board_audio.o(i.board_audio_apply_volume)
    i.board_audio_capture_debug_regs         0x0800110c   Section        0  record_board_audio.o(i.board_audio_capture_debug_regs)
    board_audio_capture_debug_regs           0x0800110d   Thumb Code   564  record_board_audio.o(i.board_audio_capture_debug_regs)
    i.board_audio_capture_pcm                0x08001358   Section        0  record_board_audio.o(i.board_audio_capture_pcm)
    i.board_audio_codec_init_playback        0x080013cc   Section        0  record_board_audio.o(i.board_audio_codec_init_playback)
    board_audio_codec_init_playback          0x080013cd   Thumb Code   350  record_board_audio.o(i.board_audio_codec_init_playback)
    i.board_audio_codec_init_record          0x0800152a   Section        0  record_board_audio.o(i.board_audio_codec_init_record)
    board_audio_codec_init_record            0x0800152b   Thumb Code   256  record_board_audio.o(i.board_audio_codec_init_record)
    i.board_audio_dma_read_index             0x0800162c   Section        0  record_board_audio.o(i.board_audio_dma_read_index)
    board_audio_dma_read_index               0x0800162d   Thumb Code    34  record_board_audio.o(i.board_audio_dma_read_index)
    i.board_audio_dma_recover_if_underrun    0x08001658   Section        0  record_board_audio.o(i.board_audio_dma_recover_if_underrun)
    board_audio_dma_recover_if_underrun      0x08001659   Thumb Code    46  record_board_audio.o(i.board_audio_dma_recover_if_underrun)
    i.board_audio_dma_start                  0x08001690   Section        0  record_board_audio.o(i.board_audio_dma_start)
    board_audio_dma_start                    0x08001691   Thumb Code   140  record_board_audio.o(i.board_audio_dma_start)
    i.board_audio_dma_stop                   0x0800172c   Section        0  record_board_audio.o(i.board_audio_dma_stop)
    board_audio_dma_stop                     0x0800172d   Thumb Code    38  record_board_audio.o(i.board_audio_dma_stop)
    i.board_audio_dma_update_read_total      0x08001760   Section        0  record_board_audio.o(i.board_audio_dma_update_read_total)
    board_audio_dma_update_read_total        0x08001761   Thumb Code    32  record_board_audio.o(i.board_audio_dma_update_read_total)
    i.board_audio_dma_used_halfwords         0x08001784   Section        0  record_board_audio.o(i.board_audio_dma_used_halfwords)
    board_audio_dma_used_halfwords           0x08001785   Thumb Code    22  record_board_audio.o(i.board_audio_dma_used_halfwords)
    i.board_audio_dma_write_frame            0x080017a0   Section        0  record_board_audio.o(i.board_audio_dma_write_frame)
    board_audio_dma_write_frame              0x080017a1   Thumb Code   112  record_board_audio.o(i.board_audio_dma_write_frame)
    i.board_audio_get_debug_info             0x0800181c   Section        0  record_board_audio.o(i.board_audio_get_debug_info)
    i.board_audio_gpio_init                  0x08001824   Section        0  record_board_audio.o(i.board_audio_gpio_init)
    board_audio_gpio_init                    0x08001825   Thumb Code   188  record_board_audio.o(i.board_audio_gpio_init)
    i.board_audio_i2s_init_rx_rate           0x080018f0   Section        0  record_board_audio.o(i.board_audio_i2s_init_rx_rate)
    board_audio_i2s_init_rx_rate             0x080018f1   Thumb Code   180  record_board_audio.o(i.board_audio_i2s_init_rx_rate)
    i.board_audio_i2s_init_tx_rate           0x080019ac   Section        0  record_board_audio.o(i.board_audio_i2s_init_tx_rate)
    board_audio_i2s_init_tx_rate             0x080019ad   Thumb Code   110  record_board_audio.o(i.board_audio_i2s_init_tx_rate)
    i.board_audio_init_playback              0x08001a24   Section        0  record_board_audio.o(i.board_audio_init_playback)
    i.board_audio_init_record_rate           0x08001a74   Section        0  record_board_audio.o(i.board_audio_init_record_rate)
    i.board_audio_play_pcm                   0x08001ae0   Section        0  record_board_audio.o(i.board_audio_play_pcm)
    i.board_audio_read_word                  0x08001b9c   Section        0  record_board_audio.o(i.board_audio_read_word)
    board_audio_read_word                    0x08001b9d   Thumb Code    26  record_board_audio.o(i.board_audio_read_word)
    i.board_audio_reset_debug                0x08001bbc   Section        0  record_board_audio.o(i.board_audio_reset_debug)
    board_audio_reset_debug                  0x08001bbd   Thumb Code    26  record_board_audio.o(i.board_audio_reset_debug)
    i.board_audio_set_sample_rate            0x08001bdc   Section        0  record_board_audio.o(i.board_audio_set_sample_rate)
    i.board_audio_update_dma_debug           0x08001bf4   Section        0  record_board_audio.o(i.board_audio_update_dma_debug)
    board_audio_update_dma_debug             0x08001bf5   Thumb Code    24  record_board_audio.o(i.board_audio_update_dma_debug)
    i.board_audio_write_word                 0x08001c14   Section        0  record_board_audio.o(i.board_audio_write_word)
    board_audio_write_word                   0x08001c15   Thumb Code    30  record_board_audio.o(i.board_audio_write_word)
    i.delay_Init                             0x08001c38   Section        0  delay.o(i.delay_Init)
    i.delay_ms                               0x08001c40   Section        0  delay.o(i.delay_ms)
    i.dump_board_audio_debug                 0x08001c6c   Section        0  record_main.o(i.dump_board_audio_debug)
    dump_board_audio_debug                   0x08001c6d   Thumb Code   236  record_main.o(i.dump_board_audio_debug)
    i.es8311_probe                           0x08001d68   Section        0  record_board_audio.o(i.es8311_probe)
    es8311_probe                             0x08001d69   Thumb Code    50  record_board_audio.o(i.es8311_probe)
    i.es8311_probe_addr                      0x08001da4   Section        0  record_board_audio.o(i.es8311_probe_addr)
    es8311_probe_addr                        0x08001da5   Thumb Code    22  record_board_audio.o(i.es8311_probe_addr)
    i.es8311_read_reg                        0x08001dbc   Section        0  record_board_audio.o(i.es8311_read_reg)
    es8311_read_reg                          0x08001dbd   Thumb Code   124  record_board_audio.o(i.es8311_read_reg)
    i.es8311_write_reg                       0x08001e40   Section        0  record_board_audio.o(i.es8311_write_reg)
    es8311_write_reg                         0x08001e41   Thumb Code    26  record_board_audio.o(i.es8311_write_reg)
    i.es8311_write_reg_to                    0x08001e64   Section        0  record_board_audio.o(i.es8311_write_reg_to)
    es8311_write_reg_to                      0x08001e65   Thumb Code    48  record_board_audio.o(i.es8311_write_reg_to)
    i.fputc                                  0x08001e94   Section        0  usart.o(i.fputc)
    i.i2c_scl_high                           0x08001eac   Section        0  record_board_audio.o(i.i2c_scl_high)
    i2c_scl_high                             0x08001ead   Thumb Code    18  record_board_audio.o(i.i2c_scl_high)
    i.i2c_scl_low                            0x08001ec4   Section        0  record_board_audio.o(i.i2c_scl_low)
    i2c_scl_low                              0x08001ec5   Thumb Code    18  record_board_audio.o(i.i2c_scl_low)
    i.i2c_sda_high                           0x08001edc   Section        0  record_board_audio.o(i.i2c_sda_high)
    i2c_sda_high                             0x08001edd   Thumb Code    18  record_board_audio.o(i.i2c_sda_high)
    i.i2c_sda_low                            0x08001ef4   Section        0  record_board_audio.o(i.i2c_sda_low)
    i2c_sda_low                              0x08001ef5   Thumb Code    18  record_board_audio.o(i.i2c_sda_low)
    i.i2c_sda_read                           0x08001f0c   Section        0  record_board_audio.o(i.i2c_sda_read)
    i2c_sda_read                             0x08001f0d   Thumb Code     8  record_board_audio.o(i.i2c_sda_read)
    i.i2c_start                              0x08001f18   Section        0  record_board_audio.o(i.i2c_start)
    i2c_start                                0x08001f19   Thumb Code    22  record_board_audio.o(i.i2c_start)
    i.i2c_stop                               0x08001f2e   Section        0  record_board_audio.o(i.i2c_stop)
    i2c_stop                                 0x08001f2f   Thumb Code    18  record_board_audio.o(i.i2c_stop)
    i.i2c_write_byte                         0x08001f40   Section        0  record_board_audio.o(i.i2c_write_byte)
    i2c_write_byte                           0x08001f41   Thumb Code    68  record_board_audio.o(i.i2c_write_byte)
    i.main                                   0x08001f84   Section        0  record_main.o(i.main)
    .constdata                               0x08002110   Section       40  _printf_hex_int.o(.constdata)
    uc_hextab                                0x08002110   Data          20  _printf_hex_int.o(.constdata)
    lc_hextab                                0x08002124   Data          20  _printf_hex_int.o(.constdata)
    .constdata                               0x08002138   Section       17  __printf_flags_ss_wp.o(.constdata)
    maptable                                 0x08002138   Data          17  __printf_flags_ss_wp.o(.constdata)
    .conststring                             0x0800214c   Section      717  record_main.o(.conststring)
    .data                                    0x20000000   Section        1  exti.o(.data)
    .data                                    0x20000001   Section        2  usart.o(.data)
    .data                                    0x20000004   Section        4  usart.o(.data)
    .data                                    0x20000008   Section       32  record_board_audio.o(.data)
    g_es8311_addr_write                      0x20000008   Data           1  record_board_audio.o(.data)
    g_audio_dma_write_index                  0x2000000c   Data           4  record_board_audio.o(.data)
    g_audio_dma_last_read_index              0x20000010   Data           4  record_board_audio.o(.data)
    g_audio_dma_read_wraps                   0x20000014   Data           4  record_board_audio.o(.data)
    g_audio_dma_read_total                   0x20000018   Data           4  record_board_audio.o(.data)
    g_audio_dma_write_total                  0x2000001c   Data           4  record_board_audio.o(.data)
    g_audio_dma_started                      0x20000020   Data           4  record_board_audio.o(.data)
    g_audio_dma_underruns                    0x20000024   Data           4  record_board_audio.o(.data)
    .data                                    0x20000028   Section       20  stm32f10x_rcc.o(.data)
    ADCPrescTable                            0x20000028   Data           4  stm32f10x_rcc.o(.data)
    APBAHBPrescTable                         0x2000002c   Data          16  stm32f10x_rcc.o(.data)
    .bss                                     0x2000003c   Section      128  usart.o(.bss)
    .bss                                     0x200000bc   Section    16016  record_audio_record.o(.bss)
    g_record_buffer                          0x200000bc   Data       16000  record_audio_record.o(.bss)
    g_record_debug                           0x20003f3c   Data          16  record_audio_record.o(.bss)
    .bss                                     0x20003f4c   Section     8400  record_board_audio.o(.bss)
    g_audio_dma_buffer                       0x20003f4c   Data        8192  record_board_audio.o(.bss)
    g_audio_debug                            0x20005f4c   Data         208  record_board_audio.o(.bss)
    .bss                                     0x2000601c   Section       96  libspace.o(.bss)
    HEAP                                     0x20006080   Section      512  startup_stm32f10x_hd.o(HEAP)
    Heap_Mem                                 0x20006080   Data         512  startup_stm32f10x_hd.o(HEAP)
    STACK                                    0x20006280   Section     8192  startup_stm32f10x_hd.o(STACK)
    Stack_Mem                                0x20006280   Data        8192  startup_stm32f10x_hd.o(STACK)
    __initial_sp                             0x20008280   Data           0  startup_stm32f10x_hd.o(STACK)

    Global Symbols

    Symbol Name                              Value     Ov Type        Size  Object(Section)

    BuildAttributes$$THM_ISAv4$P$D$K$B$S$PE$A:L22UL41UL21$X:L11$S22US41US21$IEEE1$IW$USESV6$~STKCKD$USESV7$~SHL$OSPACE$ROPI$EBA8$UX$STANDARDLIB$REQ8$PRES8$EABIv2 0x00000000   Number         0  anon$$obj.o ABSOLUTE
    __ARM_use_no_argv                        0x00000000   Number         0  record_main.o ABSOLUTE
    _printf_flags                            0x00000000   Number         0  printf_stubs.o ABSOLUTE
    _printf_return_value                     0x00000000   Number         0  printf_stubs.o ABSOLUTE
    _printf_sizespec                         0x00000000   Number         0  printf_stubs.o ABSOLUTE
    _printf_widthprec                        0x00000000   Number         0  printf_stubs.o ABSOLUTE
    __ARM_exceptions_init                     - Undefined Weak Reference
    __alloca_initialize                       - Undefined Weak Reference
    __arm_fini_                               - Undefined Weak Reference
    __arm_preinit_                            - Undefined Weak Reference
    __cpp_initialize__aeabi_                  - Undefined Weak Reference
    __cxa_finalize                            - Undefined Weak Reference
    __rt_locale                               - Undefined Weak Reference
    __sigvec_lookup                           - Undefined Weak Reference
    _atexit_init                              - Undefined Weak Reference
    _call_atexit_fns                          - Undefined Weak Reference
    _clock_init                               - Undefined Weak Reference
    _fp_trap_init                             - Undefined Weak Reference
    _fp_trap_shutdown                         - Undefined Weak Reference
    _get_lc_collate                           - Undefined Weak Reference
    _get_lc_ctype                             - Undefined Weak Reference
    _get_lc_monetary                          - Undefined Weak Reference
    _get_lc_numeric                           - Undefined Weak Reference
    _get_lc_time                              - Undefined Weak Reference
    _getenv_init                              - Undefined Weak Reference
    _handle_redirection                       - Undefined Weak Reference
    _init_alloc                               - Undefined Weak Reference
    _init_user_alloc                          - Undefined Weak Reference
    _initio                                   - Undefined Weak Reference
    _mutex_acquire                            - Undefined Weak Reference
    _mutex_release                            - Undefined Weak Reference
    _printf_mbtowc                            - Undefined Weak Reference
    _printf_truncate_signed                   - Undefined Weak Reference
    _printf_truncate_unsigned                 - Undefined Weak Reference
    _rand_init                                - Undefined Weak Reference
    _signal_finish                            - Undefined Weak Reference
    _signal_init                              - Undefined Weak Reference
    _terminate_alloc                          - Undefined Weak Reference
    _terminate_user_alloc                     - Undefined Weak Reference
    _terminateio                              - Undefined Weak Reference
    __Vectors_Size                           0x00000130   Number         0  startup_stm32f10x_hd.o ABSOLUTE
    __Vectors                                0x08000000   Data           4  startup_stm32f10x_hd.o(RESET)
    __Vectors_End                            0x08000130   Data           0  startup_stm32f10x_hd.o(RESET)
    __main                                   0x08000131   Thumb Code     8  __main.o(!!!main)
    __scatterload                            0x08000139   Thumb Code     0  __scatter.o(!!!scatter)
    __scatterload_rt2                        0x08000139   Thumb Code    44  __scatter.o(!!!scatter)
    __scatterload_rt2_thumb_only             0x08000139   Thumb Code     0  __scatter.o(!!!scatter)
    __scatterload_null                       0x08000147   Thumb Code     0  __scatter.o(!!!scatter)
    __scatterload_copy                       0x0800016d   Thumb Code    26  __scatter_copy.o(!!handler_copy)
    __scatterload_zeroinit                   0x08000189   Thumb Code    28  __scatter_zi.o(!!handler_zi)
    _printf_d                                0x080001a5   Thumb Code     0  _printf_d.o(.ARM.Collect$$_printf_percent$$00000009)
    _printf_percent                          0x080001a5   Thumb Code     0  _printf_percent.o(.ARM.Collect$$_printf_percent$$00000000)
    _printf_u                                0x080001ab   Thumb Code     0  _printf_u.o(.ARM.Collect$$_printf_percent$$0000000A)
    _printf_x                                0x080001b1   Thumb Code     0  _printf_x.o(.ARM.Collect$$_printf_percent$$0000000C)
    _printf_s                                0x080001b7   Thumb Code     0  _printf_s.o(.ARM.Collect$$_printf_percent$$00000014)
    _printf_percent_end                      0x080001bd   Thumb Code     0  _printf_percent_end.o(.ARM.Collect$$_printf_percent$$00000017)
    __rt_lib_init                            0x080001c1   Thumb Code     0  libinit.o(.ARM.Collect$$libinit$$00000000)
    __rt_lib_init_alloca_1                   0x080001c3   Thumb Code     0  libinit2.o(.ARM.Collect$$libinit$$0000002E)
    __rt_lib_init_argv_1                     0x080001c3   Thumb Code     0  libinit2.o(.ARM.Collect$$libinit$$0000002C)
    __rt_lib_init_atexit_1                   0x080001c3   Thumb Code     0  libinit2.o(.ARM.Collect$$libinit$$0000001B)
    __rt_lib_init_clock_1                    0x080001c3   Thumb Code     0  libinit2.o(.ARM.Collect$$libinit$$00000021)
    __rt_lib_init_cpp_1                      0x080001c3   Thumb Code     0  libinit2.o(.ARM.Collect$$libinit$$00000032)
    __rt_lib_init_exceptions_1               0x080001c3   Thumb Code     0  libinit2.o(.ARM.Collect$$libinit$$00000030)
    __rt_lib_init_fp_1                       0x080001c3   Thumb Code     0  libinit2.o(.ARM.Collect$$libinit$$00000002)
    __rt_lib_init_fp_trap_1                  0x080001c3   Thumb Code     0  libinit2.o(.ARM.Collect$$libinit$$0000001F)
    __rt_lib_init_getenv_1                   0x080001c3   Thumb Code     0  libinit2.o(.ARM.Collect$$libinit$$00000023)
    __rt_lib_init_heap_1                     0x080001c3   Thumb Code     0  libinit2.o(.ARM.Collect$$libinit$$0000000A)
    __rt_lib_init_lc_collate_1               0x080001c3   Thumb Code     0  libinit2.o(.ARM.Collect$$libinit$$00000011)
    __rt_lib_init_lc_ctype_1                 0x080001c3   Thumb Code     0  libinit2.o(.ARM.Collect$$libinit$$00000013)
    __rt_lib_init_lc_monetary_1              0x080001c3   Thumb Code     0  libinit2.o(.ARM.Collect$$libinit$$00000015)
    __rt_lib_init_lc_numeric_1               0x080001c3   Thumb Code     0  libinit2.o(.ARM.Collect$$libinit$$00000017)
    __rt_lib_init_lc_time_1                  0x080001c3   Thumb Code     0  libinit2.o(.ARM.Collect$$libinit$$00000019)
    __rt_lib_init_preinit_1                  0x080001c3   Thumb Code     0  libinit2.o(.ARM.Collect$$libinit$$00000004)
    __rt_lib_init_rand_1                     0x080001c3   Thumb Code     0  libinit2.o(.ARM.Collect$$libinit$$0000000E)
    __rt_lib_init_return                     0x080001c3   Thumb Code     0  libinit2.o(.ARM.Collect$$libinit$$00000033)
    __rt_lib_init_signal_1                   0x080001c3   Thumb Code     0  libinit2.o(.ARM.Collect$$libinit$$0000001D)
    __rt_lib_init_stdio_1                    0x080001c3   Thumb Code     0  libinit2.o(.ARM.Collect$$libinit$$00000025)
    __rt_lib_init_user_alloc_1               0x080001c3   Thumb Code     0  libinit2.o(.ARM.Collect$$libinit$$0000000C)
    __rt_lib_shutdown                        0x080001c5   Thumb Code     0  libshutdown.o(.ARM.Collect$$libshutdown$$00000000)
    __rt_lib_shutdown_cpp_1                  0x080001c7   Thumb Code     0  libshutdown2.o(.ARM.Collect$$libshutdown$$00000004)
    __rt_lib_shutdown_fini_1                 0x080001c7   Thumb Code     0  libshutdown2.o(.ARM.Collect$$libshutdown$$00000002)
    __rt_lib_shutdown_fp_trap_1              0x080001c7   Thumb Code     0  libshutdown2.o(.ARM.Collect$$libshutdown$$00000009)
    __rt_lib_shutdown_heap_1                 0x080001c7   Thumb Code     0  libshutdown2.o(.ARM.Collect$$libshutdown$$00000011)
    __rt_lib_shutdown_return                 0x080001c7   Thumb Code     0  libshutdown2.o(.ARM.Collect$$libshutdown$$00000012)
    __rt_lib_shutdown_signal_1               0x080001c7   Thumb Code     0  libshutdown2.o(.ARM.Collect$$libshutdown$$0000000C)
    __rt_lib_shutdown_stdio_1                0x080001c7   Thumb Code     0  libshutdown2.o(.ARM.Collect$$libshutdown$$00000006)
    __rt_lib_shutdown_user_alloc_1           0x080001c7   Thumb Code     0  libshutdown2.o(.ARM.Collect$$libshutdown$$0000000E)
    __rt_entry                               0x080001c9   Thumb Code     0  __rtentry.o(.ARM.Collect$$rtentry$$00000000)
    __rt_entry_presh_1                       0x080001c9   Thumb Code     0  __rtentry2.o(.ARM.Collect$$rtentry$$00000002)
    __rt_entry_sh                            0x080001c9   Thumb Code     0  __rtentry4.o(.ARM.Collect$$rtentry$$00000004)
    __rt_entry_li                            0x080001cf   Thumb Code     0  __rtentry2.o(.ARM.Collect$$rtentry$$0000000A)
    __rt_entry_postsh_1                      0x080001cf   Thumb Code     0  __rtentry2.o(.ARM.Collect$$rtentry$$00000009)
    __rt_entry_main                          0x080001d3   Thumb Code     0  __rtentry2.o(.ARM.Collect$$rtentry$$0000000D)
    __rt_entry_postli_1                      0x080001d3   Thumb Code     0  __rtentry2.o(.ARM.Collect$$rtentry$$0000000C)
    __rt_exit                                0x080001db   Thumb Code     0  rtexit.o(.ARM.Collect$$rtexit$$00000000)
    __rt_exit_ls                             0x080001dd   Thumb Code     0  rtexit2.o(.ARM.Collect$$rtexit$$00000003)
    __rt_exit_prels_1                        0x080001dd   Thumb Code     0  rtexit2.o(.ARM.Collect$$rtexit$$00000002)
    __rt_exit_exit                           0x080001e1   Thumb Code     0  rtexit2.o(.ARM.Collect$$rtexit$$00000004)
    Reset_Handler                            0x080001e9   Thumb Code     8  startup_stm32f10x_hd.o(.text)
    ADC1_2_IRQHandler                        0x08000203   Thumb Code     0  startup_stm32f10x_hd.o(.text)
    ADC3_IRQHandler                          0x08000203   Thumb Code     0  startup_stm32f10x_hd.o(.text)
    CAN1_RX1_IRQHandler                      0x08000203   Thumb Code     0  startup_stm32f10x_hd.o(.text)
    CAN1_SCE_IRQHandler                      0x08000203   Thumb Code     0  startup_stm32f10x_hd.o(.text)
    DMA1_Channel1_IRQHandler                 0x08000203   Thumb Code     0  startup_stm32f10x_hd.o(.text)
    DMA1_Channel2_IRQHandler                 0x08000203   Thumb Code     0  startup_stm32f10x_hd.o(.text)
    DMA1_Channel3_IRQHandler                 0x08000203   Thumb Code     0  startup_stm32f10x_hd.o(.text)
    DMA1_Channel4_IRQHandler                 0x08000203   Thumb Code     0  startup_stm32f10x_hd.o(.text)
    DMA1_Channel5_IRQHandler                 0x08000203   Thumb Code     0  startup_stm32f10x_hd.o(.text)
    DMA1_Channel6_IRQHandler                 0x08000203   Thumb Code     0  startup_stm32f10x_hd.o(.text)
    DMA1_Channel7_IRQHandler                 0x08000203   Thumb Code     0  startup_stm32f10x_hd.o(.text)
    DMA2_Channel1_IRQHandler                 0x08000203   Thumb Code     0  startup_stm32f10x_hd.o(.text)
    DMA2_Channel2_IRQHandler                 0x08000203   Thumb Code     0  startup_stm32f10x_hd.o(.text)
    DMA2_Channel3_IRQHandler                 0x08000203   Thumb Code     0  startup_stm32f10x_hd.o(.text)
    DMA2_Channel4_5_IRQHandler               0x08000203   Thumb Code     0  startup_stm32f10x_hd.o(.text)
    EXTI0_IRQHandler                         0x08000203   Thumb Code     0  startup_stm32f10x_hd.o(.text)
    EXTI15_10_IRQHandler                     0x08000203   Thumb Code     0  startup_stm32f10x_hd.o(.text)
    EXTI2_IRQHandler                         0x08000203   Thumb Code     0  startup_stm32f10x_hd.o(.text)
    EXTI3_IRQHandler                         0x08000203   Thumb Code     0  startup_stm32f10x_hd.o(.text)
    EXTI4_IRQHandler                         0x08000203   Thumb Code     0  startup_stm32f10x_hd.o(.text)
    EXTI9_5_IRQHandler                       0x08000203   Thumb Code     0  startup_stm32f10x_hd.o(.text)
    FLASH_IRQHandler                         0x08000203   Thumb Code     0  startup_stm32f10x_hd.o(.text)
    FSMC_IRQHandler                          0x08000203   Thumb Code     0  startup_stm32f10x_hd.o(.text)
    I2C1_ER_IRQHandler                       0x08000203   Thumb Code     0  startup_stm32f10x_hd.o(.text)
    I2C1_EV_IRQHandler                       0x08000203   Thumb Code     0  startup_stm32f10x_hd.o(.text)
    I2C2_ER_IRQHandler                       0x08000203   Thumb Code     0  startup_stm32f10x_hd.o(.text)
    I2C2_EV_IRQHandler                       0x08000203   Thumb Code     0  startup_stm32f10x_hd.o(.text)
    PVD_IRQHandler                           0x08000203   Thumb Code     0  startup_stm32f10x_hd.o(.text)
    RCC_IRQHandler                           0x08000203   Thumb Code     0  startup_stm32f10x_hd.o(.text)
    RTCAlarm_IRQHandler                      0x08000203   Thumb Code     0  startup_stm32f10x_hd.o(.text)
    RTC_IRQHandler                           0x08000203   Thumb Code     0  startup_stm32f10x_hd.o(.text)
    SDIO_IRQHandler                          0x08000203   Thumb Code     0  startup_stm32f10x_hd.o(.text)
    SPI1_IRQHandler                          0x08000203   Thumb Code     0  startup_stm32f10x_hd.o(.text)
    SPI2_IRQHandler                          0x08000203   Thumb Code     0  startup_stm32f10x_hd.o(.text)
    SPI3_IRQHandler                          0x08000203   Thumb Code     0  startup_stm32f10x_hd.o(.text)
    TAMPER_IRQHandler                        0x08000203   Thumb Code     0  startup_stm32f10x_hd.o(.text)
    TIM1_BRK_IRQHandler                      0x08000203   Thumb Code     0  startup_stm32f10x_hd.o(.text)
    TIM1_CC_IRQHandler                       0x08000203   Thumb Code     0  startup_stm32f10x_hd.o(.text)
    TIM1_TRG_COM_IRQHandler                  0x08000203   Thumb Code     0  startup_stm32f10x_hd.o(.text)
    TIM1_UP_IRQHandler                       0x08000203   Thumb Code     0  startup_stm32f10x_hd.o(.text)
    TIM2_IRQHandler                          0x08000203   Thumb Code     0  startup_stm32f10x_hd.o(.text)
    TIM3_IRQHandler                          0x08000203   Thumb Code     0  startup_stm32f10x_hd.o(.text)
    TIM4_IRQHandler                          0x08000203   Thumb Code     0  startup_stm32f10x_hd.o(.text)
    TIM5_IRQHandler                          0x08000203   Thumb Code     0  startup_stm32f10x_hd.o(.text)
    TIM6_IRQHandler                          0x08000203   Thumb Code     0  startup_stm32f10x_hd.o(.text)
    TIM7_IRQHandler                          0x08000203   Thumb Code     0  startup_stm32f10x_hd.o(.text)
    TIM8_BRK_IRQHandler                      0x08000203   Thumb Code     0  startup_stm32f10x_hd.o(.text)
    TIM8_CC_IRQHandler                       0x08000203   Thumb Code     0  startup_stm32f10x_hd.o(.text)
    TIM8_TRG_COM_IRQHandler                  0x08000203   Thumb Code     0  startup_stm32f10x_hd.o(.text)
    TIM8_UP_IRQHandler                       0x08000203   Thumb Code     0  startup_stm32f10x_hd.o(.text)
    UART4_IRQHandler                         0x08000203   Thumb Code     0  startup_stm32f10x_hd.o(.text)
    UART5_IRQHandler                         0x08000203   Thumb Code     0  startup_stm32f10x_hd.o(.text)
    USART2_IRQHandler                        0x08000203   Thumb Code     0  startup_stm32f10x_hd.o(.text)
    USART3_IRQHandler                        0x08000203   Thumb Code     0  startup_stm32f10x_hd.o(.text)
    USBWakeUp_IRQHandler                     0x08000203   Thumb Code     0  startup_stm32f10x_hd.o(.text)
    USB_HP_CAN1_TX_IRQHandler                0x08000203   Thumb Code     0  startup_stm32f10x_hd.o(.text)
    USB_LP_CAN1_RX0_IRQHandler               0x08000203   Thumb Code     0  startup_stm32f10x_hd.o(.text)
    WWDG_IRQHandler                          0x08000203   Thumb Code     0  startup_stm32f10x_hd.o(.text)
    __user_initial_stackheap                 0x08000205   Thumb Code     0  startup_stm32f10x_hd.o(.text)
    __use_no_semihosting                     0x08000229   Thumb Code     2  use_no_semi_2.o(.text)
    __2printf                                0x0800022d   Thumb Code    20  noretval__2printf.o(.text)
    _printf_pre_padding                      0x08000245   Thumb Code    44  _printf_pad.o(.text)
    _printf_post_padding                     0x08000271   Thumb Code    34  _printf_pad.o(.text)
    _printf_str                              0x08000293   Thumb Code    82  _printf_str.o(.text)
    _printf_int_dec                          0x080002e5   Thumb Code   104  _printf_dec.o(.text)
    _printf_int_hex                          0x0800035d   Thumb Code    84  _printf_hex_int.o(.text)
    _printf_longlong_hex                     0x0800035d   Thumb Code     0  _printf_hex_int.o(.text)
    __printf                                 0x080003b5   Thumb Code   388  __printf_flags_ss_wp.o(.text)
    __aeabi_memclr                           0x0800053d   Thumb Code     0  rt_memclr.o(.text)
    __rt_memclr                              0x0800053d   Thumb Code    68  rt_memclr.o(.text)
    _memset                                  0x08000541   Thumb Code     0  rt_memclr.o(.text)
    __aeabi_memclr4                          0x08000581   Thumb Code     0  rt_memclr_w.o(.text)
    __aeabi_memclr8                          0x08000581   Thumb Code     0  rt_memclr_w.o(.text)
    __rt_memclr_w                            0x08000581   Thumb Code    78  rt_memclr_w.o(.text)
    _memset_w                                0x08000585   Thumb Code     0  rt_memclr_w.o(.text)
    __use_two_region_memory                  0x080005cf   Thumb Code     2  heapauxi.o(.text)
    __rt_heap_escrow$2region                 0x080005d1   Thumb Code     2  heapauxi.o(.text)
    __rt_heap_expand$2region                 0x080005d3   Thumb Code     2  heapauxi.o(.text)
    __I$use$semihosting                      0x080005d5   Thumb Code     0  use_no_semi.o(.text)
    __use_no_semihosting_swi                 0x080005d5   Thumb Code     2  use_no_semi.o(.text)
    _printf_int_common                       0x080005d7   Thumb Code   178  _printf_intcommon.o(.text)
    _printf_cs_common                        0x08000689   Thumb Code    20  _printf_char.o(.text)
    _printf_char                             0x0800069d   Thumb Code    16  _printf_char.o(.text)
    _printf_string                           0x080006ad   Thumb Code     8  _printf_char.o(.text)
    _printf_char_file                        0x080006b5   Thumb Code    32  _printf_char_file.o(.text)
    _printf_char_common                      0x080006e3   Thumb Code    32  _printf_char_common.o(.text)
    ferror                                   0x08000709   Thumb Code     8  ferror.o(.text)
    __user_setup_stackheap                   0x08000711   Thumb Code    74  sys_stackheap_outer.o(.text)
    exit                                     0x0800075b   Thumb Code    18  exit.o(.text)
    __user_libspace                          0x0800076d   Thumb Code     8  libspace.o(.text)
    __user_perproc_libspace                  0x0800076d   Thumb Code     0  libspace.o(.text)
    __user_perthread_libspace                0x0800076d   Thumb Code     0  libspace.o(.text)
    BusFault_Handler                         0x08000775   Thumb Code     2  stm32f10x_it.o(i.BusFault_Handler)
    DMA_Cmd                                  0x08000777   Thumb Code    22  stm32f10x_dma.o(i.DMA_Cmd)
    DMA_DeInit                               0x0800078d   Thumb Code   218  stm32f10x_dma.o(i.DMA_DeInit)
    DMA_GetCurrDataCounter                   0x08000871   Thumb Code     6  stm32f10x_dma.o(i.DMA_GetCurrDataCounter)
    DMA_Init                                 0x08000877   Thumb Code    58  stm32f10x_dma.o(i.DMA_Init)
    DebugMon_Handler                         0x080008b1   Thumb Code     2  stm32f10x_it.o(i.DebugMon_Handler)
    EXTI1_IRQHandler                         0x080008b5   Thumb Code    68  exti.o(i.EXTI1_IRQHandler)
    EXTI_ClearITPendingBit                   0x08000905   Thumb Code     6  stm32f10x_exti.o(i.EXTI_ClearITPendingBit)
    GPIO_Init                                0x08000911   Thumb Code   162  stm32f10x_gpio.o(i.GPIO_Init)
    GPIO_PinRemapConfig                      0x080009b5   Thumb Code    82  stm32f10x_gpio.o(i.GPIO_PinRemapConfig)
    GPIO_ReadInputDataBit                    0x08000a0d   Thumb Code    14  stm32f10x_gpio.o(i.GPIO_ReadInputDataBit)
    GPIO_ReadOutputDataBit                   0x08000a1b   Thumb Code    14  stm32f10x_gpio.o(i.GPIO_ReadOutputDataBit)
    GPIO_ResetBits                           0x08000a29   Thumb Code     4  stm32f10x_gpio.o(i.GPIO_ResetBits)
    GPIO_SetBits                             0x08000a2d   Thumb Code     4  stm32f10x_gpio.o(i.GPIO_SetBits)
    GPIO_WriteBit                            0x08000a31   Thumb Code    10  stm32f10x_gpio.o(i.GPIO_WriteBit)
    HardFault_Handler                        0x08000a3b   Thumb Code     2  stm32f10x_it.o(i.HardFault_Handler)
    I2S_Cmd                                  0x08000a3d   Thumb Code    20  stm32f10x_spi.o(i.I2S_Cmd)
    I2S_Init                                 0x08000a51   Thumb Code   152  stm32f10x_spi.o(i.I2S_Init)
    MX_USART1_Init                           0x08000ae9   Thumb Code   182  usart.o(i.MX_USART1_Init)
    MemManage_Handler                        0x08000ba9   Thumb Code     2  stm32f10x_it.o(i.MemManage_Handler)
    NMI_Handler                              0x08000bab   Thumb Code     2  stm32f10x_it.o(i.NMI_Handler)
    NVIC_Init                                0x08000bad   Thumb Code    94  misc.o(i.NVIC_Init)
    NVIC_PriorityGroupConfig                 0x08000c11   Thumb Code    10  misc.o(i.NVIC_PriorityGroupConfig)
    PendSV_Handler                           0x08000c25   Thumb Code     2  stm32f10x_it.o(i.PendSV_Handler)
    RCC_AHBPeriphClockCmd                    0x08000c29   Thumb Code    18  stm32f10x_rcc.o(i.RCC_AHBPeriphClockCmd)
    RCC_APB1PeriphClockCmd                   0x08000c41   Thumb Code    18  stm32f10x_rcc.o(i.RCC_APB1PeriphClockCmd)
    RCC_APB1PeriphResetCmd                   0x08000c59   Thumb Code    18  stm32f10x_rcc.o(i.RCC_APB1PeriphResetCmd)
    RCC_APB2PeriphClockCmd                   0x08000c71   Thumb Code    18  stm32f10x_rcc.o(i.RCC_APB2PeriphClockCmd)
    RCC_APB2PeriphResetCmd                   0x08000c89   Thumb Code    18  stm32f10x_rcc.o(i.RCC_APB2PeriphResetCmd)
    RCC_GetClocksFreq                        0x08000ca1   Thumb Code   128  stm32f10x_rcc.o(i.RCC_GetClocksFreq)
    SPI_I2S_DMACmd                           0x08000d31   Thumb Code    16  stm32f10x_spi.o(i.SPI_I2S_DMACmd)
    SPI_I2S_DeInit                           0x08000d41   Thumb Code    72  stm32f10x_spi.o(i.SPI_I2S_DeInit)
    SPI_I2S_GetFlagStatus                    0x08000d95   Thumb Code    14  stm32f10x_spi.o(i.SPI_I2S_GetFlagStatus)
    SPI_I2S_ReceiveData                      0x08000da3   Thumb Code     4  stm32f10x_spi.o(i.SPI_I2S_ReceiveData)
    SPI_I2S_SendData                         0x08000da7   Thumb Code     4  stm32f10x_spi.o(i.SPI_I2S_SendData)
    SVC_Handler                              0x08000dab   Thumb Code     2  stm32f10x_it.o(i.SVC_Handler)
    SysTick_CLKSourceConfig                  0x08000e55   Thumb Code    24  misc.o(i.SysTick_CLKSourceConfig)
    SysTick_Handler                          0x08000e6d   Thumb Code     2  stm32f10x_it.o(i.SysTick_Handler)
    SystemInit                               0x08000e71   Thumb Code    64  system_stm32f10x.o(i.SystemInit)
    USART1_IRQHandler                        0x08000ec1   Thumb Code    74  usart.o(i.USART1_IRQHandler)
    USART_Cmd                                0x08000f19   Thumb Code    20  stm32f10x_usart.o(i.USART_Cmd)
    USART_GetITStatus                        0x08000f2d   Thumb Code    62  stm32f10x_usart.o(i.USART_GetITStatus)
    USART_ITConfig                           0x08000f6b   Thumb Code    48  stm32f10x_usart.o(i.USART_ITConfig)
    USART_Init                               0x08000f9d   Thumb Code   166  stm32f10x_usart.o(i.USART_Init)
    USART_ReceiveData                        0x08001049   Thumb Code     8  stm32f10x_usart.o(i.USART_ReceiveData)
    UsageFault_Handler                       0x08001051   Thumb Code     2  stm32f10x_it.o(i.UsageFault_Handler)
    _is_digit                                0x08001053   Thumb Code    14  __printf_wp.o(i._is_digit)
    _sys_exit                                0x08001061   Thumb Code     2  usart.o(i._sys_exit)
    audio_record_demo_once                   0x08001075   Thumb Code    96  record_audio_record.o(i.audio_record_demo_once)
    audio_record_get_debug_info              0x080010dd   Thumb Code     4  record_audio_record.o(i.audio_record_get_debug_info)
    board_audio_capture_pcm                  0x08001359   Thumb Code   110  record_board_audio.o(i.board_audio_capture_pcm)
    board_audio_get_debug_info               0x0800181d   Thumb Code     4  record_board_audio.o(i.board_audio_get_debug_info)
    board_audio_init_playback                0x08001a25   Thumb Code    70  record_board_audio.o(i.board_audio_init_playback)
    board_audio_init_record_rate             0x08001a75   Thumb Code   100  record_board_audio.o(i.board_audio_init_record_rate)
    board_audio_play_pcm                     0x08001ae1   Thumb Code   174  record_board_audio.o(i.board_audio_play_pcm)
    board_audio_set_sample_rate              0x08001bdd   Thumb Code    18  record_board_audio.o(i.board_audio_set_sample_rate)
    delay_Init                               0x08001c39   Thumb Code     8  delay.o(i.delay_Init)
    delay_ms                                 0x08001c41   Thumb Code    42  delay.o(i.delay_ms)
    fputc                                    0x08001e95   Thumb Code    18  usart.o(i.fputc)
    main                                     0x08001f85   Thumb Code   112  record_main.o(i.main)
    Region$$Table$$Base                      0x0800241c   Number         0  anon$$obj.o(Region$$Table)
    Region$$Table$$Limit                     0x0800243c   Number         0  anon$$obj.o(Region$$Table)
    LED2_BitVal                              0x20000000   Data           1  exti.o(.data)
    U1Rx_LEN                                 0x20000001   Data           1  usart.o(.data)
    U1Rx_IDLE_FLAG                           0x20000002   Data           1  usart.o(.data)
    __stdout                                 0x20000004   Data           4  usart.o(.data)
    U1Rx_Data                                0x2000003c   Data         128  usart.o(.bss)
    __libspace_start                         0x2000601c   Data          96  libspace.o(.bss)
    __temporary_stack_top$libspace           0x2000607c   Data           0  libspace.o(.bss)



==============================================================================

Memory Map of the image

  Image Entry point : 0x08000131

  Load Region LR_IROM1 (Base: 0x08000000, Size: 0x00002478, Max: 0x00080000, ABSOLUTE)

    Execution Region ER_IROM1 (Exec base: 0x08000000, Load base: 0x08000000, Size: 0x0000243c, Max: 0x00080000, ABSOLUTE)

    Exec Addr    Load Addr    Size         Type   Attr      Idx    E Section Name        Object

    0x08000000   0x08000000   0x00000130   Data   RO           19    RESET               startup_stm32f10x_hd.o
    0x08000130   0x08000130   0x00000008   Code   RO         3646  * !!!main             c_w.l(__main.o)
    0x08000138   0x08000138   0x00000034   Code   RO         3818    !!!scatter          c_w.l(__scatter.o)
    0x0800016c   0x0800016c   0x0000001a   Code   RO         3820    !!handler_copy      c_w.l(__scatter_copy.o)
    0x08000186   0x08000186   0x00000002   PAD
    0x08000188   0x08000188   0x0000001c   Code   RO         3822    !!handler_zi        c_w.l(__scatter_zi.o)
    0x080001a4   0x080001a4   0x00000000   Code   RO         3639    .ARM.Collect$$_printf_percent$$00000000  c_w.l(_printf_percent.o)
    0x080001a4   0x080001a4   0x00000006   Code   RO         3637    .ARM.Collect$$_printf_percent$$00000009  c_w.l(_printf_d.o)
    0x080001aa   0x080001aa   0x00000006   Code   RO         3638    .ARM.Collect$$_printf_percent$$0000000A  c_w.l(_printf_u.o)
    0x080001b0   0x080001b0   0x00000006   Code   RO         3636    .ARM.Collect$$_printf_percent$$0000000C  c_w.l(_printf_x.o)
    0x080001b6   0x080001b6   0x00000006   Code   RO         3635    .ARM.Collect$$_printf_percent$$00000014  c_w.l(_printf_s.o)
    0x080001bc   0x080001bc   0x00000004   Code   RO         3657    .ARM.Collect$$_printf_percent$$00000017  c_w.l(_printf_percent_end.o)
    0x080001c0   0x080001c0   0x00000002   Code   RO         3690    .ARM.Collect$$libinit$$00000000  c_w.l(libinit.o)
    0x080001c2   0x080001c2   0x00000000   Code   RO         3697    .ARM.Collect$$libinit$$00000002  c_w.l(libinit2.o)
    0x080001c2   0x080001c2   0x00000000   Code   RO         3699    .ARM.Collect$$libinit$$00000004  c_w.l(libinit2.o)
    0x080001c2   0x080001c2   0x00000000   Code   RO         3702    .ARM.Collect$$libinit$$0000000A  c_w.l(libinit2.o)
    0x080001c2   0x080001c2   0x00000000   Code   RO         3704    .ARM.Collect$$libinit$$0000000C  c_w.l(libinit2.o)
    0x080001c2   0x080001c2   0x00000000   Code   RO         3706    .ARM.Collect$$libinit$$0000000E  c_w.l(libinit2.o)
    0x080001c2   0x080001c2   0x00000000   Code   RO         3709    .ARM.Collect$$libinit$$00000011  c_w.l(libinit2.o)
    0x080001c2   0x080001c2   0x00000000   Code   RO         3711    .ARM.Collect$$libinit$$00000013  c_w.l(libinit2.o)
    0x080001c2   0x080001c2   0x00000000   Code   RO         3713    .ARM.Collect$$libinit$$00000015  c_w.l(libinit2.o)
    0x080001c2   0x080001c2   0x00000000   Code   RO         3715    .ARM.Collect$$libinit$$00000017  c_w.l(libinit2.o)
    0x080001c2   0x080001c2   0x00000000   Code   RO         3717    .ARM.Collect$$libinit$$00000019  c_w.l(libinit2.o)
    0x080001c2   0x080001c2   0x00000000   Code   RO         3719    .ARM.Collect$$libinit$$0000001B  c_w.l(libinit2.o)
    0x080001c2   0x080001c2   0x00000000   Code   RO         3721    .ARM.Collect$$libinit$$0000001D  c_w.l(libinit2.o)
    0x080001c2   0x080001c2   0x00000000   Code   RO         3723    .ARM.Collect$$libinit$$0000001F  c_w.l(libinit2.o)
    0x080001c2   0x080001c2   0x00000000   Code   RO         3725    .ARM.Collect$$libinit$$00000021  c_w.l(libinit2.o)
    0x080001c2   0x080001c2   0x00000000   Code   RO         3727    .ARM.Collect$$libinit$$00000023  c_w.l(libinit2.o)
    0x080001c2   0x080001c2   0x00000000   Code   RO         3729    .ARM.Collect$$libinit$$00000025  c_w.l(libinit2.o)
    0x080001c2   0x080001c2   0x00000000   Code   RO         3733    .ARM.Collect$$libinit$$0000002C  c_w.l(libinit2.o)
    0x080001c2   0x080001c2   0x00000000   Code   RO         3735    .ARM.Collect$$libinit$$0000002E  c_w.l(libinit2.o)
    0x080001c2   0x080001c2   0x00000000   Code   RO         3737    .ARM.Collect$$libinit$$00000030  c_w.l(libinit2.o)
    0x080001c2   0x080001c2   0x00000000   Code   RO         3739    .ARM.Collect$$libinit$$00000032  c_w.l(libinit2.o)
    0x080001c2   0x080001c2   0x00000002   Code   RO         3740    .ARM.Collect$$libinit$$00000033  c_w.l(libinit2.o)
    0x080001c4   0x080001c4   0x00000002   Code   RO         3758    .ARM.Collect$$libshutdown$$00000000  c_w.l(libshutdown.o)
    0x080001c6   0x080001c6   0x00000000   Code   RO         3768    .ARM.Collect$$libshutdown$$00000002  c_w.l(libshutdown2.o)
    0x080001c6   0x080001c6   0x00000000   Code   RO         3770    .ARM.Collect$$libshutdown$$00000004  c_w.l(libshutdown2.o)
    0x080001c6   0x080001c6   0x00000000   Code   RO         3772    .ARM.Collect$$libshutdown$$00000006  c_w.l(libshutdown2.o)
    0x080001c6   0x080001c6   0x00000000   Code   RO         3775    .ARM.Collect$$libshutdown$$00000009  c_w.l(libshutdown2.o)
    0x080001c6   0x080001c6   0x00000000   Code   RO         3778    .ARM.Collect$$libshutdown$$0000000C  c_w.l(libshutdown2.o)
    0x080001c6   0x080001c6   0x00000000   Code   RO         3780    .ARM.Collect$$libshutdown$$0000000E  c_w.l(libshutdown2.o)
    0x080001c6   0x080001c6   0x00000000   Code   RO         3783    .ARM.Collect$$libshutdown$$00000011  c_w.l(libshutdown2.o)
    0x080001c6   0x080001c6   0x00000002   Code   RO         3784    .ARM.Collect$$libshutdown$$00000012  c_w.l(libshutdown2.o)
    0x080001c8   0x080001c8   0x00000000   Code   RO         3650    .ARM.Collect$$rtentry$$00000000  c_w.l(__rtentry.o)
    0x080001c8   0x080001c8   0x00000000   Code   RO         3659    .ARM.Collect$$rtentry$$00000002  c_w.l(__rtentry2.o)
    0x080001c8   0x080001c8   0x00000006   Code   RO         3671    .ARM.Collect$$rtentry$$00000004  c_w.l(__rtentry4.o)
    0x080001ce   0x080001ce   0x00000000   Code   RO         3661    .ARM.Collect$$rtentry$$00000009  c_w.l(__rtentry2.o)
    0x080001ce   0x080001ce   0x00000004   Code   RO         3662    .ARM.Collect$$rtentry$$0000000A  c_w.l(__rtentry2.o)
    0x080001d2   0x080001d2   0x00000000   Code   RO         3664    .ARM.Collect$$rtentry$$0000000C  c_w.l(__rtentry2.o)
    0x080001d2   0x080001d2   0x00000008   Code   RO         3665    .ARM.Collect$$rtentry$$0000000D  c_w.l(__rtentry2.o)
    0x080001da   0x080001da   0x00000002   Code   RO         3694    .ARM.Collect$$rtexit$$00000000  c_w.l(rtexit.o)
    0x080001dc   0x080001dc   0x00000000   Code   RO         3742    .ARM.Collect$$rtexit$$00000002  c_w.l(rtexit2.o)
    0x080001dc   0x080001dc   0x00000004   Code   RO         3743    .ARM.Collect$$rtexit$$00000003  c_w.l(rtexit2.o)
    0x080001e0   0x080001e0   0x00000006   Code   RO         3744    .ARM.Collect$$rtexit$$00000004  c_w.l(rtexit2.o)
    0x080001e6   0x080001e6   0x00000002   PAD
    0x080001e8   0x080001e8   0x00000040   Code   RO           20    .text               startup_stm32f10x_hd.o
    0x08000228   0x08000228   0x00000002   Code   RO         3580    .text               c_w.l(use_no_semi_2.o)
    0x0800022a   0x0800022a   0x00000002   PAD
    0x0800022c   0x0800022c   0x00000018   Code   RO         3584    .text               c_w.l(noretval__2printf.o)
    0x08000244   0x08000244   0x0000004e   Code   RO         3588    .text               c_w.l(_printf_pad.o)
    0x08000292   0x08000292   0x00000052   Code   RO         3590    .text               c_w.l(_printf_str.o)
    0x080002e4   0x080002e4   0x00000078   Code   RO         3592    .text               c_w.l(_printf_dec.o)
    0x0800035c   0x0800035c   0x00000058   Code   RO         3597    .text               c_w.l(_printf_hex_int.o)
    0x080003b4   0x080003b4   0x00000188   Code   RO         3632    .text               c_w.l(__printf_flags_ss_wp.o)
    0x0800053c   0x0800053c   0x00000044   Code   RO         3640    .text               c_w.l(rt_memclr.o)
    0x08000580   0x08000580   0x0000004e   Code   RO         3642    .text               c_w.l(rt_memclr_w.o)
    0x080005ce   0x080005ce   0x00000006   Code   RO         3644    .text               c_w.l(heapauxi.o)
    0x080005d4   0x080005d4   0x00000002   Code   RO         3648    .text               c_w.l(use_no_semi.o)
    0x080005d6   0x080005d6   0x000000b2   Code   RO         3651    .text               c_w.l(_printf_intcommon.o)
    0x08000688   0x08000688   0x0000002c   Code   RO         3653    .text               c_w.l(_printf_char.o)
    0x080006b4   0x080006b4   0x00000024   Code   RO         3655    .text               c_w.l(_printf_char_file.o)
    0x080006d8   0x080006d8   0x00000030   Code   RO         3673    .text               c_w.l(_printf_char_common.o)
    0x08000708   0x08000708   0x00000008   Code   RO         3675    .text               c_w.l(ferror.o)
    0x08000710   0x08000710   0x0000004a   Code   RO         3679    .text               c_w.l(sys_stackheap_outer.o)
    0x0800075a   0x0800075a   0x00000012   Code   RO         3683    .text               c_w.l(exit.o)
    0x0800076c   0x0800076c   0x00000008   Code   RO         3691    .text               c_w.l(libspace.o)
    0x08000774   0x08000774   0x00000002   Code   RO          172    i.BusFault_Handler  stm32f10x_it.o
    0x08000776   0x08000776   0x00000016   Code   RO         1356    i.DMA_Cmd           stm32f10x_dma.o
    0x0800078c   0x0800078c   0x000000e4   Code   RO         1357    i.DMA_DeInit        stm32f10x_dma.o
    0x08000870   0x08000870   0x00000006   Code   RO         1358    i.DMA_GetCurrDataCounter  stm32f10x_dma.o
    0x08000876   0x08000876   0x0000003a   Code   RO         1362    i.DMA_Init          stm32f10x_dma.o
    0x080008b0   0x080008b0   0x00000002   Code   RO          173    i.DebugMon_Handler  stm32f10x_it.o
    0x080008b2   0x080008b2   0x00000002   PAD
    0x080008b4   0x080008b4   0x00000050   Code   RO           24    i.EXTI1_IRQHandler  exti.o
    0x08000904   0x08000904   0x0000000c   Code   RO         1427    i.EXTI_ClearITPendingBit  stm32f10x_exti.o
    0x08000910   0x08000910   0x000000a2   Code   RO         1778    i.GPIO_Init         stm32f10x_gpio.o
    0x080009b2   0x080009b2   0x00000002   PAD
    0x080009b4   0x080009b4   0x00000058   Code   RO         1780    i.GPIO_PinRemapConfig  stm32f10x_gpio.o
    0x08000a0c   0x08000a0c   0x0000000e   Code   RO         1782    i.GPIO_ReadInputDataBit  stm32f10x_gpio.o
    0x08000a1a   0x08000a1a   0x0000000e   Code   RO         1784    i.GPIO_ReadOutputDataBit  stm32f10x_gpio.o
    0x08000a28   0x08000a28   0x00000004   Code   RO         1785    i.GPIO_ResetBits    stm32f10x_gpio.o
    0x08000a2c   0x08000a2c   0x00000004   Code   RO         1786    i.GPIO_SetBits      stm32f10x_gpio.o
    0x08000a30   0x08000a30   0x0000000a   Code   RO         1789    i.GPIO_WriteBit     stm32f10x_gpio.o
    0x08000a3a   0x08000a3a   0x00000002   Code   RO          174    i.HardFault_Handler  stm32f10x_it.o
    0x08000a3c   0x08000a3c   0x00000014   Code   RO         2667    i.I2S_Cmd           stm32f10x_spi.o
    0x08000a50   0x08000a50   0x00000098   Code   RO         2668    i.I2S_Init          stm32f10x_spi.o
    0x08000ae8   0x08000ae8   0x000000c0   Code   RO          312    i.MX_USART1_Init    usart.o
    0x08000ba8   0x08000ba8   0x00000002   Code   RO          175    i.MemManage_Handler  stm32f10x_it.o
    0x08000baa   0x08000baa   0x00000002   Code   RO          176    i.NMI_Handler       stm32f10x_it.o
    0x08000bac   0x08000bac   0x00000064   Code   RO          629    i.NVIC_Init         misc.o
    0x08000c10   0x08000c10   0x00000014   Code   RO          630    i.NVIC_PriorityGroupConfig  misc.o
    0x08000c24   0x08000c24   0x00000002   Code   RO          177    i.PendSV_Handler    stm32f10x_it.o
    0x08000c26   0x08000c26   0x00000002   PAD
    0x08000c28   0x08000c28   0x00000018   Code   RO         2193    i.RCC_AHBPeriphClockCmd  stm32f10x_rcc.o
    0x08000c40   0x08000c40   0x00000018   Code   RO         2194    i.RCC_APB1PeriphClockCmd  stm32f10x_rcc.o
    0x08000c58   0x08000c58   0x00000018   Code   RO         2195    i.RCC_APB1PeriphResetCmd  stm32f10x_rcc.o
    0x08000c70   0x08000c70   0x00000018   Code   RO         2196    i.RCC_APB2PeriphClockCmd  stm32f10x_rcc.o
    0x08000c88   0x08000c88   0x00000018   Code   RO         2197    i.RCC_APB2PeriphResetCmd  stm32f10x_rcc.o
    0x08000ca0   0x08000ca0   0x00000090   Code   RO         2204    i.RCC_GetClocksFreq  stm32f10x_rcc.o
    0x08000d30   0x08000d30   0x00000010   Code   RO         2678    i.SPI_I2S_DMACmd    stm32f10x_spi.o
    0x08000d40   0x08000d40   0x00000054   Code   RO         2679    i.SPI_I2S_DeInit    stm32f10x_spi.o
    0x08000d94   0x08000d94   0x0000000e   Code   RO         2680    i.SPI_I2S_GetFlagStatus  stm32f10x_spi.o
    0x08000da2   0x08000da2   0x00000004   Code   RO         2683    i.SPI_I2S_ReceiveData  stm32f10x_spi.o
    0x08000da6   0x08000da6   0x00000004   Code   RO         2684    i.SPI_I2S_SendData  stm32f10x_spi.o
    0x08000daa   0x08000daa   0x00000002   Code   RO          178    i.SVC_Handler       stm32f10x_it.o
    0x08000dac   0x08000dac   0x000000a8   Code   RO          235    i.SetSysClockTo72   system_stm32f10x.o
    0x08000e54   0x08000e54   0x00000018   Code   RO          633    i.SysTick_CLKSourceConfig  misc.o
    0x08000e6c   0x08000e6c   0x00000002   Code   RO          179    i.SysTick_Handler   stm32f10x_it.o
    0x08000e6e   0x08000e6e   0x00000002   PAD
    0x08000e70   0x08000e70   0x00000050   Code   RO          237    i.SystemInit        system_stm32f10x.o
    0x08000ec0   0x08000ec0   0x00000058   Code   RO          313    i.USART1_IRQHandler  usart.o
    0x08000f18   0x08000f18   0x00000014   Code   RO         3348    i.USART_Cmd         stm32f10x_usart.o
    0x08000f2c   0x08000f2c   0x0000003e   Code   RO         3352    i.USART_GetITStatus  stm32f10x_usart.o
    0x08000f6a   0x08000f6a   0x00000030   Code   RO         3354    i.USART_ITConfig    stm32f10x_usart.o
    0x08000f9a   0x08000f9a   0x00000002   PAD
    0x08000f9c   0x08000f9c   0x000000ac   Code   RO         3355    i.USART_Init        stm32f10x_usart.o
    0x08001048   0x08001048   0x00000008   Code   RO         3362    i.USART_ReceiveData  stm32f10x_usart.o
    0x08001050   0x08001050   0x00000002   Code   RO          180    i.UsageFault_Handler  stm32f10x_it.o
    0x08001052   0x08001052   0x0000000e   Code   RO         3625    i._is_digit         c_w.l(__printf_wp.o)
    0x08001060   0x08001060   0x00000002   Code   RO          314    i._sys_exit         usart.o
    0x08001062   0x08001062   0x00000012   Code   RO          377    i.audio_delay_short  record_board_audio.o
    0x08001074   0x08001074   0x00000068   Code   RO          354    i.audio_record_demo_once  record_audio_record.o
    0x080010dc   0x080010dc   0x00000008   Code   RO          355    i.audio_record_get_debug_info  record_audio_record.o
    0x080010e4   0x080010e4   0x00000028   Code   RO          380    i.board_audio_apply_volume  record_board_audio.o
    0x0800110c   0x0800110c   0x0000024c   Code   RO          381    i.board_audio_capture_debug_regs  record_board_audio.o
    0x08001358   0x08001358   0x00000074   Code   RO          382    i.board_audio_capture_pcm  record_board_audio.o
    0x080013cc   0x080013cc   0x0000015e   Code   RO          383    i.board_audio_codec_init_playback  record_board_audio.o
    0x0800152a   0x0800152a   0x00000100   Code   RO          384    i.board_audio_codec_init_record  record_board_audio.o
    0x0800162a   0x0800162a   0x00000002   PAD
    0x0800162c   0x0800162c   0x0000002c   Code   RO          385    i.board_audio_dma_read_index  record_board_audio.o
    0x08001658   0x08001658   0x00000038   Code   RO          386    i.board_audio_dma_recover_if_underrun  record_board_audio.o
    0x08001690   0x08001690   0x0000009c   Code   RO          387    i.board_audio_dma_start  record_board_audio.o
    0x0800172c   0x0800172c   0x00000034   Code   RO          388    i.board_audio_dma_stop  record_board_audio.o
    0x08001760   0x08001760   0x00000024   Code   RO          389    i.board_audio_dma_update_read_total  record_board_audio.o
    0x08001784   0x08001784   0x0000001c   Code   RO          390    i.board_audio_dma_used_halfwords  record_board_audio.o
    0x080017a0   0x080017a0   0x0000007c   Code   RO          391    i.board_audio_dma_write_frame  record_board_audio.o
    0x0800181c   0x0800181c   0x00000008   Code   RO          393    i.board_audio_get_debug_info  record_board_audio.o
    0x08001824   0x08001824   0x000000cc   Code   RO          394    i.board_audio_gpio_init  record_board_audio.o
    0x080018f0   0x080018f0   0x000000bc   Code   RO          395    i.board_audio_i2s_init_rx_rate  record_board_audio.o
    0x080019ac   0x080019ac   0x00000078   Code   RO          396    i.board_audio_i2s_init_tx_rate  record_board_audio.o
    0x08001a24   0x08001a24   0x00000050   Code   RO          398    i.board_audio_init_playback  record_board_audio.o
    0x08001a74   0x08001a74   0x0000006c   Code   RO          400    i.board_audio_init_record_rate  record_board_audio.o
    0x08001ae0   0x08001ae0   0x000000bc   Code   RO          401    i.board_audio_play_pcm  record_board_audio.o
    0x08001b9c   0x08001b9c   0x00000020   Code   RO          403    i.board_audio_read_word  record_board_audio.o
    0x08001bbc   0x08001bbc   0x00000020   Code   RO          404    i.board_audio_reset_debug  record_board_audio.o
    0x08001bdc   0x08001bdc   0x00000018   Code   RO          405    i.board_audio_set_sample_rate  record_board_audio.o
    0x08001bf4   0x08001bf4   0x00000020   Code   RO          406    i.board_audio_update_dma_debug  record_board_audio.o
    0x08001c14   0x08001c14   0x00000024   Code   RO          407    i.board_audio_write_word  record_board_audio.o
    0x08001c38   0x08001c38   0x00000008   Code   RO          264    i.delay_Init        delay.o
    0x08001c40   0x08001c40   0x0000002a   Code   RO          265    i.delay_ms          delay.o
    0x08001c6a   0x08001c6a   0x00000002   PAD
    0x08001c6c   0x08001c6c   0x000000fc   Code   RO          141    i.dump_board_audio_debug  record_main.o
    0x08001d68   0x08001d68   0x0000003c   Code   RO          408    i.es8311_probe      record_board_audio.o
    0x08001da4   0x08001da4   0x00000016   Code   RO          409    i.es8311_probe_addr  record_board_audio.o
    0x08001dba   0x08001dba   0x00000002   PAD
    0x08001dbc   0x08001dbc   0x00000084   Code   RO          410    i.es8311_read_reg   record_board_audio.o
    0x08001e40   0x08001e40   0x00000024   Code   RO          411    i.es8311_write_reg  record_board_audio.o
    0x08001e64   0x08001e64   0x00000030   Code   RO          412    i.es8311_write_reg_to  record_board_audio.o
    0x08001e94   0x08001e94   0x00000018   Code   RO          315    i.fputc             usart.o
    0x08001eac   0x08001eac   0x00000018   Code   RO          413    i.i2c_scl_high      record_board_audio.o
    0x08001ec4   0x08001ec4   0x00000018   Code   RO          414    i.i2c_scl_low       record_board_audio.o
    0x08001edc   0x08001edc   0x00000018   Code   RO          415    i.i2c_sda_high      record_board_audio.o
    0x08001ef4   0x08001ef4   0x00000018   Code   RO          416    i.i2c_sda_low       record_board_audio.o
    0x08001f0c   0x08001f0c   0x0000000c   Code   RO          417    i.i2c_sda_read      record_board_audio.o
    0x08001f18   0x08001f18   0x00000016   Code   RO          418    i.i2c_start         record_board_audio.o
    0x08001f2e   0x08001f2e   0x00000012   Code   RO          419    i.i2c_stop          record_board_audio.o
    0x08001f40   0x08001f40   0x00000044   Code   RO          420    i.i2c_write_byte    record_board_audio.o
    0x08001f84   0x08001f84   0x0000018c   Code   RO          142    i.main              record_main.o
    0x08002110   0x08002110   0x00000028   Data   RO         3598    .constdata          c_w.l(_printf_hex_int.o)
    0x08002138   0x08002138   0x00000011   Data   RO         3633    .constdata          c_w.l(__printf_flags_ss_wp.o)
    0x08002149   0x08002149   0x00000003   PAD
    0x0800214c   0x0800214c   0x000002cd   Data   RO          143    .conststring        record_main.o
    0x08002419   0x08002419   0x00000003   PAD
    0x0800241c   0x0800241c   0x00000020   Data   RO         3816    Region$$Table       anon$$obj.o


    Execution Region RW_IRAM1 (Exec base: 0x20000000, Load base: 0x0800243c, Size: 0x00008280, Max: 0x00010000, ABSOLUTE)

    Exec Addr    Load Addr    Size         Type   Attr      Idx    E Section Name        Object

    0x20000000   0x0800243c   0x00000001   Data   RW           26    .data               exti.o
    0x20000001   0x0800243d   0x00000002   Data   RW          317    .data               usart.o
    0x20000003   0x0800243f   0x00000001   PAD
    0x20000004   0x08002440   0x00000004   Data   RW          318    .data               usart.o
    0x20000008   0x08002444   0x00000020   Data   RW          423    .data               record_board_audio.o
    0x20000028   0x08002464   0x00000014   Data   RW         2224    .data               stm32f10x_rcc.o
    0x2000003c        -       0x00000080   Zero   RW          316    .bss                usart.o
    0x200000bc        -       0x00003e90   Zero   RW          356    .bss                record_audio_record.o
    0x20003f4c        -       0x000020d0   Zero   RW          421    .bss                record_board_audio.o
    0x2000601c        -       0x00000060   Zero   RW         3692    .bss                c_w.l(libspace.o)
    0x2000607c   0x08002478   0x00000004   PAD
    0x20006080        -       0x00000200   Zero   RW           18    HEAP                startup_stm32f10x_hd.o
    0x20006280        -       0x00002000   Zero   RW           17    STACK               startup_stm32f10x_hd.o


==============================================================================

Image component sizes


      Code (inc. data)   RO Data    RW Data    ZI Data      Debug   Object Name

         0          0          0          0          0       4540   core_cm3.o
        50          0          0          0          0        940   delay.o
        80         12          0          1          0     245385   exti.o
       144         16          0          0          0       1973   misc.o
       112         12          0          0      16016       1939   record_audio_record.o
      3430        266          0         32       8400      26887   record_board_audio.o
       648        300        717          0          0       3715   record_main.o
        64         26        304          0       8704        816   startup_stm32f10x_hd.o
       314         10          0          0          0       4055   stm32f10x_dma.o
        12          6          0          0          0        505   stm32f10x_exti.o
       296          6          0          0          0       5447   stm32f10x_gpio.o
        18          0          0          0          0       3874   stm32f10x_it.o
       264         46          0         20          0       6136   stm32f10x_rcc.o
       294         12          0          0          0       5324   stm32f10x_spi.o
       310          6          0          0          0       4930   stm32f10x_usart.o
       248         24          0          0          0       1537   system_stm32f10x.o
       306         30          0          6        128       4193   usart.o

    ----------------------------------------------------------------------
      6606        772       1056         60      33248     322196   Object Totals
         0          0         32          0          0          0   (incl. Generated)
        16          0          3          1          0          0   (incl. Padding)

    ----------------------------------------------------------------------

      Code (inc. data)   RO Data    RW Data    ZI Data      Debug   Library Member Name

         8          0          0          0          0         68   __main.o
       392          4         17          0          0         92   __printf_flags_ss_wp.o
        14          0          0          0          0         68   __printf_wp.o
         0          0          0          0          0          0   __rtentry.o
        12          0          0          0          0          0   __rtentry2.o
         6          0          0          0          0          0   __rtentry4.o
        52          8          0          0          0          0   __scatter.o
        26          0          0          0          0          0   __scatter_copy.o
        28          0          0          0          0          0   __scatter_zi.o
        44          0          0          0          0        108   _printf_char.o
        48          6          0          0          0         96   _printf_char_common.o
        36          4          0          0          0         80   _printf_char_file.o
         6          0          0          0          0          0   _printf_d.o
       120         16          0          0          0         92   _printf_dec.o
        88          4         40          0          0         88   _printf_hex_int.o
       178          0          0          0          0         88   _printf_intcommon.o
        78          0          0          0          0        108   _printf_pad.o
         0          0          0          0          0          0   _printf_percent.o
         4          0          0          0          0          0   _printf_percent_end.o
         6          0          0          0          0          0   _printf_s.o
        82          0          0          0          0         80   _printf_str.o
         6          0          0          0          0          0   _printf_u.o
         6          0          0          0          0          0   _printf_x.o
        18          0          0          0          0         80   exit.o
         8          0          0          0          0         68   ferror.o
         6          0          0          0          0        152   heapauxi.o
         2          0          0          0          0          0   libinit.o
         2          0          0          0          0          0   libinit2.o
         2          0          0          0          0          0   libshutdown.o
         2          0          0          0          0          0   libshutdown2.o
         8          4          0          0         96         68   libspace.o
        24          4          0          0          0         84   noretval__2printf.o
        68          0          0          0          0         68   rt_memclr.o
        78          0          0          0          0         80   rt_memclr_w.o
         2          0          0          0          0          0   rtexit.o
        10          0          0          0          0          0   rtexit2.o
        74          0          0          0          0         80   sys_stackheap_outer.o
         2          0          0          0          0         68   use_no_semi.o
         2          0          0          0          0         68   use_no_semi_2.o

    ----------------------------------------------------------------------
      1554         50         60          0        100       1784   Library Totals
         6          0          3          0          4          0   (incl. Padding)

    ----------------------------------------------------------------------

      Code (inc. data)   RO Data    RW Data    ZI Data      Debug   Library Name

      1548         50         57          0         96       1784   c_w.l

    ----------------------------------------------------------------------
      1554         50         60          0        100       1784   Library Totals

    ----------------------------------------------------------------------

==============================================================================


      Code (inc. data)   RO Data    RW Data    ZI Data      Debug   

      8160        822       1116         60      33348     318516   Grand Totals
      8160        822       1116         60      33348     318516   ELF Image Totals
      8160        822       1116         60          0          0   ROM Totals

==============================================================================

    Total RO  Size (Code + RO Data)                 9276 (   9.06kB)
    Total RW  Size (RW Data + ZI Data)             33408 (  32.63kB)
    Total ROM Size (Code + RO Data + RW Data)       9336 (   9.12kB)

==============================================================================

