Component: ARM Compiler 5.06 update 7 (build 960) Tool: armlink [4d3601]

==============================================================================

Section Cross References

    startup_stm32f10x_hd.o(STACK) refers (Special) to heapauxi.o(.text) for __use_two_region_memory
    startup_stm32f10x_hd.o(HEAP) refers (Special) to heapauxi.o(.text) for __use_two_region_memory
    startup_stm32f10x_hd.o(RESET) refers (Special) to heapauxi.o(.text) for __use_two_region_memory
    startup_stm32f10x_hd.o(RESET) refers to startup_stm32f10x_hd.o(STACK) for __initial_sp
    startup_stm32f10x_hd.o(RESET) refers to startup_stm32f10x_hd.o(.text) for Reset_Handler
    startup_stm32f10x_hd.o(RESET) refers to stm32f10x_it.o(i.NMI_Handler) for NMI_Handler
    startup_stm32f10x_hd.o(RESET) refers to stm32f10x_it.o(i.HardFault_Handler) for HardFault_Handler
    startup_stm32f10x_hd.o(RESET) refers to stm32f10x_it.o(i.MemManage_Handler) for MemManage_Handler
    startup_stm32f10x_hd.o(RESET) refers to stm32f10x_it.o(i.BusFault_Handler) for BusFault_Handler
    startup_stm32f10x_hd.o(RESET) refers to stm32f10x_it.o(i.UsageFault_Handler) for UsageFault_Handler
    startup_stm32f10x_hd.o(RESET) refers to stm32f10x_it.o(i.SVC_Handler) for SVC_Handler
    startup_stm32f10x_hd.o(RESET) refers to stm32f10x_it.o(i.DebugMon_Handler) for DebugMon_Handler
    startup_stm32f10x_hd.o(RESET) refers to stm32f10x_it.o(i.PendSV_Handler) for PendSV_Handler
    startup_stm32f10x_hd.o(RESET) refers to stm32f10x_it.o(i.SysTick_Handler) for SysTick_Handler
    startup_stm32f10x_hd.o(RESET) refers to exti.o(i.EXTI1_IRQHandler) for EXTI1_IRQHandler
    startup_stm32f10x_hd.o(RESET) refers to usart.o(i.USART1_IRQHandler) for USART1_IRQHandler
    startup_stm32f10x_hd.o(.text) refers (Special) to heapauxi.o(.text) for __use_two_region_memory
    startup_stm32f10x_hd.o(.text) refers to system_stm32f10x.o(i.SystemInit) for SystemInit
    startup_stm32f10x_hd.o(.text) refers to __main.o(!!!main) for __main
    startup_stm32f10x_hd.o(.text) refers to startup_stm32f10x_hd.o(HEAP) for Heap_Mem
    startup_stm32f10x_hd.o(.text) refers to startup_stm32f10x_hd.o(STACK) for Stack_Mem
    exti.o(i.EXTI1_IRQHandler) refers to stm32f10x_gpio.o(i.GPIO_ReadInputDataBit) for GPIO_ReadInputDataBit
    exti.o(i.EXTI1_IRQHandler) refers to delay.o(i.delay_ms) for delay_ms
    exti.o(i.EXTI1_IRQHandler) refers to stm32f10x_gpio.o(i.GPIO_WriteBit) for GPIO_WriteBit
    exti.o(i.EXTI1_IRQHandler) refers to stm32f10x_exti.o(i.EXTI_ClearITPendingBit) for EXTI_ClearITPendingBit
    exti.o(i.EXTI1_IRQHandler) refers to exti.o(.data) for .data
    exti.o(i.MX_EXTI1_Init) refers to stm32f10x_rcc.o(i.RCC_APB2PeriphClockCmd) for RCC_APB2PeriphClockCmd
    exti.o(i.MX_EXTI1_Init) refers to gpio.o(i.MX_KeyInit) for MX_KeyInit
    exti.o(i.MX_EXTI1_Init) refers to stm32f10x_gpio.o(i.GPIO_EXTILineConfig) for GPIO_EXTILineConfig
    exti.o(i.MX_EXTI1_Init) refers to stm32f10x_exti.o(i.EXTI_Init) for EXTI_Init
    exti.o(i.MX_EXTI1_Init) refers to misc.o(i.NVIC_Init) for NVIC_Init
    record_main.o(i.dump_board_audio_debug_ptr) refers to _printf_pad.o(.text) for _printf_pre_padding
    record_main.o(i.dump_board_audio_debug_ptr) refers to _printf_percent.o(.ARM.Collect$$_printf_percent$$00000000) for _printf_percent
    record_main.o(i.dump_board_audio_debug_ptr) refers to _printf_d.o(.ARM.Collect$$_printf_percent$$00000009) for _printf_d
    record_main.o(i.dump_board_audio_debug_ptr) refers to _printf_u.o(.ARM.Collect$$_printf_percent$$0000000A) for _printf_u
    record_main.o(i.dump_board_audio_debug_ptr) refers to _printf_x.o(.ARM.Collect$$_printf_percent$$0000000C) for _printf_x
    record_main.o(i.dump_board_audio_debug_ptr) refers to _printf_s.o(.ARM.Collect$$_printf_percent$$00000014) for _printf_s
    record_main.o(i.dump_board_audio_debug_ptr) refers to _printf_dec.o(.text) for _printf_int_dec
    record_main.o(i.dump_board_audio_debug_ptr) refers to _printf_hex_int.o(.text) for _printf_longlong_hex
    record_main.o(i.dump_board_audio_debug_ptr) refers to _printf_str.o(.text) for _printf_str
    record_main.o(i.dump_board_audio_debug_ptr) refers to noretval__2printf.o(.text) for __2printf
    record_main.o(i.dump_board_audio_debug_ptr) refers to record_main.o(i.dump_playback_path_check) for dump_playback_path_check
    record_main.o(i.dump_board_audio_debug_ptr) refers to record_main.o(i.dump_record_path_check) for dump_record_path_check
    record_main.o(i.dump_board_audio_debug_ptr) refers to record_main.o(.conststring) for .conststring
    record_main.o(i.dump_playback_path_check) refers to _printf_pad.o(.text) for _printf_pre_padding
    record_main.o(i.dump_playback_path_check) refers to _printf_percent.o(.ARM.Collect$$_printf_percent$$00000000) for _printf_percent
    record_main.o(i.dump_playback_path_check) refers to _printf_u.o(.ARM.Collect$$_printf_percent$$0000000A) for _printf_u
[...]
    .ARM.Collect$$libinit$$00000015          0x080001c2   Section        0  libinit2.o(.ARM.Collect$$libinit$$00000015)
    .ARM.Collect$$libinit$$00000017          0x080001c2   Section        0  libinit2.o(.ARM.Collect$$libinit$$00000017)
    .ARM.Collect$$libinit$$00000019          0x080001c2   Section        0  libinit2.o(.ARM.Collect$$libinit$$00000019)
    .ARM.Collect$$libinit$$0000001B          0x080001c2   Section        0  libinit2.o(.ARM.Collect$$libinit$$0000001B)
    .ARM.Collect$$libinit$$0000001D          0x080001c2   Section        0  libinit2.o(.ARM.Collect$$libinit$$0000001D)
    .ARM.Collect$$libinit$$0000001F          0x080001c2   Section        0  libinit2.o(.ARM.Collect$$libinit$$0000001F)
    .ARM.Collect$$libinit$$00000021          0x080001c2   Section        0  libinit2.o(.ARM.Collect$$libinit$$00000021)
    .ARM.Collect$$libinit$$00000023          0x080001c2   Section        0  libinit2.o(.ARM.Collect$$libinit$$00000023)
    .ARM.Collect$$libinit$$00000025          0x080001c2   Section        0  libinit2.o(.ARM.Collect$$libinit$$00000025)
    .ARM.Collect$$libinit$$0000002C          0x080001c2   Section        0  libinit2.o(.ARM.Collect$$libinit$$0000002C)
    .ARM.Collect$$libinit$$0000002E          0x080001c2   Section        0  libinit2.o(.ARM.Collect$$libinit$$0000002E)
    .ARM.Collect$$libinit$$00000030          0x080001c2   Section        0  libinit2.o(.ARM.Collect$$libinit$$00000030)
    .ARM.Collect$$libinit$$00000032          0x080001c2   Section        0  libinit2.o(.ARM.Collect$$libinit$$00000032)
    .ARM.Collect$$libinit$$00000033          0x080001c2   Section        2  libinit2.o(.ARM.Collect$$libinit$$00000033)
    .ARM.Collect$$libshutdown$$00000000      0x080001c4   Section        2  libshutdown.o(.ARM.Collect$$libshutdown$$00000000)
    .ARM.Collect$$libshutdown$$00000002      0x080001c6   Section        0  libshutdown2.o(.ARM.Collect$$libshutdown$$00000002)
    .ARM.Collect$$libshutdown$$00000004      0x080001c6   Section        0  libshutdown2.o(.ARM.Collect$$libshutdown$$00000004)
    .ARM.Collect$$libshutdown$$00000006      0x080001c6   Section        0  libshutdown2.o(.ARM.Collect$$libshutdown$$00000006)
    .ARM.Collect$$libshutdown$$00000009      0x080001c6   Section        0  libshutdown2.o(.ARM.Collect$$libshutdown$$00000009)
    .ARM.Collect$$libshutdown$$0000000C      0x080001c6   Section        0  libshutdown2.o(.ARM.Collect$$libshutdown$$0000000C)
    .ARM.Collect$$libshutdown$$0000000E      0x080001c6   Section        0  libshutdown2.o(.ARM.Collect$$libshutdown$$0000000E)
    .ARM.Collect$$libshutdown$$00000011      0x080001c6   Section        0  libshutdown2.o(.ARM.Collect$$libshutdown$$00000011)
    .ARM.Collect$$libshutdown$$00000012      0x080001c6   Section        2  libshutdown2.o(.ARM.Collect$$libshutdown$$00000012)
    .ARM.Collect$$rtentry$$00000000          0x080001c8   Section        0  __rtentry.o(.ARM.Collect$$rtentry$$00000000)
    .ARM.Collect$$rtentry$$00000002          0x080001c8   Section        0  __rtentry2.o(.ARM.Collect$$rtentry$$00000002)
    .ARM.Collect$$rtentry$$00000004          0x080001c8   Section        6  __rtentry4.o(.ARM.Collect$$rtentry$$00000004)
    .ARM.Collect$$rtentry$$00000009          0x080001ce   Section        0  __rtentry2.o(.ARM.Collect$$rtentry$$00000009)
    .ARM.Collect$$rtentry$$0000000A          0x080001ce   Section        4  __rtentry2.o(.ARM.Collect$$rtentry$$0000000A)
    .ARM.Collect$$rtentry$$0000000C          0x080001d2   Section        0  __rtentry2.o(.ARM.Collect$$rtentry$$0000000C)
    .ARM.Collect$$rtentry$$0000000D          0x080001d2   Section        8  __rtentry2.o(.ARM.Collect$$rtentry$$0000000D)
    .ARM.Collect$$rtexit$$00000000           0x080001da   Section        2  rtexit.o(.ARM.Collect$$rtexit$$00000000)
    .ARM.Collect$$rtexit$$00000002           0x080001dc   Section        0  rtexit2.o(.ARM.Collect$$rtexit$$00000002)
    .ARM.Collect$$rtexit$$00000003           0x080001dc   Section        4  rtexit2.o(.ARM.Collect$$rtexit$$00000003)
    .ARM.Collect$$rtexit$$00000004           0x080001e0   Section        6  rtexit2.o(.ARM.Collect$$rtexit$$00000004)
    .text                                    0x080001e8   Section       64  startup_stm32f10x_hd.o(.text)
    .text                                    0x08000228   Section        2  use_no_semi_2.o(.text)
    .text                                    0x0800022a   Section      238  lludivv7m.o(.text)
    .text                                    0x08000318   Section        0  noretval__2printf.o(.text)
    .text                                    0x08000330   Section        0  _printf_pad.o(.text)
    .text                                    0x0800037e   Section        0  _printf_str.o(.text)
    .text                                    0x080003d0   Section        0  _printf_dec.o(.text)
    .text                                    0x08000448   Section        0  _printf_hex_int.o(.text)
    .text                                    0x080004a0   Section        0  __printf_flags_ss_wp.o(.text)
    .text                                    0x08000628   Section      100  rt_memcpy_w.o(.text)
    .text                                    0x0800068c   Section       68  rt_memclr.o(.text)
    .text                                    0x080006d0   Section       78  rt_memclr_w.o(.text)
    .text                                    0x0800071e   Section        0  heapauxi.o(.text)
    .text                                    0x08000724   Section        2  use_no_semi.o(.text)
    .text                                    0x08000726   Section        0  _printf_intcommon.o(.text)
    .text                                    0x080007d8   Section        0  _printf_char.o(.text)
    .text                                    0x08000804   Section        0  _printf_char_file.o(.text)
    .text                                    0x08000828   Section        0  _printf_char_common.o(.text)
    _printf_input_char                       0x08000829   Thumb Code    10  _printf_char_common.o(.text)
    .text                                    0x08000858   Section        0  ferror.o(.text)
    .text                                    0x08000860   Section       74  sys_stackheap_outer.o(.text)
    .text                                    0x080008aa   Section        0  exit.o(.text)
    .text                                    0x080008bc   Section        8  libspace.o(.text)
    i.BusFault_Handler                       0x080008c4   Section        0  stm32f10x_it.o(i.BusFault_Handler)
    i.DMA_Cmd                                0x080008c6   Section        0  stm32f10x_dma.o(i.DMA_Cmd)
    i.DMA_DeInit                             0x080008dc   Section        0  stm32f10x_dma.o(i.DMA_DeInit)
    i.DMA_GetCurrDataCounter                 0x080009c0   Section        0  stm32f10x_dma.o(i.DMA_GetCurrDataCounter)
    i.DMA_Init                               0x080009c6   Section        0  stm32f10x_dma.o(i.DMA_Init)
    i.DebugMon_Handler                       0x08000a00   Section        0  stm32f10x_it.o(i.DebugMon_Handler)
    i.EXTI1_IRQHandler                       0x08000a04   Section        0  exti.o(i.EXTI1_IRQHandler)
    i.EXTI_ClearITPendingBit                 0x08000a54   Section        0  stm32f10x_exti.o(i.EXTI_ClearITPendingBit)
    i.GPIO_Init                              0x08000a60   Section        0  stm32f10x_gpio.o(i.GPIO_Init)
    i.GPIO_PinRemapConfig                    0x08000b04   Section        0  stm32f10x_gpio.o(i.GPIO_PinRemapConfig)
    i.GPIO_ReadInputDataBit                  0x08000b5c   Section        0  stm32f10x_gpio.o(i.GPIO_ReadInputDataBit)
    i.GPIO_ReadOutputDataBit                 0x08000b6a   Section        0  stm32f10x_gpio.o(i.GPIO_ReadOutputDataBit)
    i.GPIO_ResetBits                         0x08000b78   Section        0  stm32f10x_gpio.o(i.GPIO_ResetBits)
    i.GPIO_SetBits                           0x08000b7c   Section        0  stm32f10x_gpio.o(i.GPIO_SetBits)
    i.GPIO_WriteBit                          0x08000b80   Section        0  stm32f10x_gpio.o(i.GPIO_WriteBit)
    i.HardFault_Handler                      0x08000b8a   Section        0  stm32f10x_it.o(i.HardFault_Handler)
    i.I2S_Cmd                                0x08000b8c   Section        0  stm32f10x_spi.o(i.I2S_Cmd)
    i.I2S_Init                               0x08000ba0   Section        0  stm32f10x_spi.o(i.I2S_Init)
    i.MX_USART1_Init                         0x08000c38   Section        0  usart.o(i.MX_USART1_Init)
    i.MemManage_Handler                      0x08000d00   Section        0  stm32f10x_it.o(i.MemManage_Handler)
    i.NMI_Handler                            0x08000d02   Section        0  stm32f10x_it.o(i.NMI_Handler)
    i.NVIC_Init                              0x08000d04   Section        0  misc.o(i.NVIC_Init)
    i.NVIC_PriorityGroupConfig               0x08000d68   Section        0  misc.o(i.NVIC_PriorityGroupConfig)
    i.PendSV_Handler                         0x08000d7c   Section        0  stm32f10x_it.o(i.PendSV_Handler)
    i.RCC_AHBPeriphClockCmd                  0x08000d80   Section        0  stm32f10x_rcc.o(i.RCC_AHBPeriphClockCmd)
    i.RCC_APB1PeriphClockCmd                 0x08000d98   Section        0  stm32f10x_rcc.o(i.RCC_APB1PeriphClockCmd)
    i.RCC_APB1PeriphResetCmd                 0x08000db0   Section        0  stm32f10x_rcc.o(i.RCC_APB1PeriphResetCmd)
    i.RCC_APB2PeriphClockCmd                 0x08000dc8   Section        0  stm32f10x_rcc.o(i.RCC_APB2PeriphClockCmd)
    i.RCC_APB2PeriphResetCmd                 0x08000de0   Section        0  stm32f10x_rcc.o(i.RCC_APB2PeriphResetCmd)
    i.RCC_GetClocksFreq                      0x08000df8   Section        0  stm32f10x_rcc.o(i.RCC_GetClocksFreq)
    i.SPI_I2S_DMACmd                         0x08000e88   Section        0  stm32f10x_spi.o(i.SPI_I2S_DMACmd)
    i.SPI_I2S_DeInit                         0x08000e98   Section        0  stm32f10x_spi.o(i.SPI_I2S_DeInit)
    i.SPI_I2S_GetFlagStatus                  0x08000eec   Section        0  stm32f10x_spi.o(i.SPI_I2S_GetFlagStatus)
    i.SPI_I2S_ReceiveData                    0x08000efa   Section        0  stm32f10x_spi.o(i.SPI_I2S_ReceiveData)
    i.SPI_I2S_SendData                       0x08000efe   Section        0  stm32f10x_spi.o(i.SPI_I2S_SendData)
    i.SVC_Handler                            0x08000f02   Section        0  stm32f10x_it.o(i.SVC_Handler)
    i.SetSysClockTo72                        0x08000f04   Section        0  system_stm32f10x.o(i.SetSysClockTo72)
    SetSysClockTo72                          0x08000f05   Thumb Code   160  system_stm32f10x.o(i.SetSysClockTo72)
    i.SysTick_CLKSourceConfig                0x08000fac   Section        0  misc.o(i.SysTick_CLKSourceConfig)
    i.SysTick_Handler                        0x08000fc4   Section        0  stm32f10x_it.o(i.SysTick_Handler)
    i.SystemInit                             0x08000fc8   Section        0  system_stm32f10x.o(i.SystemInit)
    i.USART1_IRQHandler                      0x08001018   Section        0  usart.o(i.USART1_IRQHandler)
    i.USART_Cmd                              0x08001070   Section        0  stm32f10x_usart.o(i.USART_Cmd)
    i.USART_GetITStatus                      0x08001084   Section        0  stm32f10x_usart.o(i.USART_GetITStatus)
    i.USART_ITConfig                         0x080010c2   Section        0  stm32f10x_usart.o(i.USART_ITConfig)
    i.USART_Init                             0x080010f4   Section        0  stm32f10x_usart.o(i.USART_Init)
    i.USART_ReceiveData                      0x080011a0   Section        0  stm32f10x_usart.o(i.USART_ReceiveData)
    i.UsageFault_Handler                     0x080011a8   Section        0  stm32f10x_it.o(i.UsageFault_Handler)
    i._is_digit                              0x080011aa   Section        0  __printf_wp.o(i._is_digit)
    i._sys_exit                              0x080011b8   Section        0  usart.o(i._sys_exit)
    i.audio_delay_short                      0x080011ba   Section        0  record_board_audio.o(i.audio_delay_short)
    audio_delay_short                        0x080011bb   Thumb Code    18  record_board_audio.o(i.audio_delay_short)
    i.audio_record_abs16                     0x080011cc   Section        0  record_audio_record.o(i.audio_record_abs16)
    audio_record_abs16                       0x080011cd   Thumb Code    20  record_audio_record.o(i.audio_record_abs16)
    i.audio_record_adpcm_decode_sample       0x080011e0   Section        0  record_audio_record.o(i.audio_record_adpcm_decode_sample)
    audio_record_adpcm_decode_sample         0x080011e1   Thumb Code    96  record_audio_record.o(i.audio_record_adpcm_decode_sample)
    i.audio_record_adpcm_encode_sample       0x08001244   Section        0  record_audio_record.o(i.audio_record_adpcm_encode_sample)
    audio_record_adpcm_encode_sample         0x08001245   Thumb Code   124  record_audio_record.o(i.audio_record_adpcm_encode_sample)
    i.audio_record_capture_adpcm             0x080012c4   Section        0  record_audio_record.o(i.audio_record_capture_adpcm)
    audio_record_capture_adpcm               0x080012c5   Thumb Code   152  record_audio_record.o(i.audio_record_capture_adpcm)
    i.audio_record_clamp_int16               0x0800136c   Section        0  record_audio_record.o(i.audio_record_clamp_int16)
    audio_record_clamp_int16                 0x0800136d   Thumb Code    22  record_audio_record.o(i.audio_record_clamp_int16)
    i.audio_record_demo_once                 0x08001388   Section        0  record_audio_record.o(i.audio_record_demo_once)
    i.audio_record_get_debug_info            0x080018ec   Section        0  record_audio_record.o(i.audio_record_get_debug_info)
    i.audio_record_play_adpcm                0x080018f4   Section        0  record_audio_record.o(i.audio_record_play_adpcm)
    audio_record_play_adpcm                  0x080018f5   Thumb Code   222  record_audio_record.o(i.audio_record_play_adpcm)
    i.audio_record_reset_stats               0x080019ec   Section        0  record_audio_record.o(i.audio_record_reset_stats)
    audio_record_reset_stats                 0x080019ed   Thumb Code    60  record_audio_record.o(i.audio_record_reset_stats)
    i.audio_record_stage_log                 0x08001a34   Section        0  record_audio_record.o(i.audio_record_stage_log)
    audio_record_stage_log                   0x08001a35   Thumb Code   100  record_audio_record.o(i.audio_record_stage_log)
    i.audio_record_update_capture_stats      0x08001a9c   Section        0  record_audio_record.o(i.audio_record_update_capture_stats)
    audio_record_update_capture_stats        0x08001a9d   Thumb Code   112  record_audio_record.o(i.audio_record_update_capture_stats)
    i.board_audio_abs16                      0x08001b1c   Section        0  record_board_audio.o(i.board_audio_abs16)
    board_audio_abs16                        0x08001b1d   Thumb Code    20  record_board_audio.o(i.board_audio_abs16)
    i.board_audio_apply_volume               0x08001b30   Section        0  record_board_audio.o(i.board_audio_apply_volume)
    board_audio_apply_volume                 0x08001b31   Thumb Code    34  record_board_audio.o(i.board_audio_apply_volume)
    i.board_audio_capture_debug_regs         0x08001b58   Section        0  record_board_audio.o(i.board_audio_capture_debug_regs)
    board_audio_capture_debug_regs           0x08001b59   Thumb Code   742  record_board_audio.o(i.board_audio_capture_debug_regs)
    i.board_audio_capture_mcu_debug          0x08001e58   Section        0  record_board_audio.o(i.board_audio_capture_mcu_debug)
    board_audio_capture_mcu_debug            0x08001e59   Thumb Code    96  record_board_audio.o(i.board_audio_capture_mcu_debug)
    i.board_audio_capture_mono_sample        0x08001ed0   Section        0  record_board_audio.o(i.board_audio_capture_mono_sample)
    i.board_audio_capture_update_raw_debug   0x08001f5c   Section        0  record_board_audio.o(i.board_audio_capture_update_raw_debug)
    board_audio_capture_update_raw_debug     0x08001f5d   Thumb Code   134  record_board_audio.o(i.board_audio_capture_update_raw_debug)
    i.board_audio_codec_init_playback        0x08001fe8   Section        0  record_board_audio.o(i.board_audio_codec_init_playback)
    board_audio_codec_init_playback          0x08001fe9   Thumb Code   412  record_board_audio.o(i.board_audio_codec_init_playback)
    i.board_audio_codec_init_record          0x08002188   Section        0  record_board_audio.o(i.board_audio_codec_init_record)
    board_audio_codec_init_record            0x08002189   Thumb Code   452  record_board_audio.o(i.board_audio_codec_init_record)
    i.board_audio_dma_drain                  0x08002350   Section        0  record_board_audio.o(i.board_audio_dma_drain)
    board_audio_dma_drain                    0x08002351   Thumb Code    62  record_board_audio.o(i.board_audio_dma_drain)
    i.board_audio_dma_read_index             0x08002398   Section        0  record_board_audio.o(i.board_audio_dma_read_index)
    board_audio_dma_read_index               0x08002399   Thumb Code    34  record_board_audio.o(i.board_audio_dma_read_index)
    i.board_audio_dma_recover_if_underrun    0x080023c4   Section        0  record_board_audio.o(i.board_audio_dma_recover_if_underrun)
    board_audio_dma_recover_if_underrun      0x080023c5   Thumb Code    46  record_board_audio.o(i.board_audio_dma_recover_if_underrun)
    i.board_audio_dma_start                  0x080023fc   Section        0  record_board_audio.o(i.board_audio_dma_start)
    board_audio_dma_start                    0x080023fd   Thumb Code   140  record_board_audio.o(i.board_audio_dma_start)
    i.board_audio_dma_stop                   0x08002498   Section        0  record_board_audio.o(i.board_audio_dma_stop)
    board_audio_dma_stop                     0x08002499   Thumb Code    38  record_board_audio.o(i.board_audio_dma_stop)
    i.board_audio_dma_update_read_total      0x080024cc   Section        0  record_board_audio.o(i.board_audio_dma_update_read_total)
    board_audio_dma_update_read_total        0x080024cd   Thumb Code    32  record_board_audio.o(i.board_audio_dma_update_read_total)
    i.board_audio_dma_used_halfwords         0x080024f0   Section        0  record_board_audio.o(i.board_audio_dma_used_halfwords)
    board_audio_dma_used_halfwords           0x080024f1   Thumb Code    22  record_board_audio.o(i.board_audio_dma_used_halfwords)
    i.board_audio_dma_write_frame            0x0800250c   Section        0  record_board_audio.o(i.board_audio_dma_write_frame)
    board_audio_dma_write_frame              0x0800250d   Thumb Code   168  record_board_audio.o(i.board_audio_dma_write_frame)
    i.board_audio_drain                      0x080025c4   Section        0  record_board_audio.o(i.board_audio_drain)
    i.board_audio_get_debug_info             0x080025c8   Section        0  record_board_audio.o(i.board_audio_get_debug_info)
    i.board_audio_get_monitor_dac_volume_reg 0x080025d0   Section        0  record_board_audio.o(i.board_audio_get_monitor_dac_volume_reg)
    i.board_audio_get_playback_volume_percent 0x080025d4   Section        0  record_board_audio.o(i.board_audio_get_playback_volume_percent)
    i.board_audio_get_record_adc_scale_reg   0x080025d8   Section        0  record_board_audio.o(i.board_audio_get_record_adc_scale_reg)
    i.board_audio_get_record_adc_volume_reg  0x080025dc   Section        0  record_board_audio.o(i.board_audio_get_record_adc_volume_reg)
    i.board_audio_get_record_mic_path_reg    0x080025e0   Section        0  record_board_audio.o(i.board_audio_get_record_mic_path_reg)
    i.board_audio_gpio_init                  0x080025e4   Section        0  record_board_audio.o(i.board_audio_gpio_init)
    board_audio_gpio_init                    0x080025e5   Thumb Code   192  record_board_audio.o(i.board_audio_gpio_init)
    i.board_audio_gpio_init_record_inputs    0x080026b4   Section        0  record_board_audio.o(i.board_audio_gpio_init_record_inputs)
    board_audio_gpio_init_record_inputs      0x080026b5   Thumb Code    30  record_board_audio.o(i.board_audio_gpio_init_record_inputs)
    i.board_audio_i2s_freq                   0x080026d8   Section        0  record_board_audio.o(i.board_audio_i2s_freq)
    board_audio_i2s_freq                     0x080026d9   Thumb Code    94  record_board_audio.o(i.board_audio_i2s_freq)
    i.board_audio_i2s_init_rx_rate           0x08002738   Section        0  record_board_audio.o(i.board_audio_i2s_init_rx_rate)
    board_audio_i2s_init_rx_rate             0x08002739   Thumb Code   112  record_board_audio.o(i.board_audio_i2s_init_rx_rate)
    i.board_audio_i2s_init_tx_rate           0x080027b0   Section        0  record_board_audio.o(i.board_audio_i2s_init_tx_rate)
    board_audio_i2s_init_tx_rate             0x080027b1   Thumb Code   112  record_board_audio.o(i.board_audio_i2s_init_tx_rate)
    i.board_audio_i2s_stop_quiet             0x08002828   Section        0  record_board_audio.o(i.board_audio_i2s_stop_quiet)
    board_audio_i2s_stop_quiet               0x08002829   Thumb Code    46  record_board_audio.o(i.board_audio_i2s_stop_quiet)
    i.board_audio_init_playback              0x0800285c   Section        0  record_board_audio.o(i.board_audio_init_playback)
    i.board_audio_init_record_rate           0x080028b8   Section        0  record_board_audio.o(i.board_audio_init_record_rate)
    i.board_audio_play_pcm                   0x08002934   Section        0  record_board_audio.o(i.board_audio_play_pcm)
    i.board_audio_play_test_tone             0x08002a18   Section        0  record_board_audio.o(i.board_audio_play_test_tone)
    i.board_audio_read_word                  0x08002a80   Section        0  record_board_audio.o(i.board_audio_read_word)
    board_audio_read_word                    0x08002a81   Thumb Code   110  record_board_audio.o(i.board_audio_read_word)
    i.board_audio_record_key_ready           0x08002afc   Section        0  record_board_audio.o(i.board_audio_record_key_ready)
    board_audio_record_key_ready             0x08002afd   Thumb Code    94  record_board_audio.o(i.board_audio_record_key_ready)
    i.board_audio_reset_debug                0x08002b60   Section        0  record_board_audio.o(i.board_audio_reset_debug)
    board_audio_reset_debug                  0x08002b61   Thumb Code    46  record_board_audio.o(i.board_audio_reset_debug)
    i.board_audio_scan_i2s_pins              0x08002b94   Section        0  record_board_audio.o(i.board_audio_scan_i2s_pins)
    i.board_audio_set_sample_rate            0x08002d44   Section        0  record_board_audio.o(i.board_audio_set_sample_rate)
    i.board_audio_stop_playback              0x08002d5c   Section        0  record_board_audio.o(i.board_audio_stop_playback)
    i.board_audio_update_dma_debug           0x08002d78   Section        0  record_board_audio.o(i.board_audio_update_dma_debug)
    board_audio_update_dma_debug             0x08002d79   Thumb Code    28  record_board_audio.o(i.board_audio_update_dma_debug)
    i.board_audio_write_word                 0x08002d9c   Section        0  record_board_audio.o(i.board_audio_write_word)
    board_audio_write_word                   0x08002d9d   Thumb Code    30  record_board_audio.o(i.board_audio_write_word)
    i.check_text                             0x08002dc0   Section        0  record_main.o(i.check_text)
    check_text                               0x08002dc1   Thumb Code    10  record_main.o(i.check_text)
    i.codec_i2c_seen                         0x08002dd8   Section        0  record_main.o(i.codec_i2c_seen)
    codec_i2c_seen                           0x08002dd9   Thumb Code    28  record_main.o(i.codec_i2c_seen)
    i.delay_Init                             0x08002df4   Section        0  delay.o(i.delay_Init)
    i.delay_ms                               0x08002dfc   Section        0  delay.o(i.delay_ms)
    i.dump_board_audio_debug_ptr             0x08002e40   Section        0  record_main.o(i.dump_board_audio_debug_ptr)
    dump_board_audio_debug_ptr               0x08002e41   Thumb Code   656  record_main.o(i.dump_board_audio_debug_ptr)
    i.dump_playback_path_check               0x08003198   Section        0  record_main.o(i.dump_playback_path_check)
    dump_playback_path_check                 0x08003199   Thumb Code   174  record_main.o(i.dump_playback_path_check)
    i.dump_record_debug                      0x0800324c   Section        0  record_main.o(i.dump_record_debug)
    dump_record_debug                        0x0800324d   Thumb Code   394  record_main.o(i.dump_record_debug)
    i.dump_record_path_check                 0x080034e0   Section        0  record_main.o(i.dump_record_path_check)
    dump_record_path_check                   0x080034e1   Thumb Code   408  record_main.o(i.dump_record_path_check)
    i.es8311_probe                           0x08003688   Section        0  record_board_audio.o(i.es8311_probe)
    es8311_probe                             0x08003689   Thumb Code   100  record_board_audio.o(i.es8311_probe)
    i.es8311_probe_addr                      0x080036f4   Section        0  record_board_audio.o(i.es8311_probe_addr)
    es8311_probe_addr                        0x080036f5   Thumb Code    80  record_board_audio.o(i.es8311_probe_addr)
    i.es8311_read_reg                        0x08003748   Section        0  record_board_audio.o(i.es8311_read_reg)
    es8311_read_reg                          0x08003749   Thumb Code    18  record_board_audio.o(i.es8311_read_reg)
    i.es8311_read_reg_raw                    0x08003760   Section        0  record_board_audio.o(i.es8311_read_reg_raw)
    es8311_read_reg_raw                      0x08003761   Thumb Code   132  record_board_audio.o(i.es8311_read_reg_raw)
    i.es8311_write_reg                       0x080037e8   Section        0  record_board_audio.o(i.es8311_write_reg)
    es8311_write_reg                         0x080037e9   Thumb Code    58  record_board_audio.o(i.es8311_write_reg)
    i.fputc                                  0x0800382c   Section        0  usart.o(i.fputc)
    i.i2c_capture_bus_state                  0x08003844   Section        0  record_board_audio.o(i.i2c_capture_bus_state)
    i2c_capture_bus_state                    0x08003845   Thumb Code    30  record_board_audio.o(i.i2c_capture_bus_state)
    i.i2c_line_drive_low                     0x0800386c   Section        0  record_board_audio.o(i.i2c_line_drive_low)
    i2c_line_drive_low                       0x0800386d   Thumb Code    44  record_board_audio.o(i.i2c_line_drive_low)
    i.i2c_line_input_pullup                  0x0800389c   Section        0  record_board_audio.o(i.i2c_line_input_pullup)
    i2c_line_input_pullup                    0x0800389d   Thumb Code    44  record_board_audio.o(i.i2c_line_input_pullup)
    i.i2c_sda_read                           0x080038cc   Section        0  record_board_audio.o(i.i2c_sda_read)
    i2c_sda_read                             0x080038cd   Thumb Code     8  record_board_audio.o(i.i2c_sda_read)
    i.i2c_start                              0x080038d8   Section        0  record_board_audio.o(i.i2c_start)
    i2c_start                                0x080038d9   Thumb Code    30  record_board_audio.o(i.i2c_start)
    i.i2c_stop                               0x080038f6   Section        0  record_board_audio.o(i.i2c_stop)
    i2c_stop                                 0x080038f7   Thumb Code    24  record_board_audio.o(i.i2c_stop)
    i.i2c_write_byte                         0x0800390e   Section        0  record_board_audio.o(i.i2c_write_byte)
    i2c_write_byte                           0x0800390f   Thumb Code    82  record_board_audio.o(i.i2c_write_byte)
    i.main                                   0x08003960   Section        0  record_main.o(i.main)
    .constdata                               0x08003ba8   Section      420  record_audio_record.o(.constdata)
    g_adpcm_index_table                      0x08003ba8   Data          64  record_audio_record.o(.constdata)
    g_adpcm_step_table                       0x08003be8   Data         356  record_audio_record.o(.constdata)
    .constdata                               0x08003d4c   Section       96  record_board_audio.o(.constdata)
    audio_test_wave                          0x08003d4c   Data          96  record_board_audio.o(.constdata)
    .constdata                               0x08003dac   Section       40  _printf_hex_int.o(.constdata)
    uc_hextab                                0x08003dac   Data          20  _printf_hex_int.o(.constdata)
    lc_hextab                                0x08003dc0   Data          20  _printf_hex_int.o(.constdata)
    .constdata                               0x08003dd4   Section       17  __printf_flags_ss_wp.o(.constdata)
    maptable                                 0x08003dd4   Data          17  __printf_flags_ss_wp.o(.constdata)
    .conststring                             0x08003de8   Section     2535  record_main.o(.conststring)
    .conststring                             0x080047d0   Section      424  record_audio_record.o(.conststring)
    .data                                    0x20000000   Section        1  exti.o(.data)
    .data                                    0x20000001   Section        2  usart.o(.data)
    .data                                    0x20000004   Section        4  usart.o(.data)
    .data                                    0x20000008   Section       16  record_audio_record.o(.data)
    g_record_playback_gain_q8                0x20000008   Data           4  record_audio_record.o(.data)
    g_capture_abs_sum                        0x2000000c   Data           4  record_audio_record.o(.data)
    g_playback_abs_sum                       0x20000010   Data           4  record_audio_record.o(.data)
    g_record_dc_estimate_q8                  0x20000014   Data           4  record_audio_record.o(.data)
    .data                                    0x20000018   Section       36  record_board_audio.o(.data)
    g_es8311_addr_write                      0x20000018   Data           1  record_board_audio.o(.data)
    g_audio_soft_i2s_variant                 0x2000001c   Data           4  record_board_audio.o(.data)
    g_audio_dma_write_index                  0x20000020   Data           4  record_board_audio.o(.data)
    g_audio_dma_last_read_index              0x20000024   Data           4  record_board_audio.o(.data)
    g_audio_dma_read_wraps                   0x20000028   Data           4  record_board_audio.o(.data)
    g_audio_dma_read_total                   0x2000002c   Data           4  record_board_audio.o(.data)
    g_audio_dma_write_total                  0x20000030   Data           4  record_board_audio.o(.data)
    g_audio_dma_started                      0x20000034   Data           4  record_board_audio.o(.data)
    g_audio_dma_underruns                    0x20000038   Data           4  record_board_audio.o(.data)
    .data                                    0x2000003c   Section       20  stm32f10x_rcc.o(.data)
    ADCPrescTable                            0x2000003c   Data           4  stm32f10x_rcc.o(.data)
    APBAHBPrescTable                         0x20000040   Data          16  stm32f10x_rcc.o(.data)
    .bss                                     0x20000050   Section      128  usart.o(.bss)
    .bss                                     0x200000d0   Section    43780  record_audio_record.o(.bss)
    g_record_adpcm                           0x200000d0   Data       40000  record_audio_record.o(.bss)
    g_record_pcm_chunk                       0x20009d10   Data         256  record_audio_record.o(.bss)
    g_record_debug                           0x20009e10   Data        3524  record_audio_record.o(.bss)
    .bss                                     0x2000abd4   Section     8632  record_board_audio.o(.bss)
    g_audio_dma_buffer                       0x2000abd4   Data        8192  record_board_audio.o(.bss)
    g_audio_debug                            0x2000cbd4   Data         440  record_board_audio.o(.bss)
    .bss                                     0x2000cd8c   Section       96  libspace.o(.bss)
    HEAP                                     0x2000cdf0   Section      512  startup_stm32f10x_hd.o(HEAP)
    Heap_Mem                                 0x2000cdf0   Data         512  startup_stm32f10x_hd.o(HEAP)
    STACK                                    0x2000cff0   Section     8192  startup_stm32f10x_hd.o(STACK)
    Stack_Mem                                0x2000cff0   Data        8192  startup_stm32f10x_hd.o(STACK)
    __initial_sp                             0x2000eff0   Data           0  startup_stm32f10x_hd.o(STACK)

    Global Symbols

    Symbol Name                              Value     Ov Type        Size  Object(Section)

    BuildAttributes$$THM_ISAv4$P$D$K$B$S$PE$A:L22UL41UL21$X:L11$S22US41US21$IEEE1$IW$USESV6$~STKCKD$USESV7$~SHL$OSPACE$ROPI$EBA8$UX$STANDARDLIB$REQ8$PRES8$EABIv2 0x00000000   Number         0  anon$$obj.o ABSOLUTE
    __ARM_use_no_argv                        0x00000000   Number         0  record_main.o ABSOLUTE
    _printf_flags                            0x00000000   Number         0  printf_stubs.o ABSOLUTE
    _printf_return_value                     0x00000000   Number         0  printf_stubs.o ABSOLUTE
    _printf_sizespec                         0x00000000   Number         0  printf_stubs.o ABSOLUTE
    _printf_widthprec                        0x00000000   Number         0  printf_stubs.o ABSOLUTE
    __ARM_exceptions_init                     - Undefined Weak Reference
    __alloca_initialize                       - Undefined Weak Reference
    __arm_fini_                               - Undefined Weak Reference
    __arm_preinit_                            - Undefined Weak Reference
    __cpp_initialize__aeabi_                  - Undefined Weak Reference
    __cxa_finalize                            - Undefined Weak Reference
    __rt_locale                               - Undefined Weak Reference
    __sigvec_lookup                           - Undefined Weak Reference
    _atexit_init                              - Undefined Weak Reference
    _call_atexit_fns                          - Undefined Weak Reference
    _clock_init                               - Undefined Weak Reference
    _fp_trap_init                             - Undefined Weak Reference
    _fp_trap_shutdown                         - Undefined Weak Reference
    _get_lc_collate                           - Undefined Weak Reference
    _get_lc_ctype                             - Undefined Weak Reference
    _get_lc_monetary                          - Undefined Weak Reference
    _get_lc_numeric                           - Undefined Weak Reference
    _get_lc_time                              - Undefined Weak Reference
    _getenv_init                              - Undefined Weak Reference
    _handle_redirection                       - Undefined Weak Reference
    _init_alloc                               - Undefined Weak Reference
    _init_user_alloc                          - Undefined Weak Reference
    _initio                                   - Undefined Weak Reference
    _mutex_acquire                            - Undefined Weak Reference
    _mutex_release                            - Undefined Weak Reference
    _printf_mbtowc                            - Undefined Weak Reference
    _printf_truncate_signed                   - Undefined Weak Reference
    _printf_truncate_unsigned                 - Undefined Weak Reference
    _rand_init                                - Undefined Weak Reference
    _signal_finish                            - Undefined Weak Reference
    _signal_init                              - Undefined Weak Reference
    _terminate_alloc                          - Undefined Weak Reference
    _terminate_user_alloc                     - Undefined Weak Reference
    _terminateio                              - Undefined Weak Reference
    __Vectors_Size                           0x00000130   Number         0  startup_stm32f10x_hd.o ABSOLUTE
    __Vectors                                0x08000000   Data           4  startup_stm32f10x_hd.o(RESET)
    __Vectors_End                            0x08000130   Data           0  startup_stm32f10x_hd.o(RESET)
    __main                                   0x08000131   Thumb Code     8  __main.o(!!!main)
    __scatterload                            0x08000139   Thumb Code     0  __scatter.o(!!!scatter)
    __scatterload_rt2                        0x08000139   Thumb Code    44  __scatter.o(!!!scatter)
    __scatterload_rt2_thumb_only             0x08000139   Thumb Code     0  __scatter.o(!!!scatter)
    __scatterload_null                       0x08000147   Thumb Code     0  __scatter.o(!!!scatter)
    __scatterload_copy                       0x0800016d   Thumb Code    26  __scatter_copy.o(!!handler_copy)
    __scatterload_zeroinit                   0x08000189   Thumb Code    28  __scatter_zi.o(!!handler_zi)
    _printf_d                                0x080001a5   Thumb Code     0  _printf_d.o(.ARM.Collect$$_printf_percent$$00000009)
    _printf_percent                          0x080001a5   Thumb Code     0  _printf_percent.o(.ARM.Collect$$_printf_percent$$00000000)
    _printf_u                                0x080001ab   Thumb Code     0  _printf_u.o(.ARM.Collect$$_printf_percent$$0000000A)
    _printf_x                                0x080001b1   Thumb Code     0  _printf_x.o(.ARM.Collect$$_printf_percent$$0000000C)
    _printf_s                                0x080001b7   Thumb Code     0  _printf_s.o(.ARM.Collect$$_printf_percent$$00000014)
    _printf_percent_end                      0x080001bd   Thumb Code     0  _printf_percent_end.o(.ARM.Collect$$_printf_percent$$00000017)
    __rt_lib_init                            0x080001c1   Thumb Code     0  libinit.o(.ARM.Collect$$libinit$$00000000)
    __rt_lib_init_alloca_1                   0x080001c3   Thumb Code     0  libinit2.o(.ARM.Collect$$libinit$$0000002E)
    __rt_lib_init_argv_1                     0x080001c3   Thumb Code     0  libinit2.o(.ARM.Collect$$libinit$$0000002C)
    __rt_lib_init_atexit_1                   0x080001c3   Thumb Code     0  libinit2.o(.ARM.Collect$$libinit$$0000001B)
    __rt_lib_init_clock_1                    0x080001c3   Thumb Code     0  libinit2.o(.ARM.Collect$$libinit$$00000021)
    __rt_lib_init_cpp_1                      0x080001c3   Thumb Code     0  libinit2.o(.ARM.Collect$$libinit$$00000032)
    __rt_lib_init_exceptions_1               0x080001c3   Thumb Code     0  libinit2.o(.ARM.Collect$$libinit$$00000030)
    __rt_lib_init_fp_1                       0x080001c3   Thumb Code     0  libinit2.o(.ARM.Collect$$libinit$$00000002)
    __rt_lib_init_fp_trap_1                  0x080001c3   Thumb Code     0  libinit2.o(.ARM.Collect$$libinit$$0000001F)
    __rt_lib_init_getenv_1                   0x080001c3   Thumb Code     0  libinit2.o(.ARM.Collect$$libinit$$00000023)
    __rt_lib_init_heap_1                     0x080001c3   Thumb Code     0  libinit2.o(.ARM.Collect$$libinit$$0000000A)
    __rt_lib_init_lc_collate_1               0x080001c3   Thumb Code     0  libinit2.o(.ARM.Collect$$libinit$$00000011)
    __rt_lib_init_lc_ctype_1                 0x080001c3   Thumb Code     0  libinit2.o(.ARM.Collect$$libinit$$00000013)
    __rt_lib_init_lc_monetary_1              0x080001c3   Thumb Code     0  libinit2.o(.ARM.Collect$$libinit$$00000015)
    __rt_lib_init_lc_numeric_1               0x080001c3   Thumb Code     0  libinit2.o(.ARM.Collect$$libinit$$00000017)
    __rt_lib_init_lc_time_1                  0x080001c3   Thumb Code     0  libinit2.o(.ARM.Collect$$libinit$$00000019)
    __rt_lib_init_preinit_1                  0x080001c3   Thumb Code     0  libinit2.o(.ARM.Collect$$libinit$$00000004)
    __rt_lib_init_rand_1                     0x080001c3   Thumb Code     0  libinit2.o(.ARM.Collect$$libinit$$0000000E)
    __rt_lib_init_return                     0x080001c3   Thumb Code     0  libinit2.o(.ARM.Collect$$libinit$$00000033)
    __rt_lib_init_signal_1                   0x080001c3   Thumb Code     0  libinit2.o(.ARM.Collect$$libinit$$0000001D)
    __rt_lib_init_stdio_1                    0x080001c3   Thumb Code     0  libinit2.o(.ARM.Collect$$libinit$$00000025)
    __rt_lib_init_user_alloc_1               0x080001c3   Thumb Code     0  libinit2.o(.ARM.Collect$$libinit$$0000000C)
    __rt_lib_shutdown                        0x080001c5   Thumb Code     0  libshutdown.o(.ARM.Collect$$libshutdown$$00000000)
    __rt_lib_shutdown_cpp_1                  0x080001c7   Thumb Code     0  libshutdown2.o(.ARM.Collect$$libshutdown$$00000004)
    __rt_lib_shutdown_fini_1                 0x080001c7   Thumb Code     0  libshutdown2.o(.ARM.Collect$$libshutdown$$00000002)
    __rt_lib_shutdown_fp_trap_1              0x080001c7   Thumb Code     0  libshutdown2.o(.ARM.Collect$$libshutdown$$00000009)
    __rt_lib_shutdown_heap_1                 0x080001c7   Thumb Code     0  libshutdown2.o(.ARM.Collect$$libshutdown$$00000011)
    __rt_lib_shutdown_return                 0x080001c7   Thumb Code     0  libshutdown2.o(.ARM.Collect$$libshutdown$$00000012)
    __rt_lib_shutdown_signal_1               0x080001c7   Thumb Code     0  libshutdown2.o(.ARM.Collect$$libshutdown$$0000000C)
    __rt_lib_shutdown_stdio_1                0x080001c7   Thumb Code     0  libshutdown2.o(.ARM.Collect$$libshutdown$$00000006)
    __rt_lib_shutdown_user_alloc_1           0x080001c7   Thumb Code     0  libshutdown2.o(.ARM.Collect$$libshutdown$$0000000E)
    __rt_entry                               0x080001c9   Thumb Code     0  __rtentry.o(.ARM.Collect$$rtentry$$00000000)
    __rt_entry_presh_1                       0x080001c9   Thumb Code     0  __rtentry2.o(.ARM.Collect$$rtentry$$00000002)
    __rt_entry_sh                            0x080001c9   Thumb Code     0  __rtentry4.o(.ARM.Collect$$rtentry$$00000004)
    __rt_entry_li                            0x080001cf   Thumb Code     0  __rtentry2.o(.ARM.Collect$$rtentry$$0000000A)
    __rt_entry_postsh_1                      0x080001cf   Thumb Code     0  __rtentry2.o(.ARM.Collect$$rtentry$$00000009)
    __rt_entry_main                          0x080001d3   Thumb Code     0  __rtentry2.o(.ARM.Collect$$rtentry$$0000000D)
    __rt_entry_postli_1                      0x080001d3   Thumb Code     0  __rtentry2.o(.ARM.Collect$$rtentry$$0000000C)
    __rt_exit                                0x080001db   Thumb Code     0  rtexit.o(.ARM.Collect$$rtexit$$00000000)
    __rt_exit_ls                             0x080001dd   Thumb Code     0  rtexit2.o(.ARM.Collect$$rtexit$$00000003)
    __rt_exit_prels_1                        0x080001dd   Thumb Code     0  rtexit2.o(.ARM.Collect$$rtexit$$00000002)
    __rt_exit_exit                           0x080001e1   Thumb Code     0  rtexit2.o(.ARM.Collect$$rtexit$$00000004)
    Reset_Handler                            0x080001e9   Thumb Code     8  startup_stm32f10x_hd.o(.text)
    ADC1_2_IRQHandler                        0x08000203   Thumb Code     0  startup_stm32f10x_hd.o(.text)
    ADC3_IRQHandler                          0x08000203   Thumb Code     0  startup_stm32f10x_hd.o(.text)
    CAN1_RX1_IRQHandler                      0x08000203   Thumb Code     0  startup_stm32f10x_hd.o(.text)
    CAN1_SCE_IRQHandler                      0x08000203   Thumb Code     0  startup_stm32f10x_hd.o(.text)
    DMA1_Channel1_IRQHandler                 0x08000203   Thumb Code     0  startup_stm32f10x_hd.o(.text)
    DMA1_Channel2_IRQHandler                 0x08000203   Thumb Code     0  startup_stm32f10x_hd.o(.text)
    DMA1_Channel3_IRQHandler                 0x08000203   Thumb Code     0  startup_stm32f10x_hd.o(.text)
    DMA1_Channel4_IRQHandler                 0x08000203   Thumb Code     0  startup_stm32f10x_hd.o(.text)
    DMA1_Channel5_IRQHandler                 0x08000203   Thumb Code     0  startup_stm32f10x_hd.o(.text)
    DMA1_Channel6_IRQHandler                 0x08000203   Thumb Code     0  startup_stm32f10x_hd.o(.text)
    DMA1_Channel7_IRQHandler                 0x08000203   Thumb Code     0  startup_stm32f10x_hd.o(.text)
    DMA2_Channel1_IRQHandler                 0x08000203   Thumb Code     0  startup_stm32f10x_hd.o(.text)
    DMA2_Channel2_IRQHandler                 0x08000203   Thumb Code     0  startup_stm32f10x_hd.o(.text)
    DMA2_Channel3_IRQHandler                 0x08000203   Thumb Code     0  startup_stm32f10x_hd.o(.text)
    DMA2_Channel4_5_IRQHandler               0x08000203   Thumb Code     0  startup_stm32f10x_hd.o(.text)
    EXTI0_IRQHandler                         0x08000203   Thumb Code     0  startup_stm32f10x_hd.o(.text)
    EXTI15_10_IRQHandler                     0x08000203   Thumb Code     0  startup_stm32f10x_hd.o(.text)
    EXTI2_IRQHandler                         0x08000203   Thumb Code     0  startup_stm32f10x_hd.o(.text)
    EXTI3_IRQHandler                         0x08000203   Thumb Code     0  startup_stm32f10x_hd.o(.text)
    EXTI4_IRQHandler                         0x08000203   Thumb Code     0  startup_stm32f10x_hd.o(.text)
    EXTI9_5_IRQHandler                       0x08000203   Thumb Code     0  startup_stm32f10x_hd.o(.text)
    FLASH_IRQHandler                         0x08000203   Thumb Code     0  startup_stm32f10x_hd.o(.text)
    FSMC_IRQHandler                          0x08000203   Thumb Code     0  startup_stm32f10x_hd.o(.text)
    I2C1_ER_IRQHandler                       0x08000203   Thumb Code     0  startup_stm32f10x_hd.o(.text)
    I2C1_EV_IRQHandler                       0x08000203   Thumb Code     0  startup_stm32f10x_hd.o(.text)
    I2C2_ER_IRQHandler                       0x08000203   Thumb Code     0  startup_stm32f10x_hd.o(.text)
    I2C2_EV_IRQHandler                       0x08000203   Thumb Code     0  startup_stm32f10x_hd.o(.text)
    PVD_IRQHandler                           0x08000203   Thumb Code     0  startup_stm32f10x_hd.o(.text)
    RCC_IRQHandler                           0x08000203   Thumb Code     0  startup_stm32f10x_hd.o(.text)
    RTCAlarm_IRQHandler                      0x08000203   Thumb Code     0  startup_stm32f10x_hd.o(.text)
    RTC_IRQHandler                           0x08000203   Thumb Code     0  startup_stm32f10x_hd.o(.text)
    SDIO_IRQHandler                          0x08000203   Thumb Code     0  startup_stm32f10x_hd.o(.text)
    SPI1_IRQHandler                          0x08000203   Thumb Code     0  startup_stm32f10x_hd.o(.text)
    SPI2_IRQHandler                          0x08000203   Thumb Code     0  startup_stm32f10x_hd.o(.text)
    SPI3_IRQHandler                          0x08000203   Thumb Code     0  startup_stm32f10x_hd.o(.text)
    TAMPER_IRQHandler                        0x08000203   Thumb Code     0  startup_stm32f10x_hd.o(.text)
    TIM1_BRK_IRQHandler                      0x08000203   Thumb Code     0  startup_stm32f10x_hd.o(.text)
    TIM1_CC_IRQHandler                       0x08000203   Thumb Code     0  startup_stm32f10x_hd.o(.text)
    TIM1_TRG_COM_IRQHandler                  0x08000203   Thumb Code     0  startup_stm32f10x_hd.o(.text)
    TIM1_UP_IRQHandler                       0x08000203   Thumb Code     0  startup_stm32f10x_hd.o(.text)
    TIM2_IRQHandler                          0x08000203   Thumb Code     0  startup_stm32f10x_hd.o(.text)
    TIM3_IRQHandler                          0x08000203   Thumb Code     0  startup_stm32f10x_hd.o(.text)
    TIM4_IRQHandler                          0x08000203   Thumb Code     0  startup_stm32f10x_hd.o(.text)
    TIM5_IRQHandler                          0x08000203   Thumb Code     0  startup_stm32f10x_hd.o(.text)
    TIM6_IRQHandler                          0x08000203   Thumb Code     0  startup_stm32f10x_hd.o(.text)
    TIM7_IRQHandler                          0x08000203   Thumb Code     0  startup_stm32f10x_hd.o(.text)
    TIM8_BRK_IRQHandler                      0x08000203   Thumb Code     0  startup_stm32f10x_hd.o(.text)
    TIM8_CC_IRQHandler                       0x08000203   Thumb Code     0  startup_stm32f10x_hd.o(.text)
    TIM8_TRG_COM_IRQHandler                  0x08000203   Thumb Code     0  startup_stm32f10x_hd.o(.text)
    TIM8_UP_IRQHandler                       0x08000203   Thumb Code     0  startup_stm32f10x_hd.o(.text)
    UART4_IRQHandler                         0x08000203   Thumb Code     0  startup_stm32f10x_hd.o(.text)
    UART5_IRQHandler                         0x08000203   Thumb Code     0  startup_stm32f10x_hd.o(.text)
    USART2_IRQHandler                        0x08000203   Thumb Code     0  startup_stm32f10x_hd.o(.text)
    USART3_IRQHandler                        0x08000203   Thumb Code     0  startup_stm32f10x_hd.o(.text)
    USBWakeUp_IRQHandler                     0x08000203   Thumb Code     0  startup_stm32f10x_hd.o(.text)
    USB_HP_CAN1_TX_IRQHandler                0x08000203   Thumb Code     0  startup_stm32f10x_hd.o(.text)
    USB_LP_CAN1_RX0_IRQHandler               0x08000203   Thumb Code     0  startup_stm32f10x_hd.o(.text)
    WWDG_IRQHandler                          0x08000203   Thumb Code     0  startup_stm32f10x_hd.o(.text)
    __user_initial_stackheap                 0x08000205   Thumb Code     0  startup_stm32f10x_hd.o(.text)
    __use_no_semihosting                     0x08000229   Thumb Code     2  use_no_semi_2.o(.text)
    __aeabi_uldivmod                         0x0800022b   Thumb Code     0  lludivv7m.o(.text)
    _ll_udiv                                 0x0800022b   Thumb Code   238  lludivv7m.o(.text)
    __2printf                                0x08000319   Thumb Code    20  noretval__2printf.o(.text)
    _printf_pre_padding                      0x08000331   Thumb Code    44  _printf_pad.o(.text)
    _printf_post_padding                     0x0800035d   Thumb Code    34  _printf_pad.o(.text)
    _printf_str                              0x0800037f   Thumb Code    82  _printf_str.o(.text)
    _printf_int_dec                          0x080003d1   Thumb Code   104  _printf_dec.o(.text)
    _printf_int_hex                          0x08000449   Thumb Code    84  _printf_hex_int.o(.text)
    _printf_longlong_hex                     0x08000449   Thumb Code     0  _printf_hex_int.o(.text)
    __printf                                 0x080004a1   Thumb Code   388  __printf_flags_ss_wp.o(.text)
    __aeabi_memcpy4                          0x08000629   Thumb Code     0  rt_memcpy_w.o(.text)
    __aeabi_memcpy8                          0x08000629   Thumb Code     0  rt_memcpy_w.o(.text)
    __rt_memcpy_w                            0x08000629   Thumb Code   100  rt_memcpy_w.o(.text)
    _memcpy_lastbytes_aligned                0x08000671   Thumb Code     0  rt_memcpy_w.o(.text)
    __aeabi_memclr                           0x0800068d   Thumb Code     0  rt_memclr.o(.text)
    __rt_memclr                              0x0800068d   Thumb Code    68  rt_memclr.o(.text)
    _memset                                  0x08000691   Thumb Code     0  rt_memclr.o(.text)
    __aeabi_memclr4                          0x080006d1   Thumb Code     0  rt_memclr_w.o(.text)
    __aeabi_memclr8                          0x080006d1   Thumb Code     0  rt_memclr_w.o(.text)
    __rt_memclr_w                            0x080006d1   Thumb Code    78  rt_memclr_w.o(.text)
    _memset_w                                0x080006d5   Thumb Code     0  rt_memclr_w.o(.text)
    __use_two_region_memory                  0x0800071f   Thumb Code     2  heapauxi.o(.text)
    __rt_heap_escrow$2region                 0x08000721   Thumb Code     2  heapauxi.o(.text)
    __rt_heap_expand$2region                 0x08000723   Thumb Code     2  heapauxi.o(.text)
    __I$use$semihosting                      0x08000725   Thumb Code     0  use_no_semi.o(.text)
    __use_no_semihosting_swi                 0x08000725   Thumb Code     2  use_no_semi.o(.text)
    _printf_int_common                       0x08000727   Thumb Code   178  _printf_intcommon.o(.text)
    _printf_cs_common                        0x080007d9   Thumb Code    20  _printf_char.o(.text)
    _printf_char                             0x080007ed   Thumb Code    16  _printf_char.o(.text)
    _printf_string                           0x080007fd   Thumb Code     8  _printf_char.o(.text)
    _printf_char_file                        0x08000805   Thumb Code    32  _printf_char_file.o(.text)
    _printf_char_common                      0x08000833   Thumb Code    32  _printf_char_common.o(.text)
    ferror                                   0x08000859   Thumb Code     8  ferror.o(.text)
    __user_setup_stackheap                   0x08000861   Thumb Code    74  sys_stackheap_outer.o(.text)
    exit                                     0x080008ab   Thumb Code    18  exit.o(.text)
    __user_libspace                          0x080008bd   Thumb Code     8  libspace.o(.text)
    __user_perproc_libspace                  0x080008bd   Thumb Code     0  libspace.o(.text)
    __user_perthread_libspace                0x080008bd   Thumb Code     0  libspace.o(.text)
    BusFault_Handler                         0x080008c5   Thumb Code     2  stm32f10x_it.o(i.BusFault_Handler)
    DMA_Cmd                                  0x080008c7   Thumb Code    22  stm32f10x_dma.o(i.DMA_Cmd)
    DMA_DeInit                               0x080008dd   Thumb Code   218  stm32f10x_dma.o(i.DMA_DeInit)
    DMA_GetCurrDataCounter                   0x080009c1   Thumb Code     6  stm32f10x_dma.o(i.DMA_GetCurrDataCounter)
    DMA_Init                                 0x080009c7   Thumb Code    58  stm32f10x_dma.o(i.DMA_Init)
    DebugMon_Handler                         0x08000a01   Thumb Code     2  stm32f10x_it.o(i.DebugMon_Handler)
    EXTI1_IRQHandler                         0x08000a05   Thumb Code    68  exti.o(i.EXTI1_IRQHandler)
    EXTI_ClearITPendingBit                   0x08000a55   Thumb Code     6  stm32f10x_exti.o(i.EXTI_ClearITPendingBit)
    GPIO_Init                                0x08000a61   Thumb Code   162  stm32f10x_gpio.o(i.GPIO_Init)
    GPIO_PinRemapConfig                      0x08000b05   Thumb Code    82  stm32f10x_gpio.o(i.GPIO_PinRemapConfig)
    GPIO_ReadInputDataBit                    0x08000b5d   Thumb Code    14  stm32f10x_gpio.o(i.GPIO_ReadInputDataBit)
    GPIO_ReadOutputDataBit                   0x08000b6b   Thumb Code    14  stm32f10x_gpio.o(i.GPIO_ReadOutputDataBit)
    GPIO_ResetBits                           0x08000b79   Thumb Code     4  stm32f10x_gpio.o(i.GPIO_ResetBits)
    GPIO_SetBits                             0x08000b7d   Thumb Code     4  stm32f10x_gpio.o(i.GPIO_SetBits)
    GPIO_WriteBit                            0x08000b81   Thumb Code    10  stm32f10x_gpio.o(i.GPIO_WriteBit)
    HardFault_Handler                        0x08000b8b   Thumb Code     2  stm32f10x_it.o(i.HardFault_Handler)
    I2S_Cmd                                  0x08000b8d   Thumb Code    20  stm32f10x_spi.o(i.I2S_Cmd)
    I2S_Init                                 0x08000ba1   Thumb Code   152  stm32f10x_spi.o(i.I2S_Init)
    MX_USART1_Init                           0x08000c39   Thumb Code   190  usart.o(i.MX_USART1_Init)
    MemManage_Handler                        0x08000d01   Thumb Code     2  stm32f10x_it.o(i.MemManage_Handler)
    NMI_Handler                              0x08000d03   Thumb Code     2  stm32f10x_it.o(i.NMI_Handler)
    NVIC_Init                                0x08000d05   Thumb Code    94  misc.o(i.NVIC_Init)
    NVIC_PriorityGroupConfig                 0x08000d69   Thumb Code    10  misc.o(i.NVIC_PriorityGroupConfig)
    PendSV_Handler                           0x08000d7d   Thumb Code     2  stm32f10x_it.o(i.PendSV_Handler)
    RCC_AHBPeriphClockCmd                    0x08000d81   Thumb Code    18  stm32f10x_rcc.o(i.RCC_AHBPeriphClockCmd)
    RCC_APB1PeriphClockCmd                   0x08000d99   Thumb Code    18  stm32f10x_rcc.o(i.RCC_APB1PeriphClockCmd)
    RCC_APB1PeriphResetCmd                   0x08000db1   Thumb Code    18  stm32f10x_rcc.o(i.RCC_APB1PeriphResetCmd)
    RCC_APB2PeriphClockCmd                   0x08000dc9   Thumb Code    18  stm32f10x_rcc.o(i.RCC_APB2PeriphClockCmd)
    RCC_APB2PeriphResetCmd                   0x08000de1   Thumb Code    18  stm32f10x_rcc.o(i.RCC_APB2PeriphResetCmd)
    RCC_GetClocksFreq                        0x08000df9   Thumb Code   128  stm32f10x_rcc.o(i.RCC_GetClocksFreq)
    SPI_I2S_DMACmd                           0x08000e89   Thumb Code    16  stm32f10x_spi.o(i.SPI_I2S_DMACmd)
    SPI_I2S_DeInit                           0x08000e99   Thumb Code    72  stm32f10x_spi.o(i.SPI_I2S_DeInit)
    SPI_I2S_GetFlagStatus                    0x08000eed   Thumb Code    14  stm32f10x_spi.o(i.SPI_I2S_GetFlagStatus)
    SPI_I2S_ReceiveData                      0x08000efb   Thumb Code     4  stm32f10x_spi.o(i.SPI_I2S_ReceiveData)
    SPI_I2S_SendData                         0x08000eff   Thumb Code     4  stm32f10x_spi.o(i.SPI_I2S_SendData)
    SVC_Handler                              0x08000f03   Thumb Code     2  stm32f10x_it.o(i.SVC_Handler)
    SysTick_CLKSourceConfig                  0x08000fad   Thumb Code    24  misc.o(i.SysTick_CLKSourceConfig)
    SysTick_Handler                          0x08000fc5   Thumb Code     2  stm32f10x_it.o(i.SysTick_Handler)
    SystemInit                               0x08000fc9   Thumb Code    64  system_stm32f10x.o(i.SystemInit)
    USART1_IRQHandler                        0x08001019   Thumb Code    74  usart.o(i.USART1_IRQHandler)
    USART_Cmd                                0x08001071   Thumb Code    20  stm32f10x_usart.o(i.USART_Cmd)
    USART_GetITStatus                        0x08001085   Thumb Code    62  stm32f10x_usart.o(i.USART_GetITStatus)
    USART_ITConfig                           0x080010c3   Thumb Code    48  stm32f10x_usart.o(i.USART_ITConfig)
    USART_Init                               0x080010f5   Thumb Code   166  stm32f10x_usart.o(i.USART_Init)
    USART_ReceiveData                        0x080011a1   Thumb Code     8  stm32f10x_usart.o(i.USART_ReceiveData)
    UsageFault_Handler                       0x080011a9   Thumb Code     2  stm32f10x_it.o(i.UsageFault_Handler)
    _is_digit                                0x080011ab   Thumb Code    14  __printf_wp.o(i._is_digit)
    _sys_exit                                0x080011b9   Thumb Code     2  usart.o(i._sys_exit)
    audio_record_demo_once                   0x08001389   Thumb Code   704  record_audio_record.o(i.audio_record_demo_once)
    audio_record_get_debug_info              0x080018ed   Thumb Code     4  record_audio_record.o(i.audio_record_get_debug_info)
    board_audio_capture_mono_sample          0x08001ed1   Thumb Code   134  record_board_audio.o(i.board_audio_capture_mono_sample)
    board_audio_drain                        0x080025c5   Thumb Code     4  record_board_audio.o(i.board_audio_drain)
    board_audio_get_debug_info               0x080025c9   Thumb Code     4  record_board_audio.o(i.board_audio_get_debug_info)
    board_audio_get_monitor_dac_volume_reg   0x080025d1   Thumb Code     4  record_board_audio.o(i.board_audio_get_monitor_dac_volume_reg)
    board_audio_get_playback_volume_percent  0x080025d5   Thumb Code     4  record_board_audio.o(i.board_audio_get_playback_volume_percent)
    board_audio_get_record_adc_scale_reg     0x080025d9   Thumb Code     4  record_board_audio.o(i.board_audio_get_record_adc_scale_reg)
    board_audio_get_record_adc_volume_reg    0x080025dd   Thumb Code     4  record_board_audio.o(i.board_audio_get_record_adc_volume_reg)
    board_audio_get_record_mic_path_reg      0x080025e1   Thumb Code     4  record_board_audio.o(i.board_audio_get_record_mic_path_reg)
    board_audio_init_playback                0x0800285d   Thumb Code    82  record_board_audio.o(i.board_audio_init_playback)
    board_audio_init_record_rate             0x080028b9   Thumb Code   116  record_board_audio.o(i.board_audio_init_record_rate)
    board_audio_play_pcm                     0x08002935   Thumb Code   212  record_board_audio.o(i.board_audio_play_pcm)
    board_audio_play_test_tone               0x08002a19   Thumb Code    96  record_board_audio.o(i.board_audio_play_test_tone)
    board_audio_scan_i2s_pins                0x08002b95   Thumb Code   416  record_board_audio.o(i.board_audio_scan_i2s_pins)
    board_audio_set_sample_rate              0x08002d45   Thumb Code    18  record_board_audio.o(i.board_audio_set_sample_rate)
    board_audio_stop_playback                0x08002d5d   Thumb Code    24  record_board_audio.o(i.board_audio_stop_playback)
    delay_Init                               0x08002df5   Thumb Code     8  delay.o(i.delay_Init)
    delay_ms                                 0x08002dfd   Thumb Code    68  delay.o(i.delay_ms)
    fputc                                    0x0800382d   Thumb Code    18  usart.o(i.fputc)
    main                                     0x08003961   Thumb Code   216  record_main.o(i.main)
    Region$$Table$$Base                      0x08004978   Number         0  anon$$obj.o(Region$$Table)
    Region$$Table$$Limit                     0x08004998   Number         0  anon$$obj.o(Region$$Table)
    LED2_BitVal                              0x20000000   Data           1  exti.o(.data)
    U1Rx_LEN                                 0x20000001   Data           1  usart.o(.data)
    U1Rx_IDLE_FLAG                           0x20000002   Data           1  usart.o(.data)
    __stdout                                 0x20000004   Data           4  usart.o(.data)
    U1Rx_Data                                0x20000050   Data         128  usart.o(.bss)
    __libspace_start                         0x2000cd8c   Data          96  libspace.o(.bss)
    __temporary_stack_top$libspace           0x2000cdec   Data           0  libspace.o(.bss)



==============================================================================

Memory Map of the image

  Image Entry point : 0x08000131

  Load Region LR_IROM1 (Base: 0x08000000, Size: 0x000049e8, Max: 0x00080000, ABSOLUTE)

    Execution Region ER_IROM1 (Exec base: 0x08000000, Load base: 0x08000000, Size: 0x00004998, Max: 0x00080000, ABSOLUTE)

    Exec Addr    Load Addr    Size         Type   Attr      Idx    E Section Name        Object

    0x08000000   0x08000000   0x00000130   Data   RO           19    RESET               startup_stm32f10x_hd.o
    0x08000130   0x08000130   0x00000008   Code   RO         3860  * !!!main             c_w.l(__main.o)
    0x08000138   0x08000138   0x00000034   Code   RO         4042    !!!scatter          c_w.l(__scatter.o)
    0x0800016c   0x0800016c   0x0000001a   Code   RO         4044    !!handler_copy      c_w.l(__scatter_copy.o)
    0x08000186   0x08000186   0x00000002   PAD
    0x08000188   0x08000188   0x0000001c   Code   RO         4046    !!handler_zi        c_w.l(__scatter_zi.o)
    0x080001a4   0x080001a4   0x00000000   Code   RO         3851    .ARM.Collect$$_printf_percent$$00000000  c_w.l(_printf_percent.o)
    0x080001a4   0x080001a4   0x00000006   Code   RO         3849    .ARM.Collect$$_printf_percent$$00000009  c_w.l(_printf_d.o)
    0x080001aa   0x080001aa   0x00000006   Code   RO         3850    .ARM.Collect$$_printf_percent$$0000000A  c_w.l(_printf_u.o)
    0x080001b0   0x080001b0   0x00000006   Code   RO         3848    .ARM.Collect$$_printf_percent$$0000000C  c_w.l(_printf_x.o)
    0x080001b6   0x080001b6   0x00000006   Code   RO         3847    .ARM.Collect$$_printf_percent$$00000014  c_w.l(_printf_s.o)
    0x080001bc   0x080001bc   0x00000004   Code   RO         3875    .ARM.Collect$$_printf_percent$$00000017  c_w.l(_printf_percent_end.o)
    0x080001c0   0x080001c0   0x00000002   Code   RO         3914    .ARM.Collect$$libinit$$00000000  c_w.l(libinit.o)
    0x080001c2   0x080001c2   0x00000000   Code   RO         3927    .ARM.Collect$$libinit$$00000002  c_w.l(libinit2.o)
    0x080001c2   0x080001c2   0x00000000   Code   RO         3929    .ARM.Collect$$libinit$$00000004  c_w.l(libinit2.o)
    0x080001c2   0x080001c2   0x00000000   Code   RO         3932    .ARM.Collect$$libinit$$0000000A  c_w.l(libinit2.o)
    0x080001c2   0x080001c2   0x00000000   Code   RO         3934    .ARM.Collect$$libinit$$0000000C  c_w.l(libinit2.o)
    0x080001c2   0x080001c2   0x00000000   Code   RO         3936    .ARM.Collect$$libinit$$0000000E  c_w.l(libinit2.o)
    0x080001c2   0x080001c2   0x00000000   Code   RO         3939    .ARM.Collect$$libinit$$00000011  c_w.l(libinit2.o)
    0x080001c2   0x080001c2   0x00000000   Code   RO         3941    .ARM.Collect$$libinit$$00000013  c_w.l(libinit2.o)
    0x080001c2   0x080001c2   0x00000000   Code   RO         3943    .ARM.Collect$$libinit$$00000015  c_w.l(libinit2.o)
    0x080001c2   0x080001c2   0x00000000   Code   RO         3945    .ARM.Collect$$libinit$$00000017  c_w.l(libinit2.o)
    0x080001c2   0x080001c2   0x00000000   Code   RO         3947    .ARM.Collect$$libinit$$00000019  c_w.l(libinit2.o)
    0x080001c2   0x080001c2   0x00000000   Code   RO         3949    .ARM.Collect$$libinit$$0000001B  c_w.l(libinit2.o)
    0x080001c2   0x080001c2   0x00000000   Code   RO         3951    .ARM.Collect$$libinit$$0000001D  c_w.l(libinit2.o)
    0x080001c2   0x080001c2   0x00000000   Code   RO         3953    .ARM.Collect$$libinit$$0000001F  c_w.l(libinit2.o)
    0x080001c2   0x080001c2   0x00000000   Code   RO         3955    .ARM.Collect$$libinit$$00000021  c_w.l(libinit2.o)
    0x080001c2   0x080001c2   0x00000000   Code   RO         3957    .ARM.Collect$$libinit$$00000023  c_w.l(libinit2.o)
    0x080001c2   0x080001c2   0x00000000   Code   RO         3959    .ARM.Collect$$libinit$$00000025  c_w.l(libinit2.o)
    0x080001c2   0x080001c2   0x00000000   Code   RO         3963    .ARM.Collect$$libinit$$0000002C  c_w.l(libinit2.o)
    0x080001c2   0x080001c2   0x00000000   Code   RO         3965    .ARM.Collect$$libinit$$0000002E  c_w.l(libinit2.o)
    0x080001c2   0x080001c2   0x00000000   Code   RO         3967    .ARM.Collect$$libinit$$00000030  c_w.l(libinit2.o)
    0x080001c2   0x080001c2   0x00000000   Code   RO         3969    .ARM.Collect$$libinit$$00000032  c_w.l(libinit2.o)
    0x080001c2   0x080001c2   0x00000002   Code   RO         3970    .ARM.Collect$$libinit$$00000033  c_w.l(libinit2.o)
    0x080001c4   0x080001c4   0x00000002   Code   RO         3996    .ARM.Collect$$libshutdown$$00000000  c_w.l(libshutdown.o)
    0x080001c6   0x080001c6   0x00000000   Code   RO         4023    .ARM.Collect$$libshutdown$$00000002  c_w.l(libshutdown2.o)
    0x080001c6   0x080001c6   0x00000000   Code   RO         4025    .ARM.Collect$$libshutdown$$00000004  c_w.l(libshutdown2.o)
    0x080001c6   0x080001c6   0x00000000   Code   RO         4027    .ARM.Collect$$libshutdown$$00000006  c_w.l(libshutdown2.o)
    0x080001c6   0x080001c6   0x00000000   Code   RO         4030    .ARM.Collect$$libshutdown$$00000009  c_w.l(libshutdown2.o)
    0x080001c6   0x080001c6   0x00000000   Code   RO         4033    .ARM.Collect$$libshutdown$$0000000C  c_w.l(libshutdown2.o)
    0x080001c6   0x080001c6   0x00000000   Code   RO         4035    .ARM.Collect$$libshutdown$$0000000E  c_w.l(libshutdown2.o)
    0x080001c6   0x080001c6   0x00000000   Code   RO         4038    .ARM.Collect$$libshutdown$$00000011  c_w.l(libshutdown2.o)
    0x080001c6   0x080001c6   0x00000002   Code   RO         4039    .ARM.Collect$$libshutdown$$00000012  c_w.l(libshutdown2.o)
    0x080001c8   0x080001c8   0x00000000   Code   RO         3864    .ARM.Collect$$rtentry$$00000000  c_w.l(__rtentry.o)
    0x080001c8   0x080001c8   0x00000000   Code   RO         3877    .ARM.Collect$$rtentry$$00000002  c_w.l(__rtentry2.o)
    0x080001c8   0x080001c8   0x00000006   Code   RO         3889    .ARM.Collect$$rtentry$$00000004  c_w.l(__rtentry4.o)
    0x080001ce   0x080001ce   0x00000000   Code   RO         3879    .ARM.Collect$$rtentry$$00000009  c_w.l(__rtentry2.o)
    0x080001ce   0x080001ce   0x00000004   Code   RO         3880    .ARM.Collect$$rtentry$$0000000A  c_w.l(__rtentry2.o)
    0x080001d2   0x080001d2   0x00000000   Code   RO         3882    .ARM.Collect$$rtentry$$0000000C  c_w.l(__rtentry2.o)
    0x080001d2   0x080001d2   0x00000008   Code   RO         3883    .ARM.Collect$$rtentry$$0000000D  c_w.l(__rtentry2.o)
    0x080001da   0x080001da   0x00000002   Code   RO         3918    .ARM.Collect$$rtexit$$00000000  c_w.l(rtexit.o)
    0x080001dc   0x080001dc   0x00000000   Code   RO         3972    .ARM.Collect$$rtexit$$00000002  c_w.l(rtexit2.o)
    0x080001dc   0x080001dc   0x00000004   Code   RO         3973    .ARM.Collect$$rtexit$$00000003  c_w.l(rtexit2.o)
    0x080001e0   0x080001e0   0x00000006   Code   RO         3974    .ARM.Collect$$rtexit$$00000004  c_w.l(rtexit2.o)
    0x080001e6   0x080001e6   0x00000002   PAD
    0x080001e8   0x080001e8   0x00000040   Code   RO           20    .text               startup_stm32f10x_hd.o
    0x08000228   0x08000228   0x00000002   Code   RO         3790    .text               c_w.l(use_no_semi_2.o)
    0x0800022a   0x0800022a   0x000000ee   Code   RO         3792    .text               c_w.l(lludivv7m.o)
    0x08000318   0x08000318   0x00000018   Code   RO         3796    .text               c_w.l(noretval__2printf.o)
    0x08000330   0x08000330   0x0000004e   Code   RO         3800    .text               c_w.l(_printf_pad.o)
    0x0800037e   0x0800037e   0x00000052   Code   RO         3802    .text               c_w.l(_printf_str.o)
    0x080003d0   0x080003d0   0x00000078   Code   RO         3804    .text               c_w.l(_printf_dec.o)
    0x08000448   0x08000448   0x00000058   Code   RO         3809    .text               c_w.l(_printf_hex_int.o)
    0x080004a0   0x080004a0   0x00000188   Code   RO         3844    .text               c_w.l(__printf_flags_ss_wp.o)
    0x08000628   0x08000628   0x00000064   Code   RO         3852    .text               c_w.l(rt_memcpy_w.o)
    0x0800068c   0x0800068c   0x00000044   Code   RO         3854    .text               c_w.l(rt_memclr.o)
    0x080006d0   0x080006d0   0x0000004e   Code   RO         3856    .text               c_w.l(rt_memclr_w.o)
    0x0800071e   0x0800071e   0x00000006   Code   RO         3858    .text               c_w.l(heapauxi.o)
    0x08000724   0x08000724   0x00000002   Code   RO         3862    .text               c_w.l(use_no_semi.o)
    0x08000726   0x08000726   0x000000b2   Code   RO         3869    .text               c_w.l(_printf_intcommon.o)
    0x080007d8   0x080007d8   0x0000002c   Code   RO         3871    .text               c_w.l(_printf_char.o)
    0x08000804   0x08000804   0x00000024   Code   RO         3873    .text               c_w.l(_printf_char_file.o)
    0x08000828   0x08000828   0x00000030   Code   RO         3893    .text               c_w.l(_printf_char_common.o)
    0x08000858   0x08000858   0x00000008   Code   RO         3895    .text               c_w.l(ferror.o)
    0x08000860   0x08000860   0x0000004a   Code   RO         3899    .text               c_w.l(sys_stackheap_outer.o)
    0x080008aa   0x080008aa   0x00000012   Code   RO         3903    .text               c_w.l(exit.o)
    0x080008bc   0x080008bc   0x00000008   Code   RO         3915    .text               c_w.l(libspace.o)
    0x080008c4   0x080008c4   0x00000002   Code   RO          197    i.BusFault_Handler  stm32f10x_it.o
    0x080008c6   0x080008c6   0x00000016   Code   RO         1566    i.DMA_Cmd           stm32f10x_dma.o
    0x080008dc   0x080008dc   0x000000e4   Code   RO         1567    i.DMA_DeInit        stm32f10x_dma.o
    0x080009c0   0x080009c0   0x00000006   Code   RO         1568    i.DMA_GetCurrDataCounter  stm32f10x_dma.o
    0x080009c6   0x080009c6   0x0000003a   Code   RO         1572    i.DMA_Init          stm32f10x_dma.o
    0x08000a00   0x08000a00   0x00000002   Code   RO          198    i.DebugMon_Handler  stm32f10x_it.o
    0x08000a02   0x08000a02   0x00000002   PAD
    0x08000a04   0x08000a04   0x00000050   Code   RO           24    i.EXTI1_IRQHandler  exti.o
    0x08000a54   0x08000a54   0x0000000c   Code   RO         1637    i.EXTI_ClearITPendingBit  stm32f10x_exti.o
    0x08000a60   0x08000a60   0x000000a2   Code   RO         1988    i.GPIO_Init         stm32f10x_gpio.o
    0x08000b02   0x08000b02   0x00000002   PAD
    0x08000b04   0x08000b04   0x00000058   Code   RO         1990    i.GPIO_PinRemapConfig  stm32f10x_gpio.o
    0x08000b5c   0x08000b5c   0x0000000e   Code   RO         1992    i.GPIO_ReadInputDataBit  stm32f10x_gpio.o
    0x08000b6a   0x08000b6a   0x0000000e   Code   RO         1994    i.GPIO_ReadOutputDataBit  stm32f10x_gpio.o
    0x08000b78   0x08000b78   0x00000004   Code   RO         1995    i.GPIO_ResetBits    stm32f10x_gpio.o
    0x08000b7c   0x08000b7c   0x00000004   Code   RO         1996    i.GPIO_SetBits      stm32f10x_gpio.o
    0x08000b80   0x08000b80   0x0000000a   Code   RO         1999    i.GPIO_WriteBit     stm32f10x_gpio.o
    0x08000b8a   0x08000b8a   0x00000002   Code   RO          199    i.HardFault_Handler  stm32f10x_it.o
    0x08000b8c   0x08000b8c   0x00000014   Code   RO         2877    i.I2S_Cmd           stm32f10x_spi.o
    0x08000ba0   0x08000ba0   0x00000098   Code   RO         2878    i.I2S_Init          stm32f10x_spi.o
    0x08000c38   0x08000c38   0x000000c8   Code   RO          337    i.MX_USART1_Init    usart.o
    0x08000d00   0x08000d00   0x00000002   Code   RO          200    i.MemManage_Handler  stm32f10x_it.o
    0x08000d02   0x08000d02   0x00000002   Code   RO          201    i.NMI_Handler       stm32f10x_it.o
    0x08000d04   0x08000d04   0x00000064   Code   RO          839    i.NVIC_Init         misc.o
    0x08000d68   0x08000d68   0x00000014   Code   RO          840    i.NVIC_PriorityGroupConfig  misc.o
    0x08000d7c   0x08000d7c   0x00000002   Code   RO          202    i.PendSV_Handler    stm32f10x_it.o
    0x08000d7e   0x08000d7e   0x00000002   PAD
    0x08000d80   0x08000d80   0x00000018   Code   RO         2403    i.RCC_AHBPeriphClockCmd  stm32f10x_rcc.o
    0x08000d98   0x08000d98   0x00000018   Code   RO         2404    i.RCC_APB1PeriphClockCmd  stm32f10x_rcc.o
    0x08000db0   0x08000db0   0x00000018   Code   RO         2405    i.RCC_APB1PeriphResetCmd  stm32f10x_rcc.o
    0x08000dc8   0x08000dc8   0x00000018   Code   RO         2406    i.RCC_APB2PeriphClockCmd  stm32f10x_rcc.o
    0x08000de0   0x08000de0   0x00000018   Code   RO         2407    i.RCC_APB2PeriphResetCmd  stm32f10x_rcc.o
    0x08000df8   0x08000df8   0x00000090   Code   RO         2414    i.RCC_GetClocksFreq  stm32f10x_rcc.o
    0x08000e88   0x08000e88   0x00000010   Code   RO         2888    i.SPI_I2S_DMACmd    stm32f10x_spi.o
    0x08000e98   0x08000e98   0x00000054   Code   RO         2889    i.SPI_I2S_DeInit    stm32f10x_spi.o
    0x08000eec   0x08000eec   0x0000000e   Code   RO         2890    i.SPI_I2S_GetFlagStatus  stm32f10x_spi.o
    0x08000efa   0x08000efa   0x00000004   Code   RO         2893    i.SPI_I2S_ReceiveData  stm32f10x_spi.o
    0x08000efe   0x08000efe   0x00000004   Code   RO         2894    i.SPI_I2S_SendData  stm32f10x_spi.o
    0x08000f02   0x08000f02   0x00000002   Code   RO          203    i.SVC_Handler       stm32f10x_it.o
    0x08000f04   0x08000f04   0x000000a8   Code   RO          260    i.SetSysClockTo72   system_stm32f10x.o
    0x08000fac   0x08000fac   0x00000018   Code   RO          843    i.SysTick_CLKSourceConfig  misc.o
    0x08000fc4   0x08000fc4   0x00000002   Code   RO          204    i.SysTick_Handler   stm32f10x_it.o
    0x08000fc6   0x08000fc6   0x00000002   PAD
    0x08000fc8   0x08000fc8   0x00000050   Code   RO          262    i.SystemInit        system_stm32f10x.o
    0x08001018   0x08001018   0x00000058   Code   RO          338    i.USART1_IRQHandler  usart.o
    0x08001070   0x08001070   0x00000014   Code   RO         3558    i.USART_Cmd         stm32f10x_usart.o
    0x08001084   0x08001084   0x0000003e   Code   RO         3562    i.USART_GetITStatus  stm32f10x_usart.o
    0x080010c2   0x080010c2   0x00000030   Code   RO         3564    i.USART_ITConfig    stm32f10x_usart.o
    0x080010f2   0x080010f2   0x00000002   PAD
    0x080010f4   0x080010f4   0x000000ac   Code   RO         3565    i.USART_Init        stm32f10x_usart.o
    0x080011a0   0x080011a0   0x00000008   Code   RO         3572    i.USART_ReceiveData  stm32f10x_usart.o
    0x080011a8   0x080011a8   0x00000002   Code   RO          205    i.UsageFault_Handler  stm32f10x_it.o
    0x080011aa   0x080011aa   0x0000000e   Code   RO         3837    i._is_digit         c_w.l(__printf_wp.o)
    0x080011b8   0x080011b8   0x00000002   Code   RO          339    i._sys_exit         usart.o
    0x080011ba   0x080011ba   0x00000012   Code   RO          454    i.audio_delay_short  record_board_audio.o
    0x080011cc   0x080011cc   0x00000014   Code   RO          379    i.audio_record_abs16  record_audio_record.o
    0x080011e0   0x080011e0   0x00000064   Code   RO          380    i.audio_record_adpcm_decode_sample  record_audio_record.o
    0x08001244   0x08001244   0x00000080   Code   RO          381    i.audio_record_adpcm_encode_sample  record_audio_record.o
    0x080012c4   0x080012c4   0x000000a8   Code   RO          382    i.audio_record_capture_adpcm  record_audio_record.o
    0x0800136c   0x0800136c   0x0000001c   Code   RO          383    i.audio_record_clamp_int16  record_audio_record.o
    0x08001388   0x08001388   0x00000564   Code   RO          384    i.audio_record_demo_once  record_audio_record.o
    0x080018ec   0x080018ec   0x00000008   Code   RO          385    i.audio_record_get_debug_info  record_audio_record.o
    0x080018f4   0x080018f4   0x000000f8   Code   RO          386    i.audio_record_play_adpcm  record_audio_record.o
    0x080019ec   0x080019ec   0x00000048   Code   RO          387    i.audio_record_reset_stats  record_audio_record.o
    0x08001a34   0x08001a34   0x00000068   Code   RO          388    i.audio_record_stage_log  record_audio_record.o
    0x08001a9c   0x08001a9c   0x00000080   Code   RO          389    i.audio_record_update_capture_stats  record_audio_record.o
    0x08001b1c   0x08001b1c   0x00000014   Code   RO          455    i.board_audio_abs16  record_board_audio.o
    0x08001b30   0x08001b30   0x00000028   Code   RO          459    i.board_audio_apply_volume  record_board_audio.o
    0x08001b58   0x08001b58   0x00000300   Code   RO          460    i.board_audio_capture_debug_regs  record_board_audio.o
    0x08001e58   0x08001e58   0x00000078   Code   RO          461    i.board_audio_capture_mcu_debug  record_board_audio.o
    0x08001ed0   0x08001ed0   0x0000008c   Code   RO          462    i.board_audio_capture_mono_sample  record_board_audio.o
    0x08001f5c   0x08001f5c   0x0000008c   Code   RO          465    i.board_audio_capture_update_raw_debug  record_board_audio.o
    0x08001fe8   0x08001fe8   0x000001a0   Code   RO          466    i.board_audio_codec_init_playback  record_board_audio.o
    0x08002188   0x08002188   0x000001c8   Code   RO          467    i.board_audio_codec_init_record  record_board_audio.o
    0x08002350   0x08002350   0x00000048   Code   RO          469    i.board_audio_dma_drain  record_board_audio.o
    0x08002398   0x08002398   0x0000002c   Code   RO          470    i.board_audio_dma_read_index  record_board_audio.o
    0x080023c4   0x080023c4   0x00000038   Code   RO          471    i.board_audio_dma_recover_if_underrun  record_board_audio.o
    0x080023fc   0x080023fc   0x0000009c   Code   RO          472    i.board_audio_dma_start  record_board_audio.o
    0x08002498   0x08002498   0x00000034   Code   RO          473    i.board_audio_dma_stop  record_board_audio.o
    0x080024cc   0x080024cc   0x00000024   Code   RO          474    i.board_audio_dma_update_read_total  record_board_audio.o
    0x080024f0   0x080024f0   0x0000001c   Code   RO          475    i.board_audio_dma_used_halfwords  record_board_audio.o
    0x0800250c   0x0800250c   0x000000b8   Code   RO          476    i.board_audio_dma_write_frame  record_board_audio.o
    0x080025c4   0x080025c4   0x00000004   Code   RO          477    i.board_audio_drain  record_board_audio.o
    0x080025c8   0x080025c8   0x00000008   Code   RO          478    i.board_audio_get_debug_info  record_board_audio.o
    0x080025d0   0x080025d0   0x00000004   Code   RO          479    i.board_audio_get_monitor_dac_volume_reg  record_board_audio.o
    0x080025d4   0x080025d4   0x00000004   Code   RO          480    i.board_audio_get_playback_volume_percent  record_board_audio.o
    0x080025d8   0x080025d8   0x00000004   Code   RO          481    i.board_audio_get_record_adc_scale_reg  record_board_audio.o
    0x080025dc   0x080025dc   0x00000004   Code   RO          482    i.board_audio_get_record_adc_volume_reg  record_board_audio.o
    0x080025e0   0x080025e0   0x00000004   Code   RO          483    i.board_audio_get_record_mic_path_reg  record_board_audio.o
    0x080025e4   0x080025e4   0x000000d0   Code   RO          485    i.board_audio_gpio_init  record_board_audio.o
    0x080026b4   0x080026b4   0x00000024   Code   RO          486    i.board_audio_gpio_init_record_inputs  record_board_audio.o
    0x080026d8   0x080026d8   0x0000005e   Code   RO          487    i.board_audio_i2s_freq  record_board_audio.o
    0x08002736   0x08002736   0x00000002   PAD
    0x08002738   0x08002738   0x00000078   Code   RO          488    i.board_audio_i2s_init_rx_rate  record_board_audio.o
    0x080027b0   0x080027b0   0x00000078   Code   RO          489    i.board_audio_i2s_init_tx_rate  record_board_audio.o
    0x08002828   0x08002828   0x00000034   Code   RO          490    i.board_audio_i2s_stop_quiet  record_board_audio.o
    0x0800285c   0x0800285c   0x0000005c   Code   RO          492    i.board_audio_init_playback  record_board_audio.o
    0x080028b8   0x080028b8   0x0000007c   Code   RO          494    i.board_audio_init_record_rate  record_board_audio.o
    0x08002934   0x08002934   0x000000e4   Code   RO          495    i.board_audio_play_pcm  record_board_audio.o
    0x08002a18   0x08002a18   0x00000068   Code   RO          496    i.board_audio_play_test_tone  record_board_audio.o
    0x08002a80   0x08002a80   0x0000007c   Code   RO          498    i.board_audio_read_word  record_board_audio.o
    0x08002afc   0x08002afc   0x00000064   Code   RO          499    i.board_audio_record_key_ready  record_board_audio.o
    0x08002b60   0x08002b60   0x00000034   Code   RO          500    i.board_audio_reset_debug  record_board_audio.o
    0x08002b94   0x08002b94   0x000001b0   Code   RO          501    i.board_audio_scan_i2s_pins  record_board_audio.o
    0x08002d44   0x08002d44   0x00000018   Code   RO          502    i.board_audio_set_sample_rate  record_board_audio.o
    0x08002d5c   0x08002d5c   0x0000001c   Code   RO          507    i.board_audio_stop_playback  record_board_audio.o
    0x08002d78   0x08002d78   0x00000024   Code   RO          508    i.board_audio_update_dma_debug  record_board_audio.o
    0x08002d9c   0x08002d9c   0x00000024   Code   RO          509    i.board_audio_write_word  record_board_audio.o
    0x08002dc0   0x08002dc0   0x00000018   Code   RO          141    i.check_text        record_main.o
    0x08002dd8   0x08002dd8   0x0000001c   Code   RO          142    i.codec_i2c_seen    record_main.o
    0x08002df4   0x08002df4   0x00000008   Code   RO          289    i.delay_Init        delay.o
    0x08002dfc   0x08002dfc   0x00000044   Code   RO          290    i.delay_ms          delay.o
    0x08002e40   0x08002e40   0x00000358   Code   RO          143    i.dump_board_audio_debug_ptr  record_main.o
    0x08003198   0x08003198   0x000000b4   Code   RO          144    i.dump_playback_path_check  record_main.o
    0x0800324c   0x0800324c   0x00000294   Code   RO          145    i.dump_record_debug  record_main.o
    0x080034e0   0x080034e0   0x000001a8   Code   RO          146    i.dump_record_path_check  record_main.o
    0x08003688   0x08003688   0x0000006c   Code   RO          510    i.es8311_probe      record_board_audio.o
    0x080036f4   0x080036f4   0x00000054   Code   RO          511    i.es8311_probe_addr  record_board_audio.o
    0x08003748   0x08003748   0x00000018   Code   RO          512    i.es8311_read_reg   record_board_audio.o
    0x08003760   0x08003760   0x00000088   Code   RO          513    i.es8311_read_reg_raw  record_board_audio.o
    0x080037e8   0x080037e8   0x00000044   Code   RO          514    i.es8311_write_reg  record_board_audio.o
    0x0800382c   0x0800382c   0x00000018   Code   RO          340    i.fputc             usart.o
    0x08003844   0x08003844   0x00000028   Code   RO          516    i.i2c_capture_bus_state  record_board_audio.o
    0x0800386c   0x0800386c   0x00000030   Code   RO          517    i.i2c_line_drive_low  record_board_audio.o
    0x0800389c   0x0800389c   0x00000030   Code   RO          518    i.i2c_line_input_pullup  record_board_audio.o
    0x080038cc   0x080038cc   0x0000000c   Code   RO          519    i.i2c_sda_read      record_board_audio.o
    0x080038d8   0x080038d8   0x0000001e   Code   RO          520    i.i2c_start         record_board_audio.o
    0x080038f6   0x080038f6   0x00000018   Code   RO          521    i.i2c_stop          record_board_audio.o
    0x0800390e   0x0800390e   0x00000052   Code   RO          522    i.i2c_write_byte    record_board_audio.o
    0x08003960   0x08003960   0x00000248   Code   RO          147    i.main              record_main.o
    0x08003ba8   0x08003ba8   0x000001a4   Data   RO          391    .constdata          record_audio_record.o
    0x08003d4c   0x08003d4c   0x00000060   Data   RO          524    .constdata          record_board_audio.o
    0x08003dac   0x08003dac   0x00000028   Data   RO         3810    .constdata          c_w.l(_printf_hex_int.o)
    0x08003dd4   0x08003dd4   0x00000011   Data   RO         3845    .constdata          c_w.l(__printf_flags_ss_wp.o)
    0x08003de5   0x08003de5   0x00000003   PAD
    0x08003de8   0x08003de8   0x000009e7   Data   RO          148    .conststring        record_main.o
    0x080047cf   0x080047cf   0x00000001   PAD
    0x080047d0   0x080047d0   0x000001a8   Data   RO          392    .conststring        record_audio_record.o
    0x08004978   0x08004978   0x00000020   Data   RO         4040    Region$$Table       anon$$obj.o


    Execution Region RW_IRAM1 (Exec base: 0x20000000, Load base: 0x08004998, Size: 0x0000eff0, Max: 0x00010000, ABSOLUTE)

    Exec Addr    Load Addr    Size         Type   Attr      Idx    E Section Name        Object

    0x20000000   0x08004998   0x00000001   Data   RW           26    .data               exti.o
    0x20000001   0x08004999   0x00000002   Data   RW          342    .data               usart.o
    0x20000003   0x0800499b   0x00000001   PAD
    0x20000004   0x0800499c   0x00000004   Data   RW          343    .data               usart.o
    0x20000008   0x080049a0   0x00000010   Data   RW          393    .data               record_audio_record.o
    0x20000018   0x080049b0   0x00000024   Data   RW          525    .data               record_board_audio.o
    0x2000003c   0x080049d4   0x00000014   Data   RW         2434    .data               stm32f10x_rcc.o
    0x20000050        -       0x00000080   Zero   RW          341    .bss                usart.o
    0x200000d0        -       0x0000ab04   Zero   RW          390    .bss                record_audio_record.o
    0x2000abd4        -       0x000021b8   Zero   RW          523    .bss                record_board_audio.o
    0x2000cd8c        -       0x00000060   Zero   RW         3916    .bss                c_w.l(libspace.o)
    0x2000cdec   0x080049e8   0x00000004   PAD
    0x2000cdf0        -       0x00000200   Zero   RW           18    HEAP                startup_stm32f10x_hd.o
    0x2000cff0        -       0x00002000   Zero   RW           17    STACK               startup_stm32f10x_hd.o


==============================================================================

Image component sizes


      Code (inc. data)   RO Data    RW Data    ZI Data      Debug   Object Name

         0          0          0          0          0       4540   core_cm3.o
        76          0          0          0          0       1028   delay.o
        80         12          0          1          0     245361   exti.o
       144         16          0          0          0       1969   misc.o
      2384        768        844         16      43780      10851   record_audio_record.o
      5492        372         96         36       8632      40480   record_board_audio.o
      2756        870       2535          0          0      10907   record_main.o
        64         26        304          0       8704        816   startup_stm32f10x_hd.o
       314         10          0          0          0       4039   stm32f10x_dma.o
        12          6          0          0          0        505   stm32f10x_exti.o
       296          6          0          0          0       5435   stm32f10x_gpio.o
        18          0          0          0          0       3866   stm32f10x_it.o
       264         46          0         20          0       6112   stm32f10x_rcc.o
       294         12          0          0          0       5312   stm32f10x_spi.o
       310          6          0          0          0       4926   stm32f10x_usart.o
       248         24          0          0          0       1537   system_stm32f10x.o
       314         30          0          6        128       4189   usart.o

    ----------------------------------------------------------------------
     13078       2204       3812         80      61244     351873   Object Totals
         0          0         32          0          0          0   (incl. Generated)
        12          0          1          1          0          0   (incl. Padding)

    ----------------------------------------------------------------------

      Code (inc. data)   RO Data    RW Data    ZI Data      Debug   Library Member Name

         8          0          0          0          0         68   __main.o
       392          4         17          0          0         92   __printf_flags_ss_wp.o
        14          0          0          0          0         68   __printf_wp.o
         0          0          0          0          0          0   __rtentry.o
        12          0          0          0          0          0   __rtentry2.o
         6          0          0          0          0          0   __rtentry4.o
        52          8          0          0          0          0   __scatter.o
        26          0          0          0          0          0   __scatter_copy.o
        28          0          0          0          0          0   __scatter_zi.o
        44          0          0          0          0        108   _printf_char.o
        48          6          0          0          0         96   _printf_char_common.o
        36          4          0          0          0         80   _printf_char_file.o
         6          0          0          0          0          0   _printf_d.o
       120         16          0          0          0         92   _printf_dec.o
        88          4         40          0          0         88   _printf_hex_int.o
       178          0          0          0          0         88   _printf_intcommon.o
        78          0          0          0          0        108   _printf_pad.o
         0          0          0          0          0          0   _printf_percent.o
         4          0          0          0          0          0   _printf_percent_end.o
         6          0          0          0          0          0   _printf_s.o
        82          0          0          0          0         80   _printf_str.o
         6          0          0          0          0          0   _printf_u.o
         6          0          0          0          0          0   _printf_x.o
        18          0          0          0          0         80   exit.o
         8          0          0          0          0         68   ferror.o
         6          0          0          0          0        152   heapauxi.o
         2          0          0          0          0          0   libinit.o
         2          0          0          0          0          0   libinit2.o
         2          0          0          0          0          0   libshutdown.o
         2          0          0          0          0          0   libshutdown2.o
         8          4          0          0         96         68   libspace.o
       238          0          0          0          0        100   lludivv7m.o
        24          4          0          0          0         84   noretval__2printf.o
        68          0          0          0          0         68   rt_memclr.o
        78          0          0          0          0         80   rt_memclr_w.o
       100          0          0          0          0         80   rt_memcpy_w.o
         2          0          0          0          0          0   rtexit.o
        10          0          0          0          0          0   rtexit2.o
        74          0          0          0          0         80   sys_stackheap_outer.o
         2          0          0          0          0         68   use_no_semi.o
         2          0          0          0          0         68   use_no_semi_2.o

    ----------------------------------------------------------------------
      1890         50         60          0        100       1964   Library Totals
         4          0          3          0          4          0   (incl. Padding)

    ----------------------------------------------------------------------

      Code (inc. data)   RO Data    RW Data    ZI Data      Debug   Library Name

      1886         50         57          0         96       1964   c_w.l

    ----------------------------------------------------------------------
      1890         50         60          0        100       1964   Library Totals

    ----------------------------------------------------------------------

==============================================================================


      Code (inc. data)   RO Data    RW Data    ZI Data      Debug   

     14968       2254       3872         80      61344     346709   Grand Totals
     14968       2254       3872         80      61344     346709   ELF Image Totals
     14968       2254       3872         80          0          0   ROM Totals

==============================================================================

    Total RO  Size (Code + RO Data)                18840 (  18.40kB)
    Total RW  Size (RW Data + ZI Data)             61424 (  59.98kB)
    Total ROM Size (Code + RO Data + RW Data)      18920 (  18.48kB)

==============================================================================

