Component: ARM Compiler 5.06 update 7 (build 960) Tool: armlink [4d3601]

==============================================================================

Section Cross References

    startup_stm32f10x_hd.o(STACK) refers (Special) to heapauxi.o(.text) for __use_two_region_memory
    startup_stm32f10x_hd.o(HEAP) refers (Special) to heapauxi.o(.text) for __use_two_region_memory
    startup_stm32f10x_hd.o(RESET) refers (Special) to heapauxi.o(.text) for __use_two_region_memory
    startup_stm32f10x_hd.o(RESET) refers to startup_stm32f10x_hd.o(STACK) for __initial_sp
    startup_stm32f10x_hd.o(RESET) refers to startup_stm32f10x_hd.o(.text) for Reset_Handler
    startup_stm32f10x_hd.o(RESET) refers to stm32f10x_it.o(i.NMI_Handler) for NMI_Handler
    startup_stm32f10x_hd.o(RESET) refers to stm32f10x_it.o(i.HardFault_Handler) for HardFault_Handler
    startup_stm32f10x_hd.o(RESET) refers to stm32f10x_it.o(i.MemManage_Handler) for MemManage_Handler
    startup_stm32f10x_hd.o(RESET) refers to stm32f10x_it.o(i.BusFault_Handler) for BusFault_Handler
    startup_stm32f10x_hd.o(RESET) refers to stm32f10x_it.o(i.UsageFault_Handler) for UsageFault_Handler
    startup_stm32f10x_hd.o(RESET) refers to stm32f10x_it.o(i.SVC_Handler) for SVC_Handler
    startup_stm32f10x_hd.o(RESET) refers to stm32f10x_it.o(i.DebugMon_Handler) for DebugMon_Handler
    startup_stm32f10x_hd.o(RESET) refers to stm32f10x_it.o(i.PendSV_Handler) for PendSV_Handler
    startup_stm32f10x_hd.o(RESET) refers to stm32f10x_it.o(i.SysTick_Handler) for SysTick_Handler
    startup_stm32f10x_hd.o(RESET) refers to exti.o(i.EXTI1_IRQHandler) for EXTI1_IRQHandler
    startup_stm32f10x_hd.o(RESET) refers to usart.o(i.USART1_IRQHandler) for USART1_IRQHandler
    startup_stm32f10x_hd.o(.text) refers (Special) to heapauxi.o(.text) for __use_two_region_memory
    startup_stm32f10x_hd.o(.text) refers to system_stm32f10x.o(i.SystemInit) for SystemInit
    startup_stm32f10x_hd.o(.text) refers to __main.o(!!!main) for __main
    startup_stm32f10x_hd.o(.text) refers to startup_stm32f10x_hd.o(HEAP) for Heap_Mem
    startup_stm32f10x_hd.o(.text) refers to startup_stm32f10x_hd.o(STACK) for Stack_Mem
    exti.o(i.EXTI1_IRQHandler) refers to stm32f10x_gpio.o(i.GPIO_ReadInputDataBit) for GPIO_ReadInputDataBit
    exti.o(i.EXTI1_IRQHandler) refers to delay.o(i.delay_ms) for delay_ms
    exti.o(i.EXTI1_IRQHandler) refers to stm32f10x_gpio.o(i.GPIO_WriteBit) for GPIO_WriteBit
    exti.o(i.EXTI1_IRQHandler) refers to stm32f10x_exti.o(i.EXTI_ClearITPendingBit) for EXTI_ClearITPendingBit
    exti.o(i.EXTI1_IRQHandler) refers to exti.o(.data) for LED2_BitVal
    exti.o(i.MX_EXTI1_Init) refers to stm32f10x_rcc.o(i.RCC_APB2PeriphClockCmd) for RCC_APB2PeriphClockCmd
    exti.o(i.MX_EXTI1_Init) refers to gpio.o(i.MX_KeyInit) for MX_KeyInit
    exti.o(i.MX_EXTI1_Init) refers to stm32f10x_gpio.o(i.GPIO_EXTILineConfig) for GPIO_EXTILineConfig
    exti.o(i.MX_EXTI1_Init) refers to stm32f10x_exti.o(i.EXTI_Init) for EXTI_Init
    exti.o(i.MX_EXTI1_Init) refers to misc.o(i.NVIC_Init) for NVIC_Init
    main.o(i.debug_print_text) refers to _printf_percent.o(.ARM.Collect$$_printf_percent$$00000000) for _printf_percent
    main.o(i.debug_print_text) refers to _printf_s.o(.ARM.Collect$$_printf_percent$$00000014) for _printf_s
    main.o(i.debug_print_text) refers to _printf_str.o(.text) for _printf_str
    main.o(i.debug_print_text) refers to noretval__2printf.o(.text) for __2printf
    main.o(i.dump_board_audio_debug) refers to _printf_pad.o(.text) for _printf_pre_padding
    main.o(i.dump_board_audio_debug) refers to _printf_percent.o(.ARM.Collect$$_printf_percent$$00000000) for _printf_percent
    main.o(i.dump_board_audio_debug) refers to _printf_d.o(.ARM.Collect$$_printf_percent$$00000009) for _printf_d
    main.o(i.dump_board_audio_debug) refers to _printf_u.o(.ARM.Collect$$_printf_percent$$0000000A) for _printf_u
    main.o(i.dump_board_audio_debug) refers to _printf_x.o(.ARM.Collect$$_printf_percent$$0000000C) for _printf_x
    main.o(i.dump_board_audio_debug) refers to _printf_s.o(.ARM.Collect$$_printf_percent$$00000014) for _printf_s
    main.o(i.dump_board_audio_debug) refers to _printf_dec.o(.text) for _printf_int_dec
    main.o(i.dump_board_audio_debug) refers to _printf_hex_int.o(.text) for _printf_longlong_hex
    main.o(i.dump_board_audio_debug) refers to _printf_str.o(.text) for _printf_str
    main.o(i.dump_board_audio_debug) refers to board_audio.o(i.board_audio_get_debug_info) for board_audio_get_debug_info
    main.o(i.dump_board_audio_debug) refers to noretval__2printf.o(.text) for __2printf
    main.o(i.dump_board_audio_debug) refers to main.o(.conststring) for .conststring
    main.o(i.dump_player_stats) refers to _printf_percent.o(.ARM.Collect$$_printf_percent$$00000000) for _printf_percent
    main.o(i.dump_player_stats) refers to _printf_u.o(.ARM.Collect$$_printf_percent$$0000000A) for _printf_u
[...]
    x$fpl$fretinf                            0x080079ca   Section       10  fretinf.o(x$fpl$fretinf)
    x$fpl$frsb                               0x080079d4   Section       20  faddsub_clz.o(x$fpl$frsb)
    x$fpl$fsub                               0x080079e8   Section      234  faddsub_clz.o(x$fpl$fsub)
    _fsub1                                   0x080079f7   Thumb Code     0  faddsub_clz.o(x$fpl$fsub)
    x$fpl$usenofp                            0x08007ad2   Section        0  usenofp.o(x$fpl$usenofp)
    .constdata                               0x08007ad4   Section       48  audio_player.o(.constdata)
    candidates                               0x08007ad4   Data          48  audio_player.o(.constdata)
    .constdata                               0x08007b04   Section       96  board_audio.o(.constdata)
    audio_test_wave                          0x08007b04   Data          96  board_audio.o(.constdata)
    .constdata                               0x08007b64   Section      128  pff.o(.constdata)
    cvt                                      0x08007b64   Data         128  pff.o(.constdata)
    .constdata                               0x08007be4   Section     7884  minimp3_adapter.o(.constdata)
    g_pow43                                  0x08007be4   Data         580  minimp3_adapter.o(.constdata)
    halfrate                                 0x08007e28   Data          90  minimp3_adapter.o(.constdata)
    g_hz                                     0x08007e84   Data          12  minimp3_adapter.o(.constdata)
    g_alloc_L1                               0x08007e90   Data           3  minimp3_adapter.o(.constdata)
    g_alloc_L2M2                             0x08007e93   Data           9  minimp3_adapter.o(.constdata)
    g_alloc_L2M1                             0x08007e9c   Data          12  minimp3_adapter.o(.constdata)
    g_alloc_L2M1_lowrate                     0x08007ea8   Data           6  minimp3_adapter.o(.constdata)
    g_deq_L12                                0x08007eb0   Data         216  minimp3_adapter.o(.constdata)
    g_bitalloc_code_tab                      0x08007f88   Data          92  minimp3_adapter.o(.constdata)
    g_scf_long                               0x08007fe4   Data         184  minimp3_adapter.o(.constdata)
    g_scf_short                              0x0800809c   Data         320  minimp3_adapter.o(.constdata)
    g_scf_mixed                              0x080081dc   Data         320  minimp3_adapter.o(.constdata)
    g_expfrac                                0x0800831c   Data          16  minimp3_adapter.o(.constdata)
    g_scf_partitions                         0x0800832c   Data          84  minimp3_adapter.o(.constdata)
    g_scfc_decode                            0x08008380   Data          16  minimp3_adapter.o(.constdata)
    g_mod                                    0x08008390   Data          24  minimp3_adapter.o(.constdata)
    g_preamp                                 0x080083a8   Data          10  minimp3_adapter.o(.constdata)
    tabs                                     0x080083b2   Data        4328  minimp3_adapter.o(.constdata)
    tab32                                    0x0800949a   Data          28  minimp3_adapter.o(.constdata)
    tab33                                    0x080094b6   Data          16  minimp3_adapter.o(.constdata)
    tabindex                                 0x080094c6   Data          64  minimp3_adapter.o(.constdata)
    g_linbits                                0x08009506   Data          32  minimp3_adapter.o(.constdata)
    g_pan                                    0x08009528   Data          56  minimp3_adapter.o(.constdata)
    g_aa                                     0x08009560   Data          64  minimp3_adapter.o(.constdata)
    g_twid9                                  0x080095a0   Data          72  minimp3_adapter.o(.constdata)
    g_twid3                                  0x080095e8   Data          24  minimp3_adapter.o(.constdata)
    g_mdct_window                            0x08009600   Data         144  minimp3_adapter.o(.constdata)
    g_sec                                    0x08009690   Data          96  minimp3_adapter.o(.constdata)
    g_win                                    0x080096f0   Data         960  minimp3_adapter.o(.constdata)
    .constdata                               0x08009ab0   Section       40  _printf_hex_int.o(.constdata)
    uc_hextab                                0x08009ab0   Data          20  _printf_hex_int.o(.constdata)
    lc_hextab                                0x08009ac4   Data          20  _printf_hex_int.o(.constdata)
    .constdata                               0x08009ad8   Section       17  __printf_flags_ss_wp.o(.constdata)
    maptable                                 0x08009ad8   Data          17  __printf_flags_ss_wp.o(.constdata)
    .conststring                             0x08009aec   Section      411  main.o(.conststring)
    .conststring                             0x08009c88   Section      241  audio_player.o(.conststring)
    .conststring                             0x08009d7c   Section      628  sdcard_stub.o(.conststring)
    .data                                    0x20000000   Section        1  exti.o(.data)
    .data                                    0x20000004   Section        8  usart.o(.data)
    .data                                    0x2000000c   Section       12  audio_player.o(.data)
    g_audio_debug_enabled                    0x2000000c   Data           4  audio_player.o(.data)
    g_audio_debug_printer                    0x20000010   Data           4  audio_player.o(.data)
    scanned                                  0x20000014   Data           4  audio_player.o(.data)
    .data                                    0x20000018   Section        1  board_audio.o(.data)
    g_es8311_addr_write                      0x20000018   Data           1  board_audio.o(.data)
    .data                                    0x2000001c   Section       56  sdcard_stub.o(.data)
    g_sd_rca                                 0x2000001c   Data           4  sdcard_stub.o(.data)
    g_sd_ready                               0x20000020   Data           4  sdcard_stub.o(.data)
    g_sd_v2                                  0x20000024   Data           4  sdcard_stub.o(.data)
    g_sd_high_capacity                       0x20000028   Data           4  sdcard_stub.o(.data)
    g_sd_last_error                          0x2000002c   Data           4  sdcard_stub.o(.data)
    g_sd_debug_enabled                       0x20000030   Data           4  sdcard_stub.o(.data)
    g_sd_debug_printer                       0x20000034   Data           4  sdcard_stub.o(.data)
    g_sd_last_sta                            0x20000038   Data           4  sdcard_stub.o(.data)
    g_sd_last_resp1                          0x2000003c   Data           4  sdcard_stub.o(.data)
    g_sd_last_cmdresp                        0x20000040   Data           4  sdcard_stub.o(.data)
    g_sd_read_count                          0x20000044   Data           4  sdcard_stub.o(.data)
    g_sd_read_error_count                    0x20000048   Data           4  sdcard_stub.o(.data)
    g_sd_last_read_sig                       0x2000004c   Data           4  sdcard_stub.o(.data)
    probed                                   0x20000050   Data           4  sdcard_stub.o(.data)
    .data                                    0x20000054   Section        4  pff.o(.data)
    FatFs                                    0x20000054   Data           4  pff.o(.data)
    .data                                    0x20000058   Section       20  stm32f10x_rcc.o(.data)
    APBAHBPrescTable                         0x20000058   Data          16  stm32f10x_rcc.o(.data)
    ADCPrescTable                            0x20000068   Data           4  stm32f10x_rcc.o(.data)
    .bss                                     0x2000006c   Section      128  usart.o(.bss)
    .bss                                     0x200000ec   Section    16564  audio_player.o(.bss)
    g_fs                                     0x200000ec   Data          44  audio_player.o(.bss)
    g_last_error                             0x20000118   Data          96  audio_player.o(.bss)
    g_mp3d                                   0x20000178   Data        6668  audio_player.o(.bss)
    g_stats                                  0x20001b84   Data          28  audio_player.o(.bss)
    scan_sector                              0x20001ba0   Data         512  audio_player.o(.bss)
    sector                                   0x20001da0   Data         512  audio_player.o(.bss)
    file_buf                                 0x20001fa0   Data        4096  audio_player.o(.bss)
    pcm                                      0x20002fa0   Data        4608  audio_player.o(.bss)
    .bss                                     0x200041a0   Section    16016  audio_record.o(.bss)
    g_record_buffer                          0x200041a0   Data       16000  audio_record.o(.bss)
    g_record_debug                           0x20008020   Data          16  audio_record.o(.bss)
    .bss                                     0x20008030   Section       72  board_audio.o(.bss)
    g_audio_debug                            0x20008030   Data          72  board_audio.o(.bss)
    .bss                                     0x20008078   Section      512  sdcard_stub.o(.bss)
    probe_sector                             0x20008078   Data         512  sdcard_stub.o(.bss)
    .bss                                     0x20008278   Section      512  diskio.o(.bss)
    sector_buf                               0x20008278   Data         512  diskio.o(.bss)
    .bss                                     0x20008478   Section       96  libspace.o(.bss)
    HEAP                                     0x200084d8   Section      512  startup_stm32f10x_hd.o(HEAP)
    Heap_Mem                                 0x200084d8   Data         512  startup_stm32f10x_hd.o(HEAP)
    STACK                                    0x200086d8   Section     4096  startup_stm32f10x_hd.o(STACK)
    Stack_Mem                                0x200086d8   Data        4096  startup_stm32f10x_hd.o(STACK)
    __initial_sp                             0x200096d8   Data           0  startup_stm32f10x_hd.o(STACK)

    Global Symbols

    Symbol Name                              Value     Ov Type        Size  Object(Section)

    BuildAttributes$$THM_ISAv4$P$D$K$B$S$PE$A:L22UL41UL21$X:L11$S22US41US21$IEEE1$IW$USESV6$~STKCKD$USESV7$~SHL$OSPACE$ROPI$EBA8$UX$STANDARDLIB$REQ8$PRES8$EABIv2 0x00000000   Number         0  anon$$obj.o ABSOLUTE
    __ARM_use_no_argv                        0x00000000   Number         0  main.o ABSOLUTE
    _printf_flags                            0x00000000   Number         0  printf_stubs.o ABSOLUTE
    _printf_return_value                     0x00000000   Number         0  printf_stubs.o ABSOLUTE
    _printf_sizespec                         0x00000000   Number         0  printf_stubs.o ABSOLUTE
    _printf_widthprec                        0x00000000   Number         0  printf_stubs.o ABSOLUTE
    __ARM_exceptions_init                     - Undefined Weak Reference
    __alloca_initialize                       - Undefined Weak Reference
    __arm_fini_                               - Undefined Weak Reference
    __arm_preinit_                            - Undefined Weak Reference
    __cpp_initialize__aeabi_                  - Undefined Weak Reference
    __cxa_finalize                            - Undefined Weak Reference
    __rt_locale                               - Undefined Weak Reference
    __sigvec_lookup                           - Undefined Weak Reference
    _atexit_init                              - Undefined Weak Reference
    _call_atexit_fns                          - Undefined Weak Reference
    _clock_init                               - Undefined Weak Reference
    _fp_trap_init                             - Undefined Weak Reference
    _fp_trap_shutdown                         - Undefined Weak Reference
    _get_lc_collate                           - Undefined Weak Reference
    _get_lc_ctype                             - Undefined Weak Reference
    _get_lc_monetary                          - Undefined Weak Reference
    _get_lc_numeric                           - Undefined Weak Reference
    _get_lc_time                              - Undefined Weak Reference
    _getenv_init                              - Undefined Weak Reference
    _handle_redirection                       - Undefined Weak Reference
    _init_alloc                               - Undefined Weak Reference
    _init_user_alloc                          - Undefined Weak Reference
    _initio                                   - Undefined Weak Reference
    _mutex_acquire                            - Undefined Weak Reference
    _mutex_release                            - Undefined Weak Reference
    _printf_mbtowc                            - Undefined Weak Reference
    _printf_truncate_signed                   - Undefined Weak Reference
    _printf_truncate_unsigned                 - Undefined Weak Reference
    _rand_init                                - Undefined Weak Reference
    _signal_finish                            - Undefined Weak Reference
    _signal_init                              - Undefined Weak Reference
    _terminate_alloc                          - Undefined Weak Reference
    _terminate_user_alloc                     - Undefined Weak Reference
    _terminateio                              - Undefined Weak Reference
    __Vectors_Size                           0x00000130   Number         0  startup_stm32f10x_hd.o ABSOLUTE
    __Vectors                                0x08000000   Data           4  startup_stm32f10x_hd.o(RESET)
    __Vectors_End                            0x08000130   Data           0  startup_stm32f10x_hd.o(RESET)
    __main                                   0x08000131   Thumb Code     8  __main.o(!!!main)
    __scatterload                            0x08000139   Thumb Code     0  __scatter.o(!!!scatter)
    __scatterload_rt2                        0x08000139   Thumb Code    44  __scatter.o(!!!scatter)
    __scatterload_rt2_thumb_only             0x08000139   Thumb Code     0  __scatter.o(!!!scatter)
    __scatterload_null                       0x08000147   Thumb Code     0  __scatter.o(!!!scatter)
    __scatterload_copy                       0x0800016d   Thumb Code    26  __scatter_copy.o(!!handler_copy)
    __scatterload_zeroinit                   0x08000189   Thumb Code    28  __scatter_zi.o(!!handler_zi)
    _printf_d                                0x080001a5   Thumb Code     0  _printf_d.o(.ARM.Collect$$_printf_percent$$00000009)
    _printf_percent                          0x080001a5   Thumb Code     0  _printf_percent.o(.ARM.Collect$$_printf_percent$$00000000)
    _printf_u                                0x080001ab   Thumb Code     0  _printf_u.o(.ARM.Collect$$_printf_percent$$0000000A)
    _printf_x                                0x080001b1   Thumb Code     0  _printf_x.o(.ARM.Collect$$_printf_percent$$0000000C)
    _printf_s                                0x080001b7   Thumb Code     0  _printf_s.o(.ARM.Collect$$_printf_percent$$00000014)
    _printf_percent_end                      0x080001bd   Thumb Code     0  _printf_percent_end.o(.ARM.Collect$$_printf_percent$$00000017)
    __rt_lib_init                            0x080001c1   Thumb Code     0  libinit.o(.ARM.Collect$$libinit$$00000000)
    __rt_lib_init_alloca_1                   0x080001c3   Thumb Code     0  libinit2.o(.ARM.Collect$$libinit$$0000002E)
    __rt_lib_init_argv_1                     0x080001c3   Thumb Code     0  libinit2.o(.ARM.Collect$$libinit$$0000002C)
    __rt_lib_init_atexit_1                   0x080001c3   Thumb Code     0  libinit2.o(.ARM.Collect$$libinit$$0000001B)
    __rt_lib_init_clock_1                    0x080001c3   Thumb Code     0  libinit2.o(.ARM.Collect$$libinit$$00000021)
    __rt_lib_init_cpp_1                      0x080001c3   Thumb Code     0  libinit2.o(.ARM.Collect$$libinit$$00000032)
    __rt_lib_init_exceptions_1               0x080001c3   Thumb Code     0  libinit2.o(.ARM.Collect$$libinit$$00000030)
    __rt_lib_init_fp_1                       0x080001c3   Thumb Code     0  libinit2.o(.ARM.Collect$$libinit$$00000002)
    __rt_lib_init_fp_trap_1                  0x080001c3   Thumb Code     0  libinit2.o(.ARM.Collect$$libinit$$0000001F)
    __rt_lib_init_getenv_1                   0x080001c3   Thumb Code     0  libinit2.o(.ARM.Collect$$libinit$$00000023)
    __rt_lib_init_heap_1                     0x080001c3   Thumb Code     0  libinit2.o(.ARM.Collect$$libinit$$0000000A)
    __rt_lib_init_lc_collate_1               0x080001c3   Thumb Code     0  libinit2.o(.ARM.Collect$$libinit$$00000011)
    __rt_lib_init_lc_ctype_1                 0x080001c3   Thumb Code     0  libinit2.o(.ARM.Collect$$libinit$$00000013)
    __rt_lib_init_lc_monetary_1              0x080001c3   Thumb Code     0  libinit2.o(.ARM.Collect$$libinit$$00000015)
    __rt_lib_init_lc_numeric_1               0x080001c3   Thumb Code     0  libinit2.o(.ARM.Collect$$libinit$$00000017)
    __rt_lib_init_lc_time_1                  0x080001c3   Thumb Code     0  libinit2.o(.ARM.Collect$$libinit$$00000019)
    __rt_lib_init_preinit_1                  0x080001c3   Thumb Code     0  libinit2.o(.ARM.Collect$$libinit$$00000004)
    __rt_lib_init_rand_1                     0x080001c3   Thumb Code     0  libinit2.o(.ARM.Collect$$libinit$$0000000E)
    __rt_lib_init_return                     0x080001c3   Thumb Code     0  libinit2.o(.ARM.Collect$$libinit$$00000033)
    __rt_lib_init_signal_1                   0x080001c3   Thumb Code     0  libinit2.o(.ARM.Collect$$libinit$$0000001D)
    __rt_lib_init_stdio_1                    0x080001c3   Thumb Code     0  libinit2.o(.ARM.Collect$$libinit$$00000025)
    __rt_lib_init_user_alloc_1               0x080001c3   Thumb Code     0  libinit2.o(.ARM.Collect$$libinit$$0000000C)
    __rt_lib_shutdown                        0x080001c5   Thumb Code     0  libshutdown.o(.ARM.Collect$$libshutdown$$00000000)
    __rt_lib_shutdown_cpp_1                  0x080001c7   Thumb Code     0  libshutdown2.o(.ARM.Collect$$libshutdown$$00000004)
    __rt_lib_shutdown_fini_1                 0x080001c7   Thumb Code     0  libshutdown2.o(.ARM.Collect$$libshutdown$$00000002)
    __rt_lib_shutdown_fp_trap_1              0x080001c7   Thumb Code     0  libshutdown2.o(.ARM.Collect$$libshutdown$$00000009)
    __rt_lib_shutdown_heap_1                 0x080001c7   Thumb Code     0  libshutdown2.o(.ARM.Collect$$libshutdown$$00000011)
    __rt_lib_shutdown_return                 0x080001c7   Thumb Code     0  libshutdown2.o(.ARM.Collect$$libshutdown$$00000012)
    __rt_lib_shutdown_signal_1               0x080001c7   Thumb Code     0  libshutdown2.o(.ARM.Collect$$libshutdown$$0000000C)
    __rt_lib_shutdown_stdio_1                0x080001c7   Thumb Code     0  libshutdown2.o(.ARM.Collect$$libshutdown$$00000006)
    __rt_lib_shutdown_user_alloc_1           0x080001c7   Thumb Code     0  libshutdown2.o(.ARM.Collect$$libshutdown$$0000000E)
    __rt_entry                               0x080001c9   Thumb Code     0  __rtentry.o(.ARM.Collect$$rtentry$$00000000)
    __rt_entry_presh_1                       0x080001c9   Thumb Code     0  __rtentry2.o(.ARM.Collect$$rtentry$$00000002)
    __rt_entry_sh                            0x080001c9   Thumb Code     0  __rtentry4.o(.ARM.Collect$$rtentry$$00000004)
    __rt_entry_li                            0x080001cf   Thumb Code     0  __rtentry2.o(.ARM.Collect$$rtentry$$0000000A)
    __rt_entry_postsh_1                      0x080001cf   Thumb Code     0  __rtentry2.o(.ARM.Collect$$rtentry$$00000009)
    __rt_entry_main                          0x080001d3   Thumb Code     0  __rtentry2.o(.ARM.Collect$$rtentry$$0000000D)
    __rt_entry_postli_1                      0x080001d3   Thumb Code     0  __rtentry2.o(.ARM.Collect$$rtentry$$0000000C)
    __rt_exit                                0x080001db   Thumb Code     0  rtexit.o(.ARM.Collect$$rtexit$$00000000)
    __rt_exit_ls                             0x080001dd   Thumb Code     0  rtexit2.o(.ARM.Collect$$rtexit$$00000003)
    __rt_exit_prels_1                        0x080001dd   Thumb Code     0  rtexit2.o(.ARM.Collect$$rtexit$$00000002)
    __rt_exit_exit                           0x080001e1   Thumb Code     0  rtexit2.o(.ARM.Collect$$rtexit$$00000004)
    Reset_Handler                            0x080001e9   Thumb Code     8  startup_stm32f10x_hd.o(.text)
    ADC1_2_IRQHandler                        0x08000203   Thumb Code     0  startup_stm32f10x_hd.o(.text)
    ADC3_IRQHandler                          0x08000203   Thumb Code     0  startup_stm32f10x_hd.o(.text)
    CAN1_RX1_IRQHandler                      0x08000203   Thumb Code     0  startup_stm32f10x_hd.o(.text)
    CAN1_SCE_IRQHandler                      0x08000203   Thumb Code     0  startup_stm32f10x_hd.o(.text)
    DMA1_Channel1_IRQHandler                 0x08000203   Thumb Code     0  startup_stm32f10x_hd.o(.text)
    DMA1_Channel2_IRQHandler                 0x08000203   Thumb Code     0  startup_stm32f10x_hd.o(.text)
    DMA1_Channel3_IRQHandler                 0x08000203   Thumb Code     0  startup_stm32f10x_hd.o(.text)
    DMA1_Channel4_IRQHandler                 0x08000203   Thumb Code     0  startup_stm32f10x_hd.o(.text)
    DMA1_Channel5_IRQHandler                 0x08000203   Thumb Code     0  startup_stm32f10x_hd.o(.text)
    DMA1_Channel6_IRQHandler                 0x08000203   Thumb Code     0  startup_stm32f10x_hd.o(.text)
    DMA1_Channel7_IRQHandler                 0x08000203   Thumb Code     0  startup_stm32f10x_hd.o(.text)
    DMA2_Channel1_IRQHandler                 0x08000203   Thumb Code     0  startup_stm32f10x_hd.o(.text)
    DMA2_Channel2_IRQHandler                 0x08000203   Thumb Code     0  startup_stm32f10x_hd.o(.text)
    DMA2_Channel3_IRQHandler                 0x08000203   Thumb Code     0  startup_stm32f10x_hd.o(.text)
    DMA2_Channel4_5_IRQHandler               0x08000203   Thumb Code     0  startup_stm32f10x_hd.o(.text)
    EXTI0_IRQHandler                         0x08000203   Thumb Code     0  startup_stm32f10x_hd.o(.text)
    EXTI15_10_IRQHandler                     0x08000203   Thumb Code     0  startup_stm32f10x_hd.o(.text)
    EXTI2_IRQHandler                         0x08000203   Thumb Code     0  startup_stm32f10x_hd.o(.text)
    EXTI3_IRQHandler                         0x08000203   Thumb Code     0  startup_stm32f10x_hd.o(.text)
    EXTI4_IRQHandler                         0x08000203   Thumb Code     0  startup_stm32f10x_hd.o(.text)
    EXTI9_5_IRQHandler                       0x08000203   Thumb Code     0  startup_stm32f10x_hd.o(.text)
    FLASH_IRQHandler                         0x08000203   Thumb Code     0  startup_stm32f10x_hd.o(.text)
    FSMC_IRQHandler                          0x08000203   Thumb Code     0  startup_stm32f10x_hd.o(.text)
    I2C1_ER_IRQHandler                       0x08000203   Thumb Code     0  startup_stm32f10x_hd.o(.text)
    I2C1_EV_IRQHandler                       0x08000203   Thumb Code     0  startup_stm32f10x_hd.o(.text)
    I2C2_ER_IRQHandler                       0x08000203   Thumb Code     0  startup_stm32f10x_hd.o(.text)
    I2C2_EV_IRQHandler                       0x08000203   Thumb Code     0  startup_stm32f10x_hd.o(.text)
    PVD_IRQHandler                           0x08000203   Thumb Code     0  startup_stm32f10x_hd.o(.text)
    RCC_IRQHandler                           0x08000203   Thumb Code     0  startup_stm32f10x_hd.o(.text)
    RTCAlarm_IRQHandler                      0x08000203   Thumb Code     0  startup_stm32f10x_hd.o(.text)
    RTC_IRQHandler                           0x08000203   Thumb Code     0  startup_stm32f10x_hd.o(.text)
    SDIO_IRQHandler                          0x08000203   Thumb Code     0  startup_stm32f10x_hd.o(.text)
    SPI1_IRQHandler                          0x08000203   Thumb Code     0  startup_stm32f10x_hd.o(.text)
    SPI2_IRQHandler                          0x08000203   Thumb Code     0  startup_stm32f10x_hd.o(.text)
    SPI3_IRQHandler                          0x08000203   Thumb Code     0  startup_stm32f10x_hd.o(.text)
    TAMPER_IRQHandler                        0x08000203   Thumb Code     0  startup_stm32f10x_hd.o(.text)
    TIM1_BRK_IRQHandler                      0x08000203   Thumb Code     0  startup_stm32f10x_hd.o(.text)
    TIM1_CC_IRQHandler                       0x08000203   Thumb Code     0  startup_stm32f10x_hd.o(.text)
    TIM1_TRG_COM_IRQHandler                  0x08000203   Thumb Code     0  startup_stm32f10x_hd.o(.text)
    TIM1_UP_IRQHandler                       0x08000203   Thumb Code     0  startup_stm32f10x_hd.o(.text)
    TIM2_IRQHandler                          0x08000203   Thumb Code     0  startup_stm32f10x_hd.o(.text)
    TIM3_IRQHandler                          0x08000203   Thumb Code     0  startup_stm32f10x_hd.o(.text)
    TIM4_IRQHandler                          0x08000203   Thumb Code     0  startup_stm32f10x_hd.o(.text)
    TIM5_IRQHandler                          0x08000203   Thumb Code     0  startup_stm32f10x_hd.o(.text)
    TIM6_IRQHandler                          0x08000203   Thumb Code     0  startup_stm32f10x_hd.o(.text)
    TIM7_IRQHandler                          0x08000203   Thumb Code     0  startup_stm32f10x_hd.o(.text)
    TIM8_BRK_IRQHandler                      0x08000203   Thumb Code     0  startup_stm32f10x_hd.o(.text)
    TIM8_CC_IRQHandler                       0x08000203   Thumb Code     0  startup_stm32f10x_hd.o(.text)
    TIM8_TRG_COM_IRQHandler                  0x08000203   Thumb Code     0  startup_stm32f10x_hd.o(.text)
    TIM8_UP_IRQHandler                       0x08000203   Thumb Code     0  startup_stm32f10x_hd.o(.text)
    UART4_IRQHandler                         0x08000203   Thumb Code     0  startup_stm32f10x_hd.o(.text)
    UART5_IRQHandler                         0x08000203   Thumb Code     0  startup_stm32f10x_hd.o(.text)
    USART2_IRQHandler                        0x08000203   Thumb Code     0  startup_stm32f10x_hd.o(.text)
    USART3_IRQHandler                        0x08000203   Thumb Code     0  startup_stm32f10x_hd.o(.text)
    USBWakeUp_IRQHandler                     0x08000203   Thumb Code     0  startup_stm32f10x_hd.o(.text)
    USB_HP_CAN1_TX_IRQHandler                0x08000203   Thumb Code     0  startup_stm32f10x_hd.o(.text)
    USB_LP_CAN1_RX0_IRQHandler               0x08000203   Thumb Code     0  startup_stm32f10x_hd.o(.text)
    WWDG_IRQHandler                          0x08000203   Thumb Code     0  startup_stm32f10x_hd.o(.text)
    __user_initial_stackheap                 0x08000205   Thumb Code     0  startup_stm32f10x_hd.o(.text)
    __use_no_semihosting                     0x08000229   Thumb Code     2  use_no_semi_2.o(.text)
    __2printf                                0x0800022d   Thumb Code    20  noretval__2printf.o(.text)
    __2sprintf                               0x08000245   Thumb Code    34  noretval__2sprintf.o(.text)
    _printf_pre_padding                      0x0800026d   Thumb Code    44  _printf_pad.o(.text)
    _printf_post_padding                     0x08000299   Thumb Code    34  _printf_pad.o(.text)
    _printf_str                              0x080002bb   Thumb Code    82  _printf_str.o(.text)
    _printf_int_dec                          0x0800030d   Thumb Code   104  _printf_dec.o(.text)
    _printf_int_hex                          0x08000385   Thumb Code    84  _printf_hex_int.o(.text)
    _printf_longlong_hex                     0x08000385   Thumb Code     0  _printf_hex_int.o(.text)
    __printf                                 0x080003dd   Thumb Code   388  __printf_flags_ss_wp.o(.text)
    memcmp                                   0x08000565   Thumb Code    88  memcmp.o(.text)
    __aeabi_memcpy                           0x080005bd   Thumb Code     0  rt_memcpy_v6.o(.text)
    __rt_memcpy                              0x080005bd   Thumb Code   138  rt_memcpy_v6.o(.text)
    _memcpy_lastbytes                        0x08000623   Thumb Code     0  rt_memcpy_v6.o(.text)
    __aeabi_memmove                          0x08000647   Thumb Code     0  rt_memmove_v6.o(.text)
    __rt_memmove                             0x08000647   Thumb Code   132  rt_memmove_v6.o(.text)
    __memmove_lastfew                        0x080006a7   Thumb Code     0  rt_memmove_v6.o(.text)
    __aeabi_memcpy4                          0x080006cb   Thumb Code     0  rt_memcpy_w.o(.text)
    __aeabi_memcpy8                          0x080006cb   Thumb Code     0  rt_memcpy_w.o(.text)
    __rt_memcpy_w                            0x080006cb   Thumb Code   100  rt_memcpy_w.o(.text)
    _memcpy_lastbytes_aligned                0x08000713   Thumb Code     0  rt_memcpy_w.o(.text)
    __aeabi_memclr                           0x0800072f   Thumb Code     0  rt_memclr.o(.text)
    __rt_memclr                              0x0800072f   Thumb Code    68  rt_memclr.o(.text)
    _memset                                  0x08000733   Thumb Code     0  rt_memclr.o(.text)
    __aeabi_memclr4                          0x08000773   Thumb Code     0  rt_memclr_w.o(.text)
    __aeabi_memclr8                          0x08000773   Thumb Code     0  rt_memclr_w.o(.text)
    __rt_memclr_w                            0x08000773   Thumb Code    78  rt_memclr_w.o(.text)
    _memset_w                                0x08000777   Thumb Code     0  rt_memclr_w.o(.text)
    __use_two_region_memory                  0x080007c1   Thumb Code     2  heapauxi.o(.text)
    __rt_heap_escrow$2region                 0x080007c3   Thumb Code     2  heapauxi.o(.text)
    __rt_heap_expand$2region                 0x080007c5   Thumb Code     2  heapauxi.o(.text)
    __I$use$semihosting                      0x080007c7   Thumb Code     0  use_no_semi.o(.text)
    __use_no_semihosting_swi                 0x080007c7   Thumb Code     2  use_no_semi.o(.text)
    _printf_int_common                       0x080007c9   Thumb Code   178  _printf_intcommon.o(.text)
    _printf_char_common                      0x08000887   Thumb Code    32  _printf_char_common.o(.text)
    _sputc                                   0x080008ad   Thumb Code    10  _sputc.o(.text)
    _printf_cs_common                        0x080008b7   Thumb Code    20  _printf_char.o(.text)
    _printf_char                             0x080008cb   Thumb Code    16  _printf_char.o(.text)
    _printf_string                           0x080008db   Thumb Code     8  _printf_char.o(.text)
    _printf_char_file                        0x080008e5   Thumb Code    32  _printf_char_file.o(.text)
    __aeabi_memmove4                         0x08000909   Thumb Code     0  rt_memmove_w.o(.text)
    __aeabi_memmove8                         0x08000909   Thumb Code     0  rt_memmove_w.o(.text)
    __rt_memmove_w                           0x08000909   Thumb Code   122  rt_memmove_w.o(.text)
    __memmove_aligned                        0x0800092f   Thumb Code     0  rt_memmove_w.o(.text)
    __memmove_lastfew_aligned                0x08000967   Thumb Code     0  rt_memmove_w.o(.text)
    ferror                                   0x08000983   Thumb Code     8  ferror.o(.text)
    __user_setup_stackheap                   0x0800098b   Thumb Code    74  sys_stackheap_outer.o(.text)
    exit                                     0x080009d5   Thumb Code    18  exit.o(.text)
    __user_libspace                          0x080009e9   Thumb Code     8  libspace.o(.text)
    __user_perproc_libspace                  0x080009e9   Thumb Code     0  libspace.o(.text)
    __user_perthread_libspace                0x080009e9   Thumb Code     0  libspace.o(.text)
    BusFault_Handler                         0x080009f1   Thumb Code     4  stm32f10x_it.o(i.BusFault_Handler)
    DebugMon_Handler                         0x080009f5   Thumb Code     2  stm32f10x_it.o(i.DebugMon_Handler)
    EXTI1_IRQHandler                         0x080009f9   Thumb Code    70  exti.o(i.EXTI1_IRQHandler)
    EXTI_ClearITPendingBit                   0x08000a4d   Thumb Code     6  stm32f10x_exti.o(i.EXTI_ClearITPendingBit)
    GPIO_Init                                0x08000a59   Thumb Code   278  stm32f10x_gpio.o(i.GPIO_Init)
    GPIO_PinRemapConfig                      0x08000b71   Thumb Code   138  stm32f10x_gpio.o(i.GPIO_PinRemapConfig)
    GPIO_ReadInputDataBit                    0x08000c01   Thumb Code    18  stm32f10x_gpio.o(i.GPIO_ReadInputDataBit)
    GPIO_ReadOutputDataBit                   0x08000c13   Thumb Code    18  stm32f10x_gpio.o(i.GPIO_ReadOutputDataBit)
    GPIO_ResetBits                           0x08000c25   Thumb Code     4  stm32f10x_gpio.o(i.GPIO_ResetBits)
    GPIO_SetBits                             0x08000c29   Thumb Code     4  stm32f10x_gpio.o(i.GPIO_SetBits)
    GPIO_WriteBit                            0x08000c2d   Thumb Code    10  stm32f10x_gpio.o(i.GPIO_WriteBit)
    HardFault_Handler                        0x08000c37   Thumb Code     4  stm32f10x_it.o(i.HardFault_Handler)
    I2S_Cmd                                  0x08000c3b   Thumb Code    24  stm32f10x_spi.o(i.I2S_Cmd)
    I2S_Init                                 0x08000c55   Thumb Code   226  stm32f10x_spi.o(i.I2S_Init)
    MX_USART1_Init                           0x08002699   Thumb Code   180  usart.o(i.MX_USART1_Init)
    MemManage_Handler                        0x08002755   Thumb Code     4  stm32f10x_it.o(i.MemManage_Handler)
    NMI_Handler                              0x08002759   Thumb Code     2  stm32f10x_it.o(i.NMI_Handler)
    NVIC_Init                                0x0800275d   Thumb Code   100  misc.o(i.NVIC_Init)
    NVIC_PriorityGroupConfig                 0x080027cd   Thumb Code    10  misc.o(i.NVIC_PriorityGroupConfig)
    PendSV_Handler                           0x080027e1   Thumb Code     2  stm32f10x_it.o(i.PendSV_Handler)
    RCC_AHBPeriphClockCmd                    0x080027e5   Thumb Code    26  stm32f10x_rcc.o(i.RCC_AHBPeriphClockCmd)
    RCC_APB1PeriphClockCmd                   0x08002805   Thumb Code    26  stm32f10x_rcc.o(i.RCC_APB1PeriphClockCmd)
    RCC_APB1PeriphResetCmd                   0x08002825   Thumb Code    26  stm32f10x_rcc.o(i.RCC_APB1PeriphResetCmd)
    RCC_APB2PeriphClockCmd                   0x08002845   Thumb Code    26  stm32f10x_rcc.o(i.RCC_APB2PeriphClockCmd)
    RCC_APB2PeriphResetCmd                   0x08002865   Thumb Code    26  stm32f10x_rcc.o(i.RCC_APB2PeriphResetCmd)
    RCC_GetClocksFreq                        0x08002885   Thumb Code   192  stm32f10x_rcc.o(i.RCC_GetClocksFreq)
    SDIO_ClearFlag                           0x08002959   Thumb Code     6  stm32f10x_sdio.o(i.SDIO_ClearFlag)
    SDIO_ClockCmd                            0x08002965   Thumb Code     6  stm32f10x_sdio.o(i.SDIO_ClockCmd)
    SDIO_DataConfig                          0x08002971   Thumb Code    42  stm32f10x_sdio.o(i.SDIO_DataConfig)
    SDIO_DeInit                              0x080029a1   Thumb Code    28  stm32f10x_sdio.o(i.SDIO_DeInit)
    SDIO_GetCommandResponse                  0x080029c5   Thumb Code     8  stm32f10x_sdio.o(i.SDIO_GetCommandResponse)
    SDIO_GetFlagStatus                       0x080029d1   Thumb Code    20  stm32f10x_sdio.o(i.SDIO_GetFlagStatus)
    SDIO_GetResponse                         0x080029e9   Thumb Code    20  stm32f10x_sdio.o(i.SDIO_GetResponse)
    SDIO_Init                                0x08002a01   Thumb Code    42  stm32f10x_sdio.o(i.SDIO_Init)
    SDIO_ReadData                            0x08002a31   Thumb Code     6  stm32f10x_sdio.o(i.SDIO_ReadData)
    SDIO_SendCommand                         0x08002a3d   Thumb Code    38  stm32f10x_sdio.o(i.SDIO_SendCommand)
    SDIO_SetPowerState                       0x08002a69   Thumb Code    22  stm32f10x_sdio.o(i.SDIO_SetPowerState)
    SPI_I2S_DeInit                           0x08002a85   Thumb Code    76  stm32f10x_spi.o(i.SPI_I2S_DeInit)
    SPI_I2S_GetFlagStatus                    0x08002add   Thumb Code    18  stm32f10x_spi.o(i.SPI_I2S_GetFlagStatus)
    SPI_I2S_ReceiveData                      0x08002aef   Thumb Code     6  stm32f10x_spi.o(i.SPI_I2S_ReceiveData)
    SPI_I2S_SendData                         0x08002af5   Thumb Code     4  stm32f10x_spi.o(i.SPI_I2S_SendData)
    SVC_Handler                              0x08002af9   Thumb Code     2  stm32f10x_it.o(i.SVC_Handler)
    SysTick_CLKSourceConfig                  0x08002be5   Thumb Code    40  misc.o(i.SysTick_CLKSourceConfig)
    SysTick_Handler                          0x08002c0d   Thumb Code     2  stm32f10x_it.o(i.SysTick_Handler)
    SystemInit                               0x08002c11   Thumb Code    78  system_stm32f10x.o(i.SystemInit)
    USART1_IRQHandler                        0x08002c71   Thumb Code    88  usart.o(i.USART1_IRQHandler)
    USART_Cmd                                0x08002cd9   Thumb Code    24  stm32f10x_usart.o(i.USART_Cmd)
    USART_GetITStatus                        0x08002cf1   Thumb Code    84  stm32f10x_usart.o(i.USART_GetITStatus)
    USART_ITConfig                           0x08002d45   Thumb Code    74  stm32f10x_usart.o(i.USART_ITConfig)
    USART_Init                               0x08002d91   Thumb Code   210  stm32f10x_usart.o(i.USART_Init)
    USART_ReceiveData                        0x08002e69   Thumb Code    10  stm32f10x_usart.o(i.USART_ReceiveData)
    UsageFault_Handler                       0x08002e73   Thumb Code     4  stm32f10x_it.o(i.UsageFault_Handler)
    _is_digit                                0x08002e77   Thumb Code    14  __printf_wp.o(i._is_digit)
    _sys_exit                                0x08002e85   Thumb Code     4  usart.o(i._sys_exit)
    audio_player_find_first_mp3              0x08003291   Thumb Code   184  audio_player.o(i.audio_player_find_first_mp3)
    audio_player_get_stats                   0x080033cd   Thumb Code     4  audio_player.o(i.audio_player_get_stats)
    audio_player_init                        0x08003435   Thumb Code   102  audio_player.o(i.audio_player_init)
    audio_player_last_error                  0x080034d5   Thumb Code     4  audio_player.o(i.audio_player_last_error)
    audio_player_play_from_sd                0x080034f5   Thumb Code    66  audio_player.o(i.audio_player_play_from_sd)
    audio_player_play_mp3_from_sd            0x08003589   Thumb Code   408  audio_player.o(i.audio_player_play_mp3_from_sd)
    audio_player_set_debug                   0x0800389d   Thumb Code    10  audio_player.o(i.audio_player_set_debug)
    audio_record_demo_once                   0x080038d5   Thumb Code   124  audio_record.o(i.audio_record_demo_once)
    audio_record_get_debug_info              0x08003959   Thumb Code     4  audio_record.o(i.audio_record_get_debug_info)
    board_audio_amp_set                      0x08003961   Thumb Code    34  board_audio.o(i.board_audio_amp_set)
    board_audio_capture_pcm                  0x08003a59   Thumb Code   118  board_audio.o(i.board_audio_capture_pcm)
    board_audio_get_debug_info               0x08003d01   Thumb Code     4  board_audio.o(i.board_audio_get_debug_info)
    board_audio_init                         0x08003ea5   Thumb Code     8  board_audio.o(i.board_audio_init)
    board_audio_init_playback                0x08003ead   Thumb Code    68  board_audio.o(i.board_audio_init_playback)
    board_audio_init_record                  0x08003ef5   Thumb Code    68  board_audio.o(i.board_audio_init_record)
    board_audio_play_pcm                     0x08003f3d   Thumb Code   174  board_audio.o(i.board_audio_play_pcm)
    board_audio_play_test_tone               0x08003ff9   Thumb Code    90  board_audio.o(i.board_audio_play_test_tone)
    board_audio_set_sample_rate              0x080040a5   Thumb Code    26  board_audio.o(i.board_audio_set_sample_rate)
    delay_Init                               0x0800425d   Thumb Code    12  delay.o(i.delay_Init)
    delay_ms                                 0x08004269   Thumb Code    72  delay.o(i.delay_ms)
    disk_initialize                          0x0800445d   Thumb Code    26  diskio.o(i.disk_initialize)
    disk_readp                               0x08004479   Thumb Code    74  diskio.o(i.disk_readp)
    fputc                                    0x08004731   Thumb Code    24  usart.o(i.fputc)
    main                                     0x08004b89   Thumb Code   266  main.o(i.main)
    mp3dec_decode_frame                      0x08005f2d   Thumb Code   792  minimp3_adapter.o(i.mp3dec_decode_frame)
    mp3dec_init                              0x08006245   Thumb Code    10  minimp3_adapter.o(i.mp3dec_init)
    pf_mount                                 0x08006251   Thumb Code   338  pff.o(i.pf_mount)
    pf_open                                  0x080063a9   Thumb Code    92  pff.o(i.pf_open)
    pf_opendir                               0x08006409   Thumb Code    80  pff.o(i.pf_opendir)
    pf_read                                  0x0800645d   Thumb Code   232  pff.o(i.pf_read)
    pf_readdir                               0x08006549   Thumb Code    82  pff.o(i.pf_readdir)
    sdcard_stub_init                         0x08006fd9   Thumb Code   280  sdcard_stub.o(i.sdcard_stub_init)
    sdcard_stub_is_ready                     0x080071d1   Thumb Code     6  sdcard_stub.o(i.sdcard_stub_is_ready)
    sdcard_stub_last_error_string            0x080071dd   Thumb Code     6  sdcard_stub.o(i.sdcard_stub_last_error_string)
    sdcard_stub_read_sector                  0x080071e9   Thumb Code   234  sdcard_stub.o(i.sdcard_stub_read_sector)
    sdcard_stub_set_debug                    0x080072fd   Thumb Code    10  sdcard_stub.o(i.sdcard_stub_set_debug)
    __fpl_dcmp_Inf                           0x08007311   Thumb Code    24  dcmpi.o(x$fpl$dcmpinf)
    __aeabi_cdcmple                          0x08007329   Thumb Code     0  dleqf.o(x$fpl$dleqf)
    _dcmple                                  0x08007329   Thumb Code   120  dleqf.o(x$fpl$dleqf)
    __fpl_dcmple_InfNaN                      0x0800738b   Thumb Code     0  dleqf.o(x$fpl$dleqf)
    __fpl_dnaninf                            0x080073a1   Thumb Code   156  dnaninf.o(x$fpl$dnaninf)
    __fpl_dretinf                            0x0800743d   Thumb Code    12  dretinf.o(x$fpl$dretinf)
    __aeabi_cdrcmple                         0x08007449   Thumb Code     0  drleqf.o(x$fpl$drleqf)
    _drcmple                                 0x08007449   Thumb Code   108  drleqf.o(x$fpl$drleqf)
    __aeabi_f2d                              0x080074b5   Thumb Code     0  f2d.o(x$fpl$f2d)
    _f2d                                     0x080074b5   Thumb Code    86  f2d.o(x$fpl$f2d)
    __aeabi_fadd                             0x0800750d   Thumb Code     0  faddsub_clz.o(x$fpl$fadd)
    _fadd                                    0x0800750d   Thumb Code   196  faddsub_clz.o(x$fpl$fadd)
    __fpl_fcmp_Inf                           0x080075d1   Thumb Code    24  fcmpi.o(x$fpl$fcmpinf)
    __aeabi_fdiv                             0x080075e9   Thumb Code     0  fdiv.o(x$fpl$fdiv)
    _fdiv                                    0x080075e9   Thumb Code   384  fdiv.o(x$fpl$fdiv)
    __aeabi_cfcmpeq                          0x0800776d   Thumb Code     0  feqf.o(x$fpl$feqf)
    _fcmpeq                                  0x0800776d   Thumb Code   104  feqf.o(x$fpl$feqf)
    __aeabi_f2iz                             0x080077d5   Thumb Code     0  ffix.o(x$fpl$ffix)
    _ffix                                    0x080077d5   Thumb Code    54  ffix.o(x$fpl$ffix)
    __aeabi_i2f                              0x0800780d   Thumb Code     0  fflt_clz.o(x$fpl$fflt)
    _fflt                                    0x0800780d   Thumb Code    48  fflt_clz.o(x$fpl$fflt)
    __aeabi_fmul                             0x0800783d   Thumb Code     0  fmul.o(x$fpl$fmul)
    _fmul                                    0x0800783d   Thumb Code   258  fmul.o(x$fpl$fmul)
    __fpl_fnaninf                            0x0800793f   Thumb Code   140  fnaninf.o(x$fpl$fnaninf)
    __fpl_fretinf                            0x080079cb   Thumb Code    10  fretinf.o(x$fpl$fretinf)
    __aeabi_frsub                            0x080079d5   Thumb Code     0  faddsub_clz.o(x$fpl$frsb)
    _frsb                                    0x080079d5   Thumb Code    20  faddsub_clz.o(x$fpl$frsb)
    __aeabi_fsub                             0x080079e9   Thumb Code     0  faddsub_clz.o(x$fpl$fsub)
    _fsub                                    0x080079e9   Thumb Code   234  faddsub_clz.o(x$fpl$fsub)
    __I$use$fp                               0x08007ad2   Number         0  usenofp.o(x$fpl$usenofp)
    Region$$Table$$Base                      0x08009ff0   Number         0  anon$$obj.o(Region$$Table)
    Region$$Table$$Limit                     0x0800a010   Number         0  anon$$obj.o(Region$$Table)
    LED2_BitVal                              0x20000000   Data           1  exti.o(.data)
    U1Rx_LEN                                 0x20000004   Data           1  usart.o(.data)
    U1Rx_IDLE_FLAG                           0x20000005   Data           1  usart.o(.data)
    __stdout                                 0x20000008   Data           4  usart.o(.data)
    U1Rx_Data                                0x2000006c   Data         128  usart.o(.bss)
    __libspace_start                         0x20008478   Data          96  libspace.o(.bss)
    __temporary_stack_top$libspace           0x200084d8   Data           0  libspace.o(.bss)



==============================================================================

Memory Map of the image

  Image Entry point : 0x08000131

  Load Region LR_IROM1 (Base: 0x08000000, Size: 0x0000a07c, Max: 0x00080000, ABSOLUTE)

    Execution Region ER_IROM1 (Exec base: 0x08000000, Load base: 0x08000000, Size: 0x0000a010, Max: 0x00080000, ABSOLUTE)

    Exec Addr    Load Addr    Size         Type   Attr      Idx    E Section Name        Object

    0x08000000   0x08000000   0x00000130   Data   RO           19    RESET               startup_stm32f10x_hd.o
    0x08000130   0x08000130   0x00000008   Code   RO         4372  * !!!main             c_w.l(__main.o)
    0x08000138   0x08000138   0x00000034   Code   RO         4591    !!!scatter          c_w.l(__scatter.o)
    0x0800016c   0x0800016c   0x0000001a   Code   RO         4593    !!handler_copy      c_w.l(__scatter_copy.o)
    0x08000186   0x08000186   0x00000002   PAD
    0x08000188   0x08000188   0x0000001c   Code   RO         4595    !!handler_zi        c_w.l(__scatter_zi.o)
    0x080001a4   0x080001a4   0x00000000   Code   RO         4357    .ARM.Collect$$_printf_percent$$00000000  c_w.l(_printf_percent.o)
    0x080001a4   0x080001a4   0x00000006   Code   RO         4355    .ARM.Collect$$_printf_percent$$00000009  c_w.l(_printf_d.o)
    0x080001aa   0x080001aa   0x00000006   Code   RO         4356    .ARM.Collect$$_printf_percent$$0000000A  c_w.l(_printf_u.o)
    0x080001b0   0x080001b0   0x00000006   Code   RO         4354    .ARM.Collect$$_printf_percent$$0000000C  c_w.l(_printf_x.o)
    0x080001b6   0x080001b6   0x00000006   Code   RO         4353    .ARM.Collect$$_printf_percent$$00000014  c_w.l(_printf_s.o)
    0x080001bc   0x080001bc   0x00000004   Code   RO         4417    .ARM.Collect$$_printf_percent$$00000017  c_w.l(_printf_percent_end.o)
    0x080001c0   0x080001c0   0x00000002   Code   RO         4463    .ARM.Collect$$libinit$$00000000  c_w.l(libinit.o)
    0x080001c2   0x080001c2   0x00000000   Code   RO         4470    .ARM.Collect$$libinit$$00000002  c_w.l(libinit2.o)
    0x080001c2   0x080001c2   0x00000000   Code   RO         4472    .ARM.Collect$$libinit$$00000004  c_w.l(libinit2.o)
    0x080001c2   0x080001c2   0x00000000   Code   RO         4475    .ARM.Collect$$libinit$$0000000A  c_w.l(libinit2.o)
    0x080001c2   0x080001c2   0x00000000   Code   RO         4477    .ARM.Collect$$libinit$$0000000C  c_w.l(libinit2.o)
    0x080001c2   0x080001c2   0x00000000   Code   RO         4479    .ARM.Collect$$libinit$$0000000E  c_w.l(libinit2.o)
    0x080001c2   0x080001c2   0x00000000   Code   RO         4482    .ARM.Collect$$libinit$$00000011  c_w.l(libinit2.o)
    0x080001c2   0x080001c2   0x00000000   Code   RO         4484    .ARM.Collect$$libinit$$00000013  c_w.l(libinit2.o)
    0x080001c2   0x080001c2   0x00000000   Code   RO         4486    .ARM.Collect$$libinit$$00000015  c_w.l(libinit2.o)
    0x080001c2   0x080001c2   0x00000000   Code   RO         4488    .ARM.Collect$$libinit$$00000017  c_w.l(libinit2.o)
    0x080001c2   0x080001c2   0x00000000   Code   RO         4490    .ARM.Collect$$libinit$$00000019  c_w.l(libinit2.o)
    0x080001c2   0x080001c2   0x00000000   Code   RO         4492    .ARM.Collect$$libinit$$0000001B  c_w.l(libinit2.o)
    0x080001c2   0x080001c2   0x00000000   Code   RO         4494    .ARM.Collect$$libinit$$0000001D  c_w.l(libinit2.o)
    0x080001c2   0x080001c2   0x00000000   Code   RO         4496    .ARM.Collect$$libinit$$0000001F  c_w.l(libinit2.o)
    0x080001c2   0x080001c2   0x00000000   Code   RO         4498    .ARM.Collect$$libinit$$00000021  c_w.l(libinit2.o)
    0x080001c2   0x080001c2   0x00000000   Code   RO         4500    .ARM.Collect$$libinit$$00000023  c_w.l(libinit2.o)
    0x080001c2   0x080001c2   0x00000000   Code   RO         4502    .ARM.Collect$$libinit$$00000025  c_w.l(libinit2.o)
    0x080001c2   0x080001c2   0x00000000   Code   RO         4506    .ARM.Collect$$libinit$$0000002C  c_w.l(libinit2.o)
    0x080001c2   0x080001c2   0x00000000   Code   RO         4508    .ARM.Collect$$libinit$$0000002E  c_w.l(libinit2.o)
    0x080001c2   0x080001c2   0x00000000   Code   RO         4510    .ARM.Collect$$libinit$$00000030  c_w.l(libinit2.o)
    0x080001c2   0x080001c2   0x00000000   Code   RO         4512    .ARM.Collect$$libinit$$00000032  c_w.l(libinit2.o)
    0x080001c2   0x080001c2   0x00000002   Code   RO         4513    .ARM.Collect$$libinit$$00000033  c_w.l(libinit2.o)
    0x080001c4   0x080001c4   0x00000002   Code   RO         4531    .ARM.Collect$$libshutdown$$00000000  c_w.l(libshutdown.o)
    0x080001c6   0x080001c6   0x00000000   Code   RO         4541    .ARM.Collect$$libshutdown$$00000002  c_w.l(libshutdown2.o)
    0x080001c6   0x080001c6   0x00000000   Code   RO         4543    .ARM.Collect$$libshutdown$$00000004  c_w.l(libshutdown2.o)
    0x080001c6   0x080001c6   0x00000000   Code   RO         4545    .ARM.Collect$$libshutdown$$00000006  c_w.l(libshutdown2.o)
    0x080001c6   0x080001c6   0x00000000   Code   RO         4548    .ARM.Collect$$libshutdown$$00000009  c_w.l(libshutdown2.o)
    0x080001c6   0x080001c6   0x00000000   Code   RO         4551    .ARM.Collect$$libshutdown$$0000000C  c_w.l(libshutdown2.o)
    0x080001c6   0x080001c6   0x00000000   Code   RO         4553    .ARM.Collect$$libshutdown$$0000000E  c_w.l(libshutdown2.o)
    0x080001c6   0x080001c6   0x00000000   Code   RO         4556    .ARM.Collect$$libshutdown$$00000011  c_w.l(libshutdown2.o)
    0x080001c6   0x080001c6   0x00000002   Code   RO         4557    .ARM.Collect$$libshutdown$$00000012  c_w.l(libshutdown2.o)
    0x080001c8   0x080001c8   0x00000000   Code   RO         4406    .ARM.Collect$$rtentry$$00000000  c_w.l(__rtentry.o)
    0x080001c8   0x080001c8   0x00000000   Code   RO         4434    .ARM.Collect$$rtentry$$00000002  c_w.l(__rtentry2.o)
    0x080001c8   0x080001c8   0x00000006   Code   RO         4446    .ARM.Collect$$rtentry$$00000004  c_w.l(__rtentry4.o)
    0x080001ce   0x080001ce   0x00000000   Code   RO         4436    .ARM.Collect$$rtentry$$00000009  c_w.l(__rtentry2.o)
    0x080001ce   0x080001ce   0x00000004   Code   RO         4437    .ARM.Collect$$rtentry$$0000000A  c_w.l(__rtentry2.o)
    0x080001d2   0x080001d2   0x00000000   Code   RO         4439    .ARM.Collect$$rtentry$$0000000C  c_w.l(__rtentry2.o)
    0x080001d2   0x080001d2   0x00000008   Code   RO         4440    .ARM.Collect$$rtentry$$0000000D  c_w.l(__rtentry2.o)
    0x080001da   0x080001da   0x00000002   Code   RO         4467    .ARM.Collect$$rtexit$$00000000  c_w.l(rtexit.o)
    0x080001dc   0x080001dc   0x00000000   Code   RO         4515    .ARM.Collect$$rtexit$$00000002  c_w.l(rtexit2.o)
    0x080001dc   0x080001dc   0x00000004   Code   RO         4516    .ARM.Collect$$rtexit$$00000003  c_w.l(rtexit2.o)
    0x080001e0   0x080001e0   0x00000006   Code   RO         4517    .ARM.Collect$$rtexit$$00000004  c_w.l(rtexit2.o)
    0x080001e6   0x080001e6   0x00000002   PAD
    0x080001e8   0x080001e8   0x00000040   Code   RO           20    .text               startup_stm32f10x_hd.o
    0x08000228   0x08000228   0x00000002   Code   RO         4294    .text               c_w.l(use_no_semi_2.o)
    0x0800022a   0x0800022a   0x00000002   PAD
    0x0800022c   0x0800022c   0x00000018   Code   RO         4300    .text               c_w.l(noretval__2printf.o)
    0x08000244   0x08000244   0x00000028   Code   RO         4302    .text               c_w.l(noretval__2sprintf.o)
    0x0800026c   0x0800026c   0x0000004e   Code   RO         4306    .text               c_w.l(_printf_pad.o)
    0x080002ba   0x080002ba   0x00000052   Code   RO         4308    .text               c_w.l(_printf_str.o)
    0x0800030c   0x0800030c   0x00000078   Code   RO         4310    .text               c_w.l(_printf_dec.o)
    0x08000384   0x08000384   0x00000058   Code   RO         4315    .text               c_w.l(_printf_hex_int.o)
    0x080003dc   0x080003dc   0x00000188   Code   RO         4350    .text               c_w.l(__printf_flags_ss_wp.o)
    0x08000564   0x08000564   0x00000058   Code   RO         4358    .text               c_w.l(memcmp.o)
    0x080005bc   0x080005bc   0x0000008a   Code   RO         4360    .text               c_w.l(rt_memcpy_v6.o)
    0x08000646   0x08000646   0x00000084   Code   RO         4362    .text               c_w.l(rt_memmove_v6.o)
    0x080006ca   0x080006ca   0x00000064   Code   RO         4364    .text               c_w.l(rt_memcpy_w.o)
    0x0800072e   0x0800072e   0x00000044   Code   RO         4366    .text               c_w.l(rt_memclr.o)
    0x08000772   0x08000772   0x0000004e   Code   RO         4368    .text               c_w.l(rt_memclr_w.o)
    0x080007c0   0x080007c0   0x00000006   Code   RO         4370    .text               c_w.l(heapauxi.o)
    0x080007c6   0x080007c6   0x00000002   Code   RO         4404    .text               c_w.l(use_no_semi.o)
    0x080007c8   0x080007c8   0x000000b2   Code   RO         4407    .text               c_w.l(_printf_intcommon.o)
    0x0800087a   0x0800087a   0x00000002   PAD
    0x0800087c   0x0800087c   0x00000030   Code   RO         4409    .text               c_w.l(_printf_char_common.o)
    0x080008ac   0x080008ac   0x0000000a   Code   RO         4411    .text               c_w.l(_sputc.o)
    0x080008b6   0x080008b6   0x0000002c   Code   RO         4413    .text               c_w.l(_printf_char.o)
    0x080008e2   0x080008e2   0x00000002   PAD
    0x080008e4   0x080008e4   0x00000024   Code   RO         4415    .text               c_w.l(_printf_char_file.o)
    0x08000908   0x08000908   0x0000007a   Code   RO         4418    .text               c_w.l(rt_memmove_w.o)
    0x08000982   0x08000982   0x00000008   Code   RO         4450    .text               c_w.l(ferror.o)
    0x0800098a   0x0800098a   0x0000004a   Code   RO         4454    .text               c_w.l(sys_stackheap_outer.o)
    0x080009d4   0x080009d4   0x00000012   Code   RO         4456    .text               c_w.l(exit.o)
    0x080009e6   0x080009e6   0x00000002   PAD
    0x080009e8   0x080009e8   0x00000008   Code   RO         4464    .text               c_w.l(libspace.o)
    0x080009f0   0x080009f0   0x00000004   Code   RO          193    i.BusFault_Handler  stm32f10x_it.o
    0x080009f4   0x080009f4   0x00000002   Code   RO          194    i.DebugMon_Handler  stm32f10x_it.o
    0x080009f6   0x080009f6   0x00000002   PAD
    0x080009f8   0x080009f8   0x00000054   Code   RO           24    i.EXTI1_IRQHandler  exti.o
    0x08000a4c   0x08000a4c   0x0000000c   Code   RO         2123    i.EXTI_ClearITPendingBit  stm32f10x_exti.o
    0x08000a58   0x08000a58   0x00000116   Code   RO         2476    i.GPIO_Init         stm32f10x_gpio.o
    0x08000b6e   0x08000b6e   0x00000002   PAD
    0x08000b70   0x08000b70   0x00000090   Code   RO         2478    i.GPIO_PinRemapConfig  stm32f10x_gpio.o
    0x08000c00   0x08000c00   0x00000012   Code   RO         2480    i.GPIO_ReadInputDataBit  stm32f10x_gpio.o
    0x08000c12   0x08000c12   0x00000012   Code   RO         2482    i.GPIO_ReadOutputDataBit  stm32f10x_gpio.o
    0x08000c24   0x08000c24   0x00000004   Code   RO         2483    i.GPIO_ResetBits    stm32f10x_gpio.o
    0x08000c28   0x08000c28   0x00000004   Code   RO         2484    i.GPIO_SetBits      stm32f10x_gpio.o
    0x08000c2c   0x08000c2c   0x0000000a   Code   RO         2487    i.GPIO_WriteBit     stm32f10x_gpio.o
    0x08000c36   0x08000c36   0x00000004   Code   RO          195    i.HardFault_Handler  stm32f10x_it.o
    0x08000c3a   0x08000c3a   0x00000018   Code   RO         3366    i.I2S_Cmd           stm32f10x_spi.o
    0x08000c52   0x08000c52   0x00000002   PAD
    0x08000c54   0x08000c54   0x000000e8   Code   RO         3367    i.I2S_Init          stm32f10x_spi.o
    0x08000d3c   0x08000d3c   0x00000080   Code   RO         1076    i.L12_apply_scf_384  minimp3_adapter.o
    0x08000dbc   0x08000dbc   0x000000d8   Code   RO         1077    i.L12_dequantize_granule  minimp3_adapter.o
    0x08000e94   0x08000e94   0x000000f8   Code   RO         1078    i.L12_read_scale_info  minimp3_adapter.o
    0x08000f8c   0x08000f8c   0x0000009c   Code   RO         1079    i.L12_read_scalefactors  minimp3_adapter.o
    0x08001028   0x08001028   0x000000bc   Code   RO         1080    i.L12_subband_alloc_table  minimp3_adapter.o
    0x080010e4   0x080010e4   0x0000008c   Code   RO         1081    i.L3_antialias      minimp3_adapter.o
    0x08001170   0x08001170   0x00000026   Code   RO         1082    i.L3_change_sign    minimp3_adapter.o
    0x08001196   0x08001196   0x00000002   PAD
    0x08001198   0x08001198   0x000001e4   Code   RO         1083    i.L3_dct3_9         minimp3_adapter.o
    0x0800137c   0x0800137c   0x0000017e   Code   RO         1084    i.L3_decode         minimp3_adapter.o
    0x080014fa   0x080014fa   0x00000002   PAD
    0x080014fc   0x080014fc   0x000001e0   Code   RO         1085    i.L3_decode_scalefactors  minimp3_adapter.o
    0x080016dc   0x080016dc   0x0000041c   Code   RO         1086    i.L3_huffman        minimp3_adapter.o
    0x08001af8   0x08001af8   0x00000050   Code   RO         1087    i.L3_idct3          minimp3_adapter.o
    0x08001b48   0x08001b48   0x00000130   Code   RO         1088    i.L3_imdct12        minimp3_adapter.o
    0x08001c78   0x08001c78   0x000001b0   Code   RO         1089    i.L3_imdct36        minimp3_adapter.o
    0x08001e28   0x08001e28   0x00000064   Code   RO         1090    i.L3_imdct_gr       minimp3_adapter.o
    0x08001e8c   0x08001e8c   0x00000056   Code   RO         1091    i.L3_imdct_short    minimp3_adapter.o
    0x08001ee2   0x08001ee2   0x000000b6   Code   RO         1092    i.L3_intensity_stereo  minimp3_adapter.o
    0x08001f98   0x08001f98   0x0000003a   Code   RO         1093    i.L3_intensity_stereo_band  minimp3_adapter.o
    0x08001fd2   0x08001fd2   0x00000002   PAD
    0x08001fd4   0x08001fd4   0x00000050   Code   RO         1094    i.L3_ldexp_q2       minimp3_adapter.o
    0x08002024   0x08002024   0x0000003a   Code   RO         1095    i.L3_midside_stereo  minimp3_adapter.o
    0x0800205e   0x0800205e   0x00000002   PAD
    0x08002060   0x08002060   0x000000a4   Code   RO         1096    i.L3_pow_43         minimp3_adapter.o
    0x08002104   0x08002104   0x000000b8   Code   RO         1097    i.L3_read_scalefactors  minimp3_adapter.o
    0x080021bc   0x080021bc   0x0000024c   Code   RO         1098    i.L3_read_side_info  minimp3_adapter.o
    0x08002408   0x08002408   0x00000058   Code   RO         1099    i.L3_reorder        minimp3_adapter.o
    0x08002460   0x08002460   0x000000b2   Code   RO         1100    i.L3_restore_reservoir  minimp3_adapter.o
    0x08002512   0x08002512   0x00000044   Code   RO         1101    i.L3_save_reservoir  minimp3_adapter.o
    0x08002556   0x08002556   0x00000002   PAD
    0x08002558   0x08002558   0x000000d8   Code   RO         1102    i.L3_stereo_process  minimp3_adapter.o
    0x08002630   0x08002630   0x00000066   Code   RO         1103    i.L3_stereo_top_band  minimp3_adapter.o
    0x08002696   0x08002696   0x00000002   PAD
    0x08002698   0x08002698   0x000000bc   Code   RO          338    i.MX_USART1_Init    usart.o
    0x08002754   0x08002754   0x00000004   Code   RO          196    i.MemManage_Handler  stm32f10x_it.o
    0x08002758   0x08002758   0x00000002   Code   RO          197    i.NMI_Handler       stm32f10x_it.o
    0x0800275a   0x0800275a   0x00000002   PAD
    0x0800275c   0x0800275c   0x00000070   Code   RO         1325    i.NVIC_Init         misc.o
    0x080027cc   0x080027cc   0x00000014   Code   RO         1326    i.NVIC_PriorityGroupConfig  misc.o
    0x080027e0   0x080027e0   0x00000002   Code   RO          198    i.PendSV_Handler    stm32f10x_it.o
    0x080027e2   0x080027e2   0x00000002   PAD
    0x080027e4   0x080027e4   0x00000020   Code   RO         2891    i.RCC_AHBPeriphClockCmd  stm32f10x_rcc.o
    0x08002804   0x08002804   0x00000020   Code   RO         2892    i.RCC_APB1PeriphClockCmd  stm32f10x_rcc.o
    0x08002824   0x08002824   0x00000020   Code   RO         2893    i.RCC_APB1PeriphResetCmd  stm32f10x_rcc.o
    0x08002844   0x08002844   0x00000020   Code   RO         2894    i.RCC_APB2PeriphClockCmd  stm32f10x_rcc.o
    0x08002864   0x08002864   0x00000020   Code   RO         2895    i.RCC_APB2PeriphResetCmd  stm32f10x_rcc.o
    0x08002884   0x08002884   0x000000d4   Code   RO         2902    i.RCC_GetClocksFreq  stm32f10x_rcc.o
    0x08002958   0x08002958   0x0000000c   Code   RO         3181    i.SDIO_ClearFlag    stm32f10x_sdio.o
    0x08002964   0x08002964   0x0000000c   Code   RO         3183    i.SDIO_ClockCmd     stm32f10x_sdio.o
    0x08002970   0x08002970   0x00000030   Code   RO         3187    i.SDIO_DataConfig   stm32f10x_sdio.o
    0x080029a0   0x080029a0   0x00000024   Code   RO         3189    i.SDIO_DeInit       stm32f10x_sdio.o
    0x080029c4   0x080029c4   0x0000000c   Code   RO         3190    i.SDIO_GetCommandResponse  stm32f10x_sdio.o
    0x080029d0   0x080029d0   0x00000018   Code   RO         3193    i.SDIO_GetFlagStatus  stm32f10x_sdio.o
    0x080029e8   0x080029e8   0x00000018   Code   RO         3196    i.SDIO_GetResponse  stm32f10x_sdio.o
    0x08002a00   0x08002a00   0x00000030   Code   RO         3198    i.SDIO_Init         stm32f10x_sdio.o
    0x08002a30   0x08002a30   0x0000000c   Code   RO         3199    i.SDIO_ReadData     stm32f10x_sdio.o
    0x08002a3c   0x08002a3c   0x0000002c   Code   RO         3201    i.SDIO_SendCommand  stm32f10x_sdio.o
    0x08002a68   0x08002a68   0x0000001c   Code   RO         3203    i.SDIO_SetPowerState  stm32f10x_sdio.o
    0x08002a84   0x08002a84   0x00000058   Code   RO         3378    i.SPI_I2S_DeInit    stm32f10x_spi.o
    0x08002adc   0x08002adc   0x00000012   Code   RO         3379    i.SPI_I2S_GetFlagStatus  stm32f10x_spi.o
    0x08002aee   0x08002aee   0x00000006   Code   RO         3382    i.SPI_I2S_ReceiveData  stm32f10x_spi.o
    0x08002af4   0x08002af4   0x00000004   Code   RO         3383    i.SPI_I2S_SendData  stm32f10x_spi.o
    0x08002af8   0x08002af8   0x00000002   Code   RO          199    i.SVC_Handler       stm32f10x_it.o
    0x08002afa   0x08002afa   0x00000008   Code   RO          256    i.SetSysClock       system_stm32f10x.o
    0x08002b02   0x08002b02   0x00000002   PAD
    0x08002b04   0x08002b04   0x000000e0   Code   RO          257    i.SetSysClockTo72   system_stm32f10x.o
    0x08002be4   0x08002be4   0x00000028   Code   RO         1329    i.SysTick_CLKSourceConfig  misc.o
    0x08002c0c   0x08002c0c   0x00000002   Code   RO          200    i.SysTick_Handler   stm32f10x_it.o
    0x08002c0e   0x08002c0e   0x00000002   PAD
    0x08002c10   0x08002c10   0x00000060   Code   RO          259    i.SystemInit        system_stm32f10x.o
    0x08002c70   0x08002c70   0x00000068   Code   RO          339    i.USART1_IRQHandler  usart.o
    0x08002cd8   0x08002cd8   0x00000018   Code   RO         4062    i.USART_Cmd         stm32f10x_usart.o
    0x08002cf0   0x08002cf0   0x00000054   Code   RO         4066    i.USART_GetITStatus  stm32f10x_usart.o
    0x08002d44   0x08002d44   0x0000004a   Code   RO         4068    i.USART_ITConfig    stm32f10x_usart.o
    0x08002d8e   0x08002d8e   0x00000002   PAD
    0x08002d90   0x08002d90   0x000000d8   Code   RO         4069    i.USART_Init        stm32f10x_usart.o
    0x08002e68   0x08002e68   0x0000000a   Code   RO         4076    i.USART_ReceiveData  stm32f10x_usart.o
    0x08002e72   0x08002e72   0x00000004   Code   RO          201    i.UsageFault_Handler  stm32f10x_it.o
    0x08002e76   0x08002e76   0x0000000e   Code   RO         4343    i._is_digit         c_w.l(__printf_wp.o)
    0x08002e84   0x08002e84   0x00000004   Code   RO          340    i._sys_exit         usart.o
    0x08002e88   0x08002e88   0x0000000c   Code   RO          527    i.audio_delay_ms    board_audio.o
    0x08002e94   0x08002e94   0x00000018   Code   RO          528    i.audio_delay_short  board_audio.o
    0x08002eac   0x08002eac   0x0000007c   Code   RO          379    i.audio_player_debug_progress  audio_player.o
    0x08002f28   0x08002f28   0x000001b4   Code   RO          380    i.audio_player_debug_scan_filesystem  audio_player.o
    0x080030dc   0x080030dc   0x000000c4   Code   RO          381    i.audio_player_debug_sector0  audio_player.o
    0x080031a0   0x080031a0   0x000000f0   Code   RO          382    i.audio_player_debug_sector_summary  audio_player.o
    0x08003290   0x08003290   0x0000013c   Code   RO          383    i.audio_player_find_first_mp3  audio_player.o
    0x080033cc   0x080033cc   0x00000008   Code   RO          384    i.audio_player_get_stats  audio_player.o
    0x080033d4   0x080033d4   0x0000005e   Code   RO          385    i.audio_player_has_suffix  audio_player.o
    0x08003432   0x08003432   0x00000002   PAD
    0x08003434   0x08003434   0x000000a0   Code   RO          386    i.audio_player_init  audio_player.o
    0x080034d4   0x080034d4   0x00000008   Code   RO          387    i.audio_player_last_error  audio_player.o
    0x080034dc   0x080034dc   0x00000018   Code   RO          388    i.audio_player_ld_dword  audio_player.o
    0x080034f4   0x080034f4   0x00000094   Code   RO          389    i.audio_player_play_from_sd  audio_player.o
    0x08003588   0x08003588   0x00000254   Code   RO          390    i.audio_player_play_mp3_from_sd  audio_player.o
    0x080037dc   0x080037dc   0x00000010   Code   RO          391    i.audio_player_reset_stats  audio_player.o
    0x080037ec   0x080037ec   0x0000001a   Code   RO          392    i.audio_player_sector_has_aa55  audio_player.o
    0x08003806   0x08003806   0x00000002   PAD
    0x08003808   0x08003808   0x00000024   Code   RO          393    i.audio_player_sector_has_exfat_name  audio_player.o
    0x0800382c   0x0800382c   0x00000034   Code   RO          394    i.audio_player_sector_has_fat_name  audio_player.o
    0x08003860   0x08003860   0x0000003c   Code   RO          395    i.audio_player_sector_interesting  audio_player.o
    0x0800389c   0x0800389c   0x00000014   Code   RO          396    i.audio_player_set_debug  audio_player.o
    0x080038b0   0x080038b0   0x00000024   Code   RO          397    i.audio_player_set_error  audio_player.o
    0x080038d4   0x080038d4   0x00000084   Code   RO          504    i.audio_record_demo_once  audio_record.o
    0x08003958   0x08003958   0x00000008   Code   RO          505    i.audio_record_get_debug_info  audio_record.o
    0x08003960   0x08003960   0x00000028   Code   RO          529    i.board_audio_amp_set  board_audio.o
    0x08003988   0x08003988   0x00000024   Code   RO          531    i.board_audio_apply_gain  board_audio.o
    0x080039ac   0x080039ac   0x000000ac   Code   RO          532    i.board_audio_capture_debug_regs  board_audio.o
    0x08003a58   0x08003a58   0x0000007c   Code   RO          533    i.board_audio_capture_pcm  board_audio.o
    0x08003ad4   0x08003ad4   0x00000130   Code   RO          534    i.board_audio_codec_init_playback  board_audio.o
    0x08003c04   0x08003c04   0x000000fc   Code   RO          535    i.board_audio_codec_init_record  board_audio.o
    0x08003d00   0x08003d00   0x00000008   Code   RO          536    i.board_audio_get_debug_info  board_audio.o
    0x08003d08   0x08003d08   0x000000c8   Code   RO          537    i.board_audio_gpio_init  board_audio.o
    0x08003dd0   0x08003dd0   0x0000001e   Code   RO          538    i.board_audio_i2s_freq  board_audio.o
    0x08003dee   0x08003dee   0x00000002   PAD
    0x08003df0   0x08003df0   0x00000044   Code   RO          539    i.board_audio_i2s_init_rx  board_audio.o
    0x08003e34   0x08003e34   0x0000000c   Code   RO          540    i.board_audio_i2s_init_tx  board_audio.o
    0x08003e40   0x08003e40   0x00000064   Code   RO          541    i.board_audio_i2s_init_tx_rate  board_audio.o
    0x08003ea4   0x08003ea4   0x00000008   Code   RO          542    i.board_audio_init  board_audio.o
    0x08003eac   0x08003eac   0x00000048   Code   RO          543    i.board_audio_init_playback  board_audio.o
    0x08003ef4   0x08003ef4   0x00000048   Code   RO          544    i.board_audio_init_record  board_audio.o
    0x08003f3c   0x08003f3c   0x000000bc   Code   RO          545    i.board_audio_play_pcm  board_audio.o
    0x08003ff8   0x08003ff8   0x00000060   Code   RO          546    i.board_audio_play_test_tone  board_audio.o
    0x08004058   0x08004058   0x00000020   Code   RO          547    i.board_audio_read_word  board_audio.o
    0x08004078   0x08004078   0x00000020   Code   RO          548    i.board_audio_reset_debug  board_audio.o
    0x08004098   0x08004098   0x0000000c   Code   RO          549    i.board_audio_set_error  board_audio.o
    0x080040a4   0x080040a4   0x00000020   Code   RO          550    i.board_audio_set_sample_rate  board_audio.o
    0x080040c4   0x080040c4   0x00000024   Code   RO          551    i.board_audio_write_frame  board_audio.o
    0x080040e8   0x080040e8   0x00000020   Code   RO          552    i.board_audio_write_word  board_audio.o
    0x08004108   0x08004108   0x0000000c   Code   RO         1104    i.bs_init           minimp3_adapter.o
    0x08004114   0x08004114   0x00000070   Code   RO          956    i.check_fs          pff.o
    0x08004184   0x08004184   0x00000024   Code   RO          957    i.clust2sect        pff.o
    0x080041a8   0x080041a8   0x000000a0   Code   RO          958    i.create_name       pff.o
    0x08004248   0x08004248   0x00000014   Code   RO          141    i.debug_print_text  main.o
    0x0800425c   0x0800425c   0x0000000c   Code   RO          290    i.delay_Init        delay.o
    0x08004268   0x08004268   0x00000048   Code   RO          291    i.delay_ms          delay.o
    0x080042b0   0x080042b0   0x00000078   Code   RO          959    i.dir_find          pff.o
    0x08004328   0x08004328   0x0000007c   Code   RO          960    i.dir_next          pff.o
    0x080043a4   0x080043a4   0x00000076   Code   RO          961    i.dir_read          pff.o
    0x0800441a   0x0800441a   0x00000002   PAD
    0x0800441c   0x0800441c   0x00000040   Code   RO          962    i.dir_rewind        pff.o
    0x0800445c   0x0800445c   0x0000001a   Code   RO          922    i.disk_initialize   diskio.o
    0x08004476   0x08004476   0x00000002   PAD
    0x08004478   0x08004478   0x00000050   Code   RO          923    i.disk_readp        diskio.o
    0x080044c8   0x080044c8   0x00000060   Code   RO          142    i.dump_board_audio_debug  main.o
    0x08004528   0x08004528   0x00000028   Code   RO          143    i.dump_player_stats  main.o
    0x08004550   0x08004550   0x00000054   Code   RO          144    i.dump_record_debug  main.o
    0x080045a4   0x080045a4   0x00000050   Code   RO          553    i.es8311_probe      board_audio.o
    0x080045f4   0x080045f4   0x00000014   Code   RO          554    i.es8311_probe_addr  board_audio.o
    0x08004608   0x08004608   0x00000050   Code   RO          555    i.es8311_read_reg   board_audio.o
    0x08004658   0x08004658   0x00000028   Code   RO          556    i.es8311_write_reg  board_audio.o
    0x08004680   0x08004680   0x00000030   Code   RO          557    i.es8311_write_reg_to  board_audio.o
    0x080046b0   0x080046b0   0x00000080   Code   RO          963    i.follow_path       pff.o
    0x08004730   0x08004730   0x0000001c   Code   RO          341    i.fputc             usart.o
    0x0800474c   0x0800474c   0x0000005a   Code   RO         1105    i.get_bits          minimp3_adapter.o
    0x080047a6   0x080047a6   0x00000002   PAD
    0x080047a8   0x080047a8   0x00000030   Code   RO          964    i.get_clust         pff.o
    0x080047d8   0x080047d8   0x0000006c   Code   RO          965    i.get_fat           pff.o
    0x08004844   0x08004844   0x00000092   Code   RO          966    i.get_fileinfo      pff.o
    0x080048d6   0x080048d6   0x00000002   PAD
    0x080048d8   0x080048d8   0x00000034   Code   RO         1106    i.hdr_bitrate_kbps  minimp3_adapter.o
    0x0800490c   0x0800490c   0x0000004e   Code   RO         1107    i.hdr_compare       minimp3_adapter.o
    0x0800495a   0x0800495a   0x00000044   Code   RO         1108    i.hdr_frame_bytes   minimp3_adapter.o
    0x0800499e   0x0800499e   0x00000028   Code   RO         1109    i.hdr_frame_samples  minimp3_adapter.o
    0x080049c6   0x080049c6   0x00000020   Code   RO         1110    i.hdr_padding       minimp3_adapter.o
    0x080049e6   0x080049e6   0x00000002   PAD
    0x080049e8   0x080049e8   0x00000028   Code   RO         1111    i.hdr_sample_rate_hz  minimp3_adapter.o
    0x08004a10   0x08004a10   0x00000040   Code   RO         1112    i.hdr_valid         minimp3_adapter.o
    0x08004a50   0x08004a50   0x00000046   Code   RO          558    i.i2c_read_byte     board_audio.o
    0x08004a96   0x08004a96   0x00000002   PAD
    0x08004a98   0x08004a98   0x00000014   Code   RO          559    i.i2c_scl_high      board_audio.o
    0x08004aac   0x08004aac   0x00000014   Code   RO          560    i.i2c_scl_low       board_audio.o
    0x08004ac0   0x08004ac0   0x00000014   Code   RO          561    i.i2c_sda_high      board_audio.o
    0x08004ad4   0x08004ad4   0x00000014   Code   RO          562    i.i2c_sda_low       board_audio.o
    0x08004ae8   0x08004ae8   0x00000010   Code   RO          563    i.i2c_sda_read      board_audio.o
    0x08004af8   0x08004af8   0x00000014   Code   RO          564    i.i2c_start         board_audio.o
    0x08004b0c   0x08004b0c   0x00000010   Code   RO          565    i.i2c_stop          board_audio.o
    0x08004b1c   0x08004b1c   0x00000048   Code   RO          566    i.i2c_write_byte    board_audio.o
    0x08004b64   0x08004b64   0x00000018   Code   RO          967    i.ld_dword          pff.o
    0x08004b7c   0x08004b7c   0x0000000c   Code   RO          968    i.ld_word           pff.o
    0x08004b88   0x08004b88   0x000002e4   Code   RO          145    i.main              main.o
    0x08004e6c   0x08004e6c   0x00000026   Code   RO          969    i.mem_cmp           pff.o
    0x08004e92   0x08004e92   0x00000014   Code   RO          970    i.mem_set           pff.o
    0x08004ea6   0x08004ea6   0x00000002   PAD
    0x08004ea8   0x08004ea8   0x0000036c   Code   RO         1113    i.mp3d_DCT_II       minimp3_adapter.o
    0x08005214   0x08005214   0x000000de   Code   RO         1114    i.mp3d_find_frame   minimp3_adapter.o
    0x080052f2   0x080052f2   0x00000050   Code   RO         1115    i.mp3d_match_frame  minimp3_adapter.o
    0x08005342   0x08005342   0x00000002   PAD
    0x08005344   0x08005344   0x00000060   Code   RO         1116    i.mp3d_scale_pcm    minimp3_adapter.o
    0x080053a4   0x080053a4   0x0000092c   Code   RO         1117    i.mp3d_synth        minimp3_adapter.o
    0x08005cd0   0x08005cd0   0x00000084   Code   RO         1118    i.mp3d_synth_granule  minimp3_adapter.o
    0x08005d54   0x08005d54   0x000001d8   Code   RO         1119    i.mp3d_synth_pair   minimp3_adapter.o
    0x08005f2c   0x08005f2c   0x00000318   Code   RO         1120    i.mp3dec_decode_frame  minimp3_adapter.o
    0x08006244   0x08006244   0x0000000a   Code   RO         1121    i.mp3dec_init       minimp3_adapter.o
    0x0800624e   0x0800624e   0x00000002   PAD
    0x08006250   0x08006250   0x00000158   Code   RO          971    i.pf_mount          pff.o
    0x080063a8   0x080063a8   0x00000060   Code   RO          972    i.pf_open           pff.o
    0x08006408   0x08006408   0x00000054   Code   RO          973    i.pf_opendir        pff.o
    0x0800645c   0x0800645c   0x000000ec   Code   RO          974    i.pf_read           pff.o
    0x08006548   0x08006548   0x00000058   Code   RO          975    i.pf_readdir        pff.o
    0x080065a0   0x080065a0   0x000000c0   Code   RO          757    i.sd_acmd41_init    sdcard_stub.o
    0x08006660   0x08006660   0x0000003c   Code   RO          758    i.sd_clear_data_path  sdcard_stub.o
    0x0800669c   0x0800669c   0x00000012   Code   RO          759    i.sd_cmd0           sdcard_stub.o
    0x080066ae   0x080066ae   0x00000018   Code   RO          760    i.sd_cmd2           sdcard_stub.o
    0x080066c6   0x080066c6   0x00000002   PAD
    0x080066c8   0x080066c8   0x00000068   Code   RO          761    i.sd_cmd8           sdcard_stub.o
    0x08006730   0x08006730   0x00000098   Code   RO          762    i.sd_debug_dump_probe  sdcard_stub.o
    0x080067c8   0x080067c8   0x00000064   Code   RO          763    i.sd_debug_dump_regs  sdcard_stub.o
    0x0800682c   0x0800682c   0x000000b4   Code   RO          764    i.sd_debug_dump_sector_prefix  sdcard_stub.o
    0x080068e0   0x080068e0   0x00000024   Code   RO          765    i.sd_debug_print    sdcard_stub.o
    0x08006904   0x08006904   0x0000009c   Code   RO          766    i.sd_debug_probe_addresses  sdcard_stub.o
    0x080069a0   0x080069a0   0x00000094   Code   RO          767    i.sd_debug_sector0  sdcard_stub.o
    0x08006a34   0x08006a34   0x000000a0   Code   RO          768    i.sd_debug_step     sdcard_stub.o
    0x08006ad4   0x08006ad4   0x00000012   Code   RO          769    i.sd_delay          sdcard_stub.o
    0x08006ae6   0x08006ae6   0x00000002   PAD
    0x08006ae8   0x08006ae8   0x00000058   Code   RO          770    i.sd_get_rca        sdcard_stub.o
    0x08006b40   0x08006b40   0x0000004c   Code   RO          771    i.sd_gpio_init      sdcard_stub.o
    0x08006b8c   0x08006b8c   0x00000018   Code   RO          772    i.sd_ld_dword       sdcard_stub.o
    0x08006ba4   0x08006ba4   0x00000108   Code   RO          773    i.sd_read_data_polling  sdcard_stub.o
    0x08006cac   0x08006cac   0x0000006a   Code   RO          774    i.sd_read_raw_address_debug  sdcard_stub.o
    0x08006d16   0x08006d16   0x00000002   PAD
    0x08006d18   0x08006d18   0x00000038   Code   RO          775    i.sd_sdio_clock_config  sdcard_stub.o
    0x08006d50   0x08006d50   0x00000020   Code   RO          776    i.sd_select_card    sdcard_stub.o
    0x08006d70   0x08006d70   0x00000044   Code   RO          777    i.sd_send_command   sdcard_stub.o
    0x08006db4   0x08006db4   0x00000028   Code   RO          778    i.sd_set_block_length  sdcard_stub.o
    0x08006ddc   0x08006ddc   0x00000038   Code   RO          779    i.sd_set_bus_width_4bit  sdcard_stub.o
    0x08006e14   0x08006e14   0x00000094   Code   RO          780    i.sd_wait_cmd_no_response  sdcard_stub.o
    0x08006ea8   0x08006ea8   0x00000130   Code   RO          781    i.sd_wait_cmd_response  sdcard_stub.o
    0x08006fd8   0x08006fd8   0x000001f8   Code   RO          782    i.sdcard_stub_init  sdcard_stub.o
    0x080071d0   0x080071d0   0x0000000c   Code   RO          783    i.sdcard_stub_is_ready  sdcard_stub.o
    0x080071dc   0x080071dc   0x0000000c   Code   RO          784    i.sdcard_stub_last_error_string  sdcard_stub.o
    0x080071e8   0x080071e8   0x00000114   Code   RO          785    i.sdcard_stub_read_sector  sdcard_stub.o
    0x080072fc   0x080072fc   0x00000014   Code   RO          786    i.sdcard_stub_set_debug  sdcard_stub.o
    0x08007310   0x08007310   0x00000018   Code   RO         4420    x$fpl$dcmpinf       fz_ws.l(dcmpi.o)
    0x08007328   0x08007328   0x00000078   Code   RO         4374    x$fpl$dleqf         fz_ws.l(dleqf.o)
    0x080073a0   0x080073a0   0x0000009c   Code   RO         4422    x$fpl$dnaninf       fz_ws.l(dnaninf.o)
    0x0800743c   0x0800743c   0x0000000c   Code   RO         4424    x$fpl$dretinf       fz_ws.l(dretinf.o)
    0x08007448   0x08007448   0x0000006c   Code   RO         4376    x$fpl$drleqf        fz_ws.l(drleqf.o)
    0x080074b4   0x080074b4   0x00000056   Code   RO         4378    x$fpl$f2d           fz_ws.l(f2d.o)
    0x0800750a   0x0800750a   0x00000002   PAD
    0x0800750c   0x0800750c   0x000000c4   Code   RO         4380    x$fpl$fadd          fz_ws.l(faddsub_clz.o)
    0x080075d0   0x080075d0   0x00000018   Code   RO         4426    x$fpl$fcmpinf       fz_ws.l(fcmpi.o)
    0x080075e8   0x080075e8   0x00000184   Code   RO         4387    x$fpl$fdiv          fz_ws.l(fdiv.o)
    0x0800776c   0x0800776c   0x00000068   Code   RO         4390    x$fpl$feqf          fz_ws.l(feqf.o)
    0x080077d4   0x080077d4   0x00000036   Code   RO         4392    x$fpl$ffix          fz_ws.l(ffix.o)
    0x0800780a   0x0800780a   0x00000002   PAD
    0x0800780c   0x0800780c   0x00000030   Code   RO         4397    x$fpl$fflt          fz_ws.l(fflt_clz.o)
    0x0800783c   0x0800783c   0x00000102   Code   RO         4402    x$fpl$fmul          fz_ws.l(fmul.o)
    0x0800793e   0x0800793e   0x0000008c   Code   RO         4428    x$fpl$fnaninf       fz_ws.l(fnaninf.o)
    0x080079ca   0x080079ca   0x0000000a   Code   RO         4430    x$fpl$fretinf       fz_ws.l(fretinf.o)
    0x080079d4   0x080079d4   0x00000014   Code   RO         4381    x$fpl$frsb          fz_ws.l(faddsub_clz.o)
    0x080079e8   0x080079e8   0x000000ea   Code   RO         4382    x$fpl$fsub          fz_ws.l(faddsub_clz.o)
    0x08007ad2   0x08007ad2   0x00000000   Code   RO         4432    x$fpl$usenofp       fz_ws.l(usenofp.o)
    0x08007ad2   0x08007ad2   0x00000002   PAD
    0x08007ad4   0x08007ad4   0x00000030   Data   RO          399    .constdata          audio_player.o
    0x08007b04   0x08007b04   0x00000060   Data   RO          568    .constdata          board_audio.o
    0x08007b64   0x08007b64   0x00000080   Data   RO          976    .constdata          pff.o
    0x08007be4   0x08007be4   0x00001ecc   Data   RO         1122    .constdata          minimp3_adapter.o
    0x08009ab0   0x08009ab0   0x00000028   Data   RO         4316    .constdata          c_w.l(_printf_hex_int.o)
    0x08009ad8   0x08009ad8   0x00000011   Data   RO         4351    .constdata          c_w.l(__printf_flags_ss_wp.o)
    0x08009ae9   0x08009ae9   0x00000003   PAD
    0x08009aec   0x08009aec   0x0000019b   Data   RO          146    .conststring        main.o
    0x08009c87   0x08009c87   0x00000001   PAD
    0x08009c88   0x08009c88   0x000000f1   Data   RO          400    .conststring        audio_player.o
    0x08009d79   0x08009d79   0x00000003   PAD
    0x08009d7c   0x08009d7c   0x00000274   Data   RO          788    .conststring        sdcard_stub.o
    0x08009ff0   0x08009ff0   0x00000020   Data   RO         4589    Region$$Table       anon$$obj.o


    Execution Region RW_IRAM1 (Exec base: 0x20000000, Load base: 0x0800a010, Size: 0x000096d8, Max: 0x00010000, ABSOLUTE)

    Exec Addr    Load Addr    Size         Type   Attr      Idx    E Section Name        Object

    0x20000000   0x0800a010   0x00000001   Data   RW           26    .data               exti.o
    0x20000001   0x0800a011   0x00000003   PAD
    0x20000004   0x0800a014   0x00000008   Data   RW          343    .data               usart.o
    0x2000000c   0x0800a01c   0x0000000c   Data   RW          401    .data               audio_player.o
    0x20000018   0x0800a028   0x00000001   Data   RW          569    .data               board_audio.o
    0x20000019   0x0800a029   0x00000003   PAD
    0x2000001c   0x0800a02c   0x00000038   Data   RW          789    .data               sdcard_stub.o
    0x20000054   0x0800a064   0x00000004   Data   RW          977    .data               pff.o
    0x20000058   0x0800a068   0x00000014   Data   RW         2922    .data               stm32f10x_rcc.o
    0x2000006c        -       0x00000080   Zero   RW          342    .bss                usart.o
    0x200000ec        -       0x000040b4   Zero   RW          398    .bss                audio_player.o
    0x200041a0        -       0x00003e90   Zero   RW          506    .bss                audio_record.o
    0x20008030        -       0x00000048   Zero   RW          567    .bss                board_audio.o
    0x20008078        -       0x00000200   Zero   RW          787    .bss                sdcard_stub.o
    0x20008278        -       0x00000200   Zero   RW          925    .bss                diskio.o
    0x20008478        -       0x00000060   Zero   RW         4465    .bss                c_w.l(libspace.o)
    0x200084d8        -       0x00000200   Zero   RW           18    HEAP                startup_stm32f10x_hd.o
    0x200086d8        -       0x00001000   Zero   RW           17    STACK               startup_stm32f10x_hd.o


==============================================================================

Image component sizes


      Code (inc. data)   RO Data    RW Data    ZI Data      Debug   Object Name

      2596        928        289         12      16564      15530   audio_player.o
       140         12          0          0      16016       1807   audio_record.o
      2536        178         96          1         72      22836   board_audio.o
         0          0          0          0          0       4540   core_cm3.o
        84          0          0          0          0        956   delay.o
       106          6          0          0        512       3043   diskio.o
        84         14          0          1          0     244757   exti.o
       980        548        411          0          0       5039   main.o
     11984        294       7884          0          0      45068   minimp3_adapter.o
       172         22          0          0          0       1981   misc.o
      2106         56        128          4          0      17545   pff.o
      3434        896        628         56        512      19352   sdcard_stub.o
        64         26        304          0       4608        816   startup_stm32f10x_hd.o
        12          6          0          0          0        505   stm32f10x_exti.o
       476          6          0          0          0       5547   stm32f10x_gpio.o
        26          0          0          0          0       3890   stm32f10x_it.o
       372         50          0         20          0       6028   stm32f10x_rcc.o
       300         62          0          0          0       7415   stm32f10x_sdio.o
       372         18          0          0          0       4615   stm32f10x_spi.o
       408          6          0          0          0       4882   stm32f10x_usart.o
       328         28          0          0          0       1881   system_stm32f10x.o
       324         28          0          8        128       4225   usart.o

    ----------------------------------------------------------------------
     26962       3184       9776        108      38412     422258   Object Totals
         0          0         32          0          0          0   (incl. Generated)
        58          0          4          6          0          0   (incl. Padding)

    ----------------------------------------------------------------------

      Code (inc. data)   RO Data    RW Data    ZI Data      Debug   Library Member Name

         8          0          0          0          0         68   __main.o
       392          4         17          0          0         92   __printf_flags_ss_wp.o
        14          0          0          0          0         68   __printf_wp.o
         0          0          0          0          0          0   __rtentry.o
        12          0          0          0          0          0   __rtentry2.o
         6          0          0          0          0          0   __rtentry4.o
        52          8          0          0          0          0   __scatter.o
        26          0          0          0          0          0   __scatter_copy.o
        28          0          0          0          0          0   __scatter_zi.o
        44          0          0          0          0        108   _printf_char.o
        48          6          0          0          0         96   _printf_char_common.o
        36          4          0          0          0         80   _printf_char_file.o
         6          0          0          0          0          0   _printf_d.o
       120         16          0          0          0         92   _printf_dec.o
        88          4         40          0          0         88   _printf_hex_int.o
       178          0          0          0          0         88   _printf_intcommon.o
        78          0          0          0          0        108   _printf_pad.o
         0          0          0          0          0          0   _printf_percent.o
         4          0          0          0          0          0   _printf_percent_end.o
         6          0          0          0          0          0   _printf_s.o
        82          0          0          0          0         80   _printf_str.o
         6          0          0          0          0          0   _printf_u.o
         6          0          0          0          0          0   _printf_x.o
        10          0          0          0          0         68   _sputc.o
        18          0          0          0          0         80   exit.o
         8          0          0          0          0         68   ferror.o
         6          0          0          0          0        152   heapauxi.o
         2          0          0          0          0          0   libinit.o
         2          0          0          0          0          0   libinit2.o
         2          0          0          0          0          0   libshutdown.o
         2          0          0          0          0          0   libshutdown2.o
         8          4          0          0         96         68   libspace.o
        88          0          0          0          0         76   memcmp.o
        24          4          0          0          0         84   noretval__2printf.o
        40          6          0          0          0         84   noretval__2sprintf.o
        68          0          0          0          0         68   rt_memclr.o
        78          0          0          0          0         80   rt_memclr_w.o
       138          0          0          0          0         68   rt_memcpy_v6.o
       100          0          0          0          0         80   rt_memcpy_w.o
       132          0          0          0          0         68   rt_memmove_v6.o
       122          0          0          0          0         80   rt_memmove_w.o
         2          0          0          0          0          0   rtexit.o
        10          0          0          0          0          0   rtexit2.o
        74          0          0          0          0         80   sys_stackheap_outer.o
         2          0          0          0          0         68   use_no_semi.o
         2          0          0          0          0         68   use_no_semi_2.o
        24          0          0          0          0         68   dcmpi.o
       120          4          0          0          0         92   dleqf.o
       156          4          0          0          0         92   dnaninf.o
        12          0          0          0          0         68   dretinf.o
       108          0          0          0          0         80   drleqf.o
        86          4          0          0          0         84   f2d.o
       450          8          0          0          0        236   faddsub_clz.o
        24          0          0          0          0         68   fcmpi.o
       388         76          0          0          0         96   fdiv.o
       104          4          0          0          0         84   feqf.o
        54          4          0          0          0         84   ffix.o
        48          0          0          0          0         68   fflt_clz.o
       258          4          0          0          0         84   fmul.o
       140          4          0          0          0         84   fnaninf.o
        10          0          0          0          0         68   fretinf.o
         0          0          0          0          0          0   usenofp.o

    ----------------------------------------------------------------------
      4178        168         60          0         96       3664   Library Totals
        18          0          3          0          0          0   (incl. Padding)

    ----------------------------------------------------------------------

      Code (inc. data)   RO Data    RW Data    ZI Data      Debug   Library Name

      2178         56         57          0         96       2308   c_w.l
      1982        112          0          0          0       1356   fz_ws.l

    ----------------------------------------------------------------------
      4178        168         60          0         96       3664   Library Totals

    ----------------------------------------------------------------------

==============================================================================


      Code (inc. data)   RO Data    RW Data    ZI Data      Debug   

     31140       3352       9836        108      38508     412606   Grand Totals
     31140       3352       9836        108      38508     412606   ELF Image Totals
     31140       3352       9836        108          0          0   ROM Totals

==============================================================================

    Total RO  Size (Code + RO Data)                40976 (  40.02kB)
    Total RW  Size (RW Data + ZI Data)             38616 (  37.71kB)
    Total ROM Size (Code + RO Data + RW Data)      41084 (  40.12kB)

==============================================================================

