Component: ARM Compiler 5.06 update 7 (build 960) Tool: armlink [4d3601]

==============================================================================

Section Cross References

    startup_stm32f10x_hd.o(STACK) refers (Special) to heapauxi.o(.text) for __use_two_region_memory
    startup_stm32f10x_hd.o(HEAP) refers (Special) to heapauxi.o(.text) for __use_two_region_memory
    startup_stm32f10x_hd.o(RESET) refers (Special) to heapauxi.o(.text) for __use_two_region_memory
    startup_stm32f10x_hd.o(RESET) refers to startup_stm32f10x_hd.o(STACK) for __initial_sp
    startup_stm32f10x_hd.o(RESET) refers to startup_stm32f10x_hd.o(.text) for Reset_Handler
    startup_stm32f10x_hd.o(RESET) refers to stm32f10x_it.o(i.NMI_Handler) for NMI_Handler
    startup_stm32f10x_hd.o(RESET) refers to stm32f10x_it.o(i.HardFault_Handler) for HardFault_Handler
    startup_stm32f10x_hd.o(RESET) refers to stm32f10x_it.o(i.MemManage_Handler) for MemManage_Handler
    startup_stm32f10x_hd.o(RESET) refers to stm32f10x_it.o(i.BusFault_Handler) for BusFault_Handler
    startup_stm32f10x_hd.o(RESET) refers to stm32f10x_it.o(i.UsageFault_Handler) for UsageFault_Handler
    startup_stm32f10x_hd.o(RESET) refers to stm32f10x_it.o(i.SVC_Handler) for SVC_Handler
    startup_stm32f10x_hd.o(RESET) refers to stm32f10x_it.o(i.DebugMon_Handler) for DebugMon_Handler
    startup_stm32f10x_hd.o(RESET) refers to stm32f10x_it.o(i.PendSV_Handler) for PendSV_Handler
    startup_stm32f10x_hd.o(RESET) refers to stm32f10x_it.o(i.SysTick_Handler) for SysTick_Handler
    startup_stm32f10x_hd.o(RESET) refers to exti.o(i.EXTI1_IRQHandler) for EXTI1_IRQHandler
    startup_stm32f10x_hd.o(RESET) refers to usart.o(i.USART1_IRQHandler) for USART1_IRQHandler
    startup_stm32f10x_hd.o(.text) refers (Special) to heapauxi.o(.text) for __use_two_region_memory
    startup_stm32f10x_hd.o(.text) refers to system_stm32f10x.o(i.SystemInit) for SystemInit
    startup_stm32f10x_hd.o(.text) refers to __main.o(!!!main) for __main
    startup_stm32f10x_hd.o(.text) refers to startup_stm32f10x_hd.o(HEAP) for Heap_Mem
    startup_stm32f10x_hd.o(.text) refers to startup_stm32f10x_hd.o(STACK) for Stack_Mem
    exti.o(i.EXTI1_IRQHandler) refers to stm32f10x_gpio.o(i.GPIO_ReadInputDataBit) for GPIO_ReadInputDataBit
    exti.o(i.EXTI1_IRQHandler) refers to delay.o(i.delay_ms) for delay_ms
    exti.o(i.EXTI1_IRQHandler) refers to stm32f10x_gpio.o(i.GPIO_WriteBit) for GPIO_WriteBit
    exti.o(i.EXTI1_IRQHandler) refers to stm32f10x_exti.o(i.EXTI_ClearITPendingBit) for EXTI_ClearITPendingBit
    exti.o(i.EXTI1_IRQHandler) refers to exti.o(.data) for .data
    exti.o(i.MX_EXTI1_Init) refers to stm32f10x_rcc.o(i.RCC_APB2PeriphClockCmd) for RCC_APB2PeriphClockCmd
    exti.o(i.MX_EXTI1_Init) refers to gpio.o(i.MX_KeyInit) for MX_KeyInit
    exti.o(i.MX_EXTI1_Init) refers to stm32f10x_gpio.o(i.GPIO_EXTILineConfig) for GPIO_EXTILineConfig
    exti.o(i.MX_EXTI1_Init) refers to stm32f10x_exti.o(i.EXTI_Init) for EXTI_Init
    exti.o(i.MX_EXTI1_Init) refers to misc.o(i.NVIC_Init) for NVIC_Init
    main.o(i.debug_print_text) refers to _printf_percent.o(.ARM.Collect$$_printf_percent$$00000000) for _printf_percent
    main.o(i.debug_print_text) refers to _printf_s.o(.ARM.Collect$$_printf_percent$$00000014) for _printf_s
    main.o(i.debug_print_text) refers to _printf_str.o(.text) for _printf_str
    main.o(i.debug_print_text) refers to noretval__2printf.o(.text) for __2printf
    main.o(i.dump_board_audio_debug) refers to _printf_pad.o(.text) for _printf_pre_padding
    main.o(i.dump_board_audio_debug) refers to _printf_percent.o(.ARM.Collect$$_printf_percent$$00000000) for _printf_percent
    main.o(i.dump_board_audio_debug) refers to _printf_d.o(.ARM.Collect$$_printf_percent$$00000009) for _printf_d
    main.o(i.dump_board_audio_debug) refers to _printf_u.o(.ARM.Collect$$_printf_percent$$0000000A) for _printf_u
    main.o(i.dump_board_audio_debug) refers to _printf_x.o(.ARM.Collect$$_printf_percent$$0000000C) for _printf_x
    main.o(i.dump_board_audio_debug) refers to _printf_s.o(.ARM.Collect$$_printf_percent$$00000014) for _printf_s
    main.o(i.dump_board_audio_debug) refers to _printf_dec.o(.text) for _printf_int_dec
    main.o(i.dump_board_audio_debug) refers to _printf_hex_int.o(.text) for _printf_longlong_hex
    main.o(i.dump_board_audio_debug) refers to _printf_str.o(.text) for _printf_str
    main.o(i.dump_board_audio_debug) refers to board_audio.o(i.board_audio_get_debug_info) for board_audio_get_debug_info
    main.o(i.dump_board_audio_debug) refers to noretval__2printf.o(.text) for __2printf
    main.o(i.dump_board_audio_debug) refers to main.o(.conststring) for .conststring
    main.o(i.dump_player_stats) refers to _printf_percent.o(.ARM.Collect$$_printf_percent$$00000000) for _printf_percent
    main.o(i.dump_player_stats) refers to _printf_u.o(.ARM.Collect$$_printf_percent$$0000000A) for _printf_u
    main.o(i.dump_player_stats) refers to _printf_dec.o(.text) for _printf_int_dec
[...]
    .constdata                               0x0800a634   Section        8  helix_hufftabs.o(.constdata)
    .constdata                               0x0800a63c   Section       36  helix_imdct.o(.constdata)
    c18                                      0x0800a63c   Data          36  helix_imdct.o(.constdata)
    .constdata                               0x0800a660   Section      104  helix_scalfact.o(.constdata)
    SFLenTab                                 0x0800a660   Data          32  helix_scalfact.o(.constdata)
    NRTab                                    0x0800a680   Data          72  helix_scalfact.o(.constdata)
    .constdata                               0x0800a6c8   Section      576  helix_trigtabs.o(.constdata)
    .constdata                               0x0800a908   Section       56  helix_trigtabs.o(.constdata)
    .constdata                               0x0800a940   Section      256  helix_trigtabs.o(.constdata)
    .constdata                               0x0800aa40   Section       16  helix_trigtabs.o(.constdata)
    .constdata                               0x0800aa50   Section       64  helix_trigtabs.o(.constdata)
    .constdata                               0x0800aa90   Section     1056  helix_trigtabs.o(.constdata)
    .constdata                               0x0800aeb0   Section       40  _printf_hex_int.o(.constdata)
    uc_hextab                                0x0800aeb0   Data          20  _printf_hex_int.o(.constdata)
    lc_hextab                                0x0800aec4   Data          20  _printf_hex_int.o(.constdata)
    .constdata                               0x0800aed8   Section       17  __printf_flags_ss_wp.o(.constdata)
    maptable                                 0x0800aed8   Data          17  __printf_flags_ss_wp.o(.constdata)
    .conststring                             0x0800aeec   Section      932  main.o(.conststring)
    .conststring                             0x0800b290   Section      377  audio_player.o(.conststring)
    .conststring                             0x0800b40c   Section      628  sdcard_stub.o(.conststring)
    .data                                    0x20000000   Section        1  exti.o(.data)
    .data                                    0x20000004   Section       20  system_stm32f10x.o(.data)
    .data                                    0x20000018   Section        2  usart.o(.data)
    .data                                    0x2000001c   Section        4  usart.o(.data)
    .data                                    0x20000020   Section       16  audio_player.o(.data)
    scanned                                  0x20000020   Data           4  audio_player.o(.data)
    g_mp3_decoder                            0x20000024   Data           4  audio_player.o(.data)
    g_audio_debug_enabled                    0x20000028   Data           4  audio_player.o(.data)
    g_audio_debug_printer                    0x2000002c   Data           4  audio_player.o(.data)
    .data                                    0x20000030   Section       32  board_audio.o(.data)
    g_es8311_addr_write                      0x20000030   Data           1  board_audio.o(.data)
    g_audio_dma_write_index                  0x20000034   Data           4  board_audio.o(.data)
    g_audio_dma_last_read_index              0x20000038   Data           4  board_audio.o(.data)
    g_audio_dma_read_wraps                   0x2000003c   Data           4  board_audio.o(.data)
    g_audio_dma_read_total                   0x20000040   Data           4  board_audio.o(.data)
    g_audio_dma_write_total                  0x20000044   Data           4  board_audio.o(.data)
    g_audio_dma_started                      0x20000048   Data           4  board_audio.o(.data)
    g_audio_dma_underruns                    0x2000004c   Data           4  board_audio.o(.data)
    .data                                    0x20000050   Section       56  sdcard_stub.o(.data)
    g_sd_last_error                          0x20000050   Data           4  sdcard_stub.o(.data)
    probed                                   0x20000054   Data           4  sdcard_stub.o(.data)
    g_sd_rca                                 0x20000058   Data           4  sdcard_stub.o(.data)
    g_sd_ready                               0x2000005c   Data           4  sdcard_stub.o(.data)
    g_sd_v2                                  0x20000060   Data           4  sdcard_stub.o(.data)
    g_sd_high_capacity                       0x20000064   Data           4  sdcard_stub.o(.data)
    g_sd_debug_enabled                       0x20000068   Data           4  sdcard_stub.o(.data)
    g_sd_debug_printer                       0x2000006c   Data           4  sdcard_stub.o(.data)
    g_sd_last_sta                            0x20000070   Data           4  sdcard_stub.o(.data)
    g_sd_last_resp1                          0x20000074   Data           4  sdcard_stub.o(.data)
    g_sd_last_cmdresp                        0x20000078   Data           4  sdcard_stub.o(.data)
    g_sd_read_count                          0x2000007c   Data           4  sdcard_stub.o(.data)
    g_sd_read_error_count                    0x20000080   Data           4  sdcard_stub.o(.data)
    g_sd_last_read_sig                       0x20000084   Data           4  sdcard_stub.o(.data)
    .data                                    0x20000088   Section        4  pff.o(.data)
    FatFs                                    0x20000088   Data           4  pff.o(.data)
    .data                                    0x2000008c   Section      568  helix_dqchan.o(.data)
    .data                                    0x200002c4   Section       88  helix_imdct.o(.data)
    c3_0                                     0x200002c4   Data           4  helix_imdct.o(.data)
    c6                                       0x20000310   Data          12  helix_imdct.o(.data)
    .data                                    0x2000031c   Section       20  stm32f10x_rcc.o(.data)
    ADCPrescTable                            0x2000031c   Data           4  stm32f10x_rcc.o(.data)
    APBAHBPrescTable                         0x20000320   Data          16  stm32f10x_rcc.o(.data)
    .bss                                     0x20000330   Section      128  usart.o(.bss)
    .bss                                     0x200003b0   Section    13616  audio_player.o(.bss)
    scan_sector                              0x200003b0   Data         512  audio_player.o(.bss)
    sector                                   0x200005b0   Data         512  audio_player.o(.bss)
    file_buf                                 0x200007b0   Data        7760  audio_player.o(.bss)
    pcm                                      0x20002600   Data        4608  audio_player.o(.bss)
    g_fs                                     0x20003800   Data          44  audio_player.o(.bss)
    g_last_error                             0x2000382c   Data          96  audio_player.o(.bss)
    g_stats                                  0x2000388c   Data          84  audio_player.o(.bss)
    .bss                                     0x200038e0   Section     8400  board_audio.o(.bss)
    g_audio_dma_buffer                       0x200038e0   Data        8192  board_audio.o(.bss)
    g_audio_debug                            0x200058e0   Data         208  board_audio.o(.bss)
    .bss                                     0x200059b0   Section      512  sdcard_stub.o(.bss)
    probe_sector                             0x200059b0   Data         512  sdcard_stub.o(.bss)
    .bss                                     0x20005bb0   Section      512  diskio.o(.bss)
    sector_buf                               0x20005bb0   Data         512  diskio.o(.bss)
    .bss                                     0x20005db0   Section    23816  helix_buffers.o(.bss)
    g_mp3_dec_info                           0x20005db0   Data        2032  helix_buffers.o(.bss)
    g_frame_header                           0x200065a0   Data          56  helix_buffers.o(.bss)
    g_side_info                              0x200065d8   Data         328  helix_buffers.o(.bss)
    g_scale_factor_info                      0x20006720   Data         284  helix_buffers.o(.bss)
    g_huffman_info                           0x2000683c   Data        4624  helix_buffers.o(.bss)
    g_dequant_info                           0x20007a4c   Data         840  helix_buffers.o(.bss)
    g_imdct_info                             0x20007d94   Data        6944  helix_buffers.o(.bss)
    g_subband_info                           0x200098b4   Data        8708  helix_buffers.o(.bss)
    .bss                                     0x2000bab8   Section       96  libspace.o(.bss)
    HEAP                                     0x2000bb18   Section      512  startup_stm32f10x_hd.o(HEAP)
    Heap_Mem                                 0x2000bb18   Data         512  startup_stm32f10x_hd.o(HEAP)
    STACK                                    0x2000bd18   Section     8192  startup_stm32f10x_hd.o(STACK)
    Stack_Mem                                0x2000bd18   Data        8192  startup_stm32f10x_hd.o(STACK)
    __initial_sp                             0x2000dd18   Data           0  startup_stm32f10x_hd.o(STACK)

    Global Symbols

    Symbol Name                              Value     Ov Type        Size  Object(Section)

    BuildAttributes$$THM_ISAv4$P$D$K$B$S$PE$A:L22UL41UL21$X:L11$S22US41US21$IEEE1$IW$USESV6$~STKCKD$USESV7$~SHL$OSPACE$ROPI$EBA8$UX$STANDARDLIB$REQ8$PRES8$EABIv2 0x00000000   Number         0  anon$$obj.o ABSOLUTE
    __ARM_use_no_argv                        0x00000000   Number         0  main.o ABSOLUTE
    _printf_flags                            0x00000000   Number         0  printf_stubs.o ABSOLUTE
    _printf_return_value                     0x00000000   Number         0  printf_stubs.o ABSOLUTE
    _printf_sizespec                         0x00000000   Number         0  printf_stubs.o ABSOLUTE
    _printf_widthprec                        0x00000000   Number         0  printf_stubs.o ABSOLUTE
    __ARM_exceptions_init                     - Undefined Weak Reference
    __alloca_initialize                       - Undefined Weak Reference
    __arm_fini_                               - Undefined Weak Reference
    __arm_preinit_                            - Undefined Weak Reference
    __cpp_initialize__aeabi_                  - Undefined Weak Reference
    __cxa_finalize                            - Undefined Weak Reference
    __rt_locale                               - Undefined Weak Reference
    __sigvec_lookup                           - Undefined Weak Reference
    _atexit_init                              - Undefined Weak Reference
    _call_atexit_fns                          - Undefined Weak Reference
    _clock_init                               - Undefined Weak Reference
    _fp_trap_init                             - Undefined Weak Reference
    _fp_trap_shutdown                         - Undefined Weak Reference
    _get_lc_collate                           - Undefined Weak Reference
    _get_lc_ctype                             - Undefined Weak Reference
    _get_lc_monetary                          - Undefined Weak Reference
    _get_lc_numeric                           - Undefined Weak Reference
    _get_lc_time                              - Undefined Weak Reference
    _getenv_init                              - Undefined Weak Reference
    _handle_redirection                       - Undefined Weak Reference
    _init_alloc                               - Undefined Weak Reference
    _init_user_alloc                          - Undefined Weak Reference
    _initio                                   - Undefined Weak Reference
    _mutex_acquire                            - Undefined Weak Reference
    _mutex_release                            - Undefined Weak Reference
    _printf_mbtowc                            - Undefined Weak Reference
    _printf_truncate_signed                   - Undefined Weak Reference
    _printf_truncate_unsigned                 - Undefined Weak Reference
    _rand_init                                - Undefined Weak Reference
    _signal_finish                            - Undefined Weak Reference
    _signal_init                              - Undefined Weak Reference
    _terminate_alloc                          - Undefined Weak Reference
    _terminate_user_alloc                     - Undefined Weak Reference
    _terminateio                              - Undefined Weak Reference
    __Vectors_Size                           0x00000130   Number         0  startup_stm32f10x_hd.o ABSOLUTE
    __Vectors                                0x08000000   Data           4  startup_stm32f10x_hd.o(RESET)
    __Vectors_End                            0x08000130   Data           0  startup_stm32f10x_hd.o(RESET)
    __main                                   0x08000131   Thumb Code     8  __main.o(!!!main)
    __scatterload                            0x08000139   Thumb Code     0  __scatter.o(!!!scatter)
    __scatterload_rt2                        0x08000139   Thumb Code    44  __scatter.o(!!!scatter)
    __scatterload_rt2_thumb_only             0x08000139   Thumb Code     0  __scatter.o(!!!scatter)
    __scatterload_null                       0x08000147   Thumb Code     0  __scatter.o(!!!scatter)
    __decompress                             0x0800016d   Thumb Code    90  __dczerorl2.o(!!dczerorl2)
    __decompress1                            0x0800016d   Thumb Code     0  __dczerorl2.o(!!dczerorl2)
    __scatterload_zeroinit                   0x080001c9   Thumb Code    28  __scatter_zi.o(!!handler_zi)
    _printf_d                                0x080001e5   Thumb Code     0  _printf_d.o(.ARM.Collect$$_printf_percent$$00000009)
    _printf_percent                          0x080001e5   Thumb Code     0  _printf_percent.o(.ARM.Collect$$_printf_percent$$00000000)
    _printf_u                                0x080001eb   Thumb Code     0  _printf_u.o(.ARM.Collect$$_printf_percent$$0000000A)
    _printf_x                                0x080001f1   Thumb Code     0  _printf_x.o(.ARM.Collect$$_printf_percent$$0000000C)
    _printf_s                                0x080001f7   Thumb Code     0  _printf_s.o(.ARM.Collect$$_printf_percent$$00000014)
    _printf_percent_end                      0x080001fd   Thumb Code     0  _printf_percent_end.o(.ARM.Collect$$_printf_percent$$00000017)
    __rt_lib_init                            0x08000201   Thumb Code     0  libinit.o(.ARM.Collect$$libinit$$00000000)
    __rt_lib_init_alloca_1                   0x08000203   Thumb Code     0  libinit2.o(.ARM.Collect$$libinit$$0000002E)
    __rt_lib_init_argv_1                     0x08000203   Thumb Code     0  libinit2.o(.ARM.Collect$$libinit$$0000002C)
    __rt_lib_init_atexit_1                   0x08000203   Thumb Code     0  libinit2.o(.ARM.Collect$$libinit$$0000001B)
    __rt_lib_init_clock_1                    0x08000203   Thumb Code     0  libinit2.o(.ARM.Collect$$libinit$$00000021)
    __rt_lib_init_cpp_1                      0x08000203   Thumb Code     0  libinit2.o(.ARM.Collect$$libinit$$00000032)
    __rt_lib_init_exceptions_1               0x08000203   Thumb Code     0  libinit2.o(.ARM.Collect$$libinit$$00000030)
    __rt_lib_init_fp_1                       0x08000203   Thumb Code     0  libinit2.o(.ARM.Collect$$libinit$$00000002)
    __rt_lib_init_fp_trap_1                  0x08000203   Thumb Code     0  libinit2.o(.ARM.Collect$$libinit$$0000001F)
    __rt_lib_init_getenv_1                   0x08000203   Thumb Code     0  libinit2.o(.ARM.Collect$$libinit$$00000023)
    __rt_lib_init_heap_1                     0x08000203   Thumb Code     0  libinit2.o(.ARM.Collect$$libinit$$0000000A)
    __rt_lib_init_lc_collate_1               0x08000203   Thumb Code     0  libinit2.o(.ARM.Collect$$libinit$$00000011)
    __rt_lib_init_lc_ctype_1                 0x08000203   Thumb Code     0  libinit2.o(.ARM.Collect$$libinit$$00000013)
    __rt_lib_init_lc_monetary_1              0x08000203   Thumb Code     0  libinit2.o(.ARM.Collect$$libinit$$00000015)
    __rt_lib_init_lc_numeric_1               0x08000203   Thumb Code     0  libinit2.o(.ARM.Collect$$libinit$$00000017)
    __rt_lib_init_lc_time_1                  0x08000203   Thumb Code     0  libinit2.o(.ARM.Collect$$libinit$$00000019)
    __rt_lib_init_preinit_1                  0x08000203   Thumb Code     0  libinit2.o(.ARM.Collect$$libinit$$00000004)
    __rt_lib_init_rand_1                     0x08000203   Thumb Code     0  libinit2.o(.ARM.Collect$$libinit$$0000000E)
    __rt_lib_init_return                     0x08000203   Thumb Code     0  libinit2.o(.ARM.Collect$$libinit$$00000033)
    __rt_lib_init_signal_1                   0x08000203   Thumb Code     0  libinit2.o(.ARM.Collect$$libinit$$0000001D)
    __rt_lib_init_stdio_1                    0x08000203   Thumb Code     0  libinit2.o(.ARM.Collect$$libinit$$00000025)
    __rt_lib_init_user_alloc_1               0x08000203   Thumb Code     0  libinit2.o(.ARM.Collect$$libinit$$0000000C)
    __rt_lib_shutdown                        0x08000205   Thumb Code     0  libshutdown.o(.ARM.Collect$$libshutdown$$00000000)
    __rt_lib_shutdown_cpp_1                  0x08000207   Thumb Code     0  libshutdown2.o(.ARM.Collect$$libshutdown$$00000004)
    __rt_lib_shutdown_fini_1                 0x08000207   Thumb Code     0  libshutdown2.o(.ARM.Collect$$libshutdown$$00000002)
    __rt_lib_shutdown_fp_trap_1              0x08000207   Thumb Code     0  libshutdown2.o(.ARM.Collect$$libshutdown$$00000009)
    __rt_lib_shutdown_heap_1                 0x08000207   Thumb Code     0  libshutdown2.o(.ARM.Collect$$libshutdown$$00000011)
    __rt_lib_shutdown_return                 0x08000207   Thumb Code     0  libshutdown2.o(.ARM.Collect$$libshutdown$$00000012)
    __rt_lib_shutdown_signal_1               0x08000207   Thumb Code     0  libshutdown2.o(.ARM.Collect$$libshutdown$$0000000C)
    __rt_lib_shutdown_stdio_1                0x08000207   Thumb Code     0  libshutdown2.o(.ARM.Collect$$libshutdown$$00000006)
    __rt_lib_shutdown_user_alloc_1           0x08000207   Thumb Code     0  libshutdown2.o(.ARM.Collect$$libshutdown$$0000000E)
    __rt_entry                               0x08000209   Thumb Code     0  __rtentry.o(.ARM.Collect$$rtentry$$00000000)
    __rt_entry_presh_1                       0x08000209   Thumb Code     0  __rtentry2.o(.ARM.Collect$$rtentry$$00000002)
    __rt_entry_sh                            0x08000209   Thumb Code     0  __rtentry4.o(.ARM.Collect$$rtentry$$00000004)
    __rt_entry_li                            0x0800020f   Thumb Code     0  __rtentry2.o(.ARM.Collect$$rtentry$$0000000A)
    __rt_entry_postsh_1                      0x0800020f   Thumb Code     0  __rtentry2.o(.ARM.Collect$$rtentry$$00000009)
    __rt_entry_main                          0x08000213   Thumb Code     0  __rtentry2.o(.ARM.Collect$$rtentry$$0000000D)
    __rt_entry_postli_1                      0x08000213   Thumb Code     0  __rtentry2.o(.ARM.Collect$$rtentry$$0000000C)
    __rt_exit                                0x0800021b   Thumb Code     0  rtexit.o(.ARM.Collect$$rtexit$$00000000)
    __rt_exit_ls                             0x0800021d   Thumb Code     0  rtexit2.o(.ARM.Collect$$rtexit$$00000003)
    __rt_exit_prels_1                        0x0800021d   Thumb Code     0  rtexit2.o(.ARM.Collect$$rtexit$$00000002)
    __rt_exit_exit                           0x08000221   Thumb Code     0  rtexit2.o(.ARM.Collect$$rtexit$$00000004)
    Reset_Handler                            0x08000229   Thumb Code     8  startup_stm32f10x_hd.o(.text)
    ADC1_2_IRQHandler                        0x08000243   Thumb Code     0  startup_stm32f10x_hd.o(.text)
    ADC3_IRQHandler                          0x08000243   Thumb Code     0  startup_stm32f10x_hd.o(.text)
    CAN1_RX1_IRQHandler                      0x08000243   Thumb Code     0  startup_stm32f10x_hd.o(.text)
    CAN1_SCE_IRQHandler                      0x08000243   Thumb Code     0  startup_stm32f10x_hd.o(.text)
    DMA1_Channel1_IRQHandler                 0x08000243   Thumb Code     0  startup_stm32f10x_hd.o(.text)
    DMA1_Channel2_IRQHandler                 0x08000243   Thumb Code     0  startup_stm32f10x_hd.o(.text)
    DMA1_Channel3_IRQHandler                 0x08000243   Thumb Code     0  startup_stm32f10x_hd.o(.text)
    DMA1_Channel4_IRQHandler                 0x08000243   Thumb Code     0  startup_stm32f10x_hd.o(.text)
    DMA1_Channel5_IRQHandler                 0x08000243   Thumb Code     0  startup_stm32f10x_hd.o(.text)
    DMA1_Channel6_IRQHandler                 0x08000243   Thumb Code     0  startup_stm32f10x_hd.o(.text)
    DMA1_Channel7_IRQHandler                 0x08000243   Thumb Code     0  startup_stm32f10x_hd.o(.text)
    DMA2_Channel1_IRQHandler                 0x08000243   Thumb Code     0  startup_stm32f10x_hd.o(.text)
    DMA2_Channel2_IRQHandler                 0x08000243   Thumb Code     0  startup_stm32f10x_hd.o(.text)
    DMA2_Channel3_IRQHandler                 0x08000243   Thumb Code     0  startup_stm32f10x_hd.o(.text)
    DMA2_Channel4_5_IRQHandler               0x08000243   Thumb Code     0  startup_stm32f10x_hd.o(.text)
    EXTI0_IRQHandler                         0x08000243   Thumb Code     0  startup_stm32f10x_hd.o(.text)
    EXTI15_10_IRQHandler                     0x08000243   Thumb Code     0  startup_stm32f10x_hd.o(.text)
    EXTI2_IRQHandler                         0x08000243   Thumb Code     0  startup_stm32f10x_hd.o(.text)
    EXTI3_IRQHandler                         0x08000243   Thumb Code     0  startup_stm32f10x_hd.o(.text)
    EXTI4_IRQHandler                         0x08000243   Thumb Code     0  startup_stm32f10x_hd.o(.text)
    EXTI9_5_IRQHandler                       0x08000243   Thumb Code     0  startup_stm32f10x_hd.o(.text)
    FLASH_IRQHandler                         0x08000243   Thumb Code     0  startup_stm32f10x_hd.o(.text)
    FSMC_IRQHandler                          0x08000243   Thumb Code     0  startup_stm32f10x_hd.o(.text)
    I2C1_ER_IRQHandler                       0x08000243   Thumb Code     0  startup_stm32f10x_hd.o(.text)
    I2C1_EV_IRQHandler                       0x08000243   Thumb Code     0  startup_stm32f10x_hd.o(.text)
    I2C2_ER_IRQHandler                       0x08000243   Thumb Code     0  startup_stm32f10x_hd.o(.text)
    I2C2_EV_IRQHandler                       0x08000243   Thumb Code     0  startup_stm32f10x_hd.o(.text)
    PVD_IRQHandler                           0x08000243   Thumb Code     0  startup_stm32f10x_hd.o(.text)
    RCC_IRQHandler                           0x08000243   Thumb Code     0  startup_stm32f10x_hd.o(.text)
    RTCAlarm_IRQHandler                      0x08000243   Thumb Code     0  startup_stm32f10x_hd.o(.text)
    RTC_IRQHandler                           0x08000243   Thumb Code     0  startup_stm32f10x_hd.o(.text)
    SDIO_IRQHandler                          0x08000243   Thumb Code     0  startup_stm32f10x_hd.o(.text)
    SPI1_IRQHandler                          0x08000243   Thumb Code     0  startup_stm32f10x_hd.o(.text)
    SPI2_IRQHandler                          0x08000243   Thumb Code     0  startup_stm32f10x_hd.o(.text)
    SPI3_IRQHandler                          0x08000243   Thumb Code     0  startup_stm32f10x_hd.o(.text)
    TAMPER_IRQHandler                        0x08000243   Thumb Code     0  startup_stm32f10x_hd.o(.text)
    TIM1_BRK_IRQHandler                      0x08000243   Thumb Code     0  startup_stm32f10x_hd.o(.text)
    TIM1_CC_IRQHandler                       0x08000243   Thumb Code     0  startup_stm32f10x_hd.o(.text)
    TIM1_TRG_COM_IRQHandler                  0x08000243   Thumb Code     0  startup_stm32f10x_hd.o(.text)
    TIM1_UP_IRQHandler                       0x08000243   Thumb Code     0  startup_stm32f10x_hd.o(.text)
    TIM2_IRQHandler                          0x08000243   Thumb Code     0  startup_stm32f10x_hd.o(.text)
    TIM3_IRQHandler                          0x08000243   Thumb Code     0  startup_stm32f10x_hd.o(.text)
    TIM4_IRQHandler                          0x08000243   Thumb Code     0  startup_stm32f10x_hd.o(.text)
    TIM5_IRQHandler                          0x08000243   Thumb Code     0  startup_stm32f10x_hd.o(.text)
    TIM6_IRQHandler                          0x08000243   Thumb Code     0  startup_stm32f10x_hd.o(.text)
    TIM7_IRQHandler                          0x08000243   Thumb Code     0  startup_stm32f10x_hd.o(.text)
    TIM8_BRK_IRQHandler                      0x08000243   Thumb Code     0  startup_stm32f10x_hd.o(.text)
    TIM8_CC_IRQHandler                       0x08000243   Thumb Code     0  startup_stm32f10x_hd.o(.text)
    TIM8_TRG_COM_IRQHandler                  0x08000243   Thumb Code     0  startup_stm32f10x_hd.o(.text)
    TIM8_UP_IRQHandler                       0x08000243   Thumb Code     0  startup_stm32f10x_hd.o(.text)
    UART4_IRQHandler                         0x08000243   Thumb Code     0  startup_stm32f10x_hd.o(.text)
    UART5_IRQHandler                         0x08000243   Thumb Code     0  startup_stm32f10x_hd.o(.text)
    USART2_IRQHandler                        0x08000243   Thumb Code     0  startup_stm32f10x_hd.o(.text)
    USART3_IRQHandler                        0x08000243   Thumb Code     0  startup_stm32f10x_hd.o(.text)
    USBWakeUp_IRQHandler                     0x08000243   Thumb Code     0  startup_stm32f10x_hd.o(.text)
    USB_HP_CAN1_TX_IRQHandler                0x08000243   Thumb Code     0  startup_stm32f10x_hd.o(.text)
    USB_LP_CAN1_RX0_IRQHandler               0x08000243   Thumb Code     0  startup_stm32f10x_hd.o(.text)
    WWDG_IRQHandler                          0x08000243   Thumb Code     0  startup_stm32f10x_hd.o(.text)
    __user_initial_stackheap                 0x08000245   Thumb Code     0  startup_stm32f10x_hd.o(.text)
    __use_no_semihosting                     0x08000269   Thumb Code     2  use_no_semi_2.o(.text)
    __aeabi_uldivmod                         0x0800026b   Thumb Code     0  lludivv7m.o(.text)
    _ll_udiv                                 0x0800026b   Thumb Code   238  lludivv7m.o(.text)
    __2printf                                0x08000359   Thumb Code    20  noretval__2printf.o(.text)
    __2sprintf                               0x08000371   Thumb Code    34  noretval__2sprintf.o(.text)
    _printf_pre_padding                      0x08000399   Thumb Code    44  _printf_pad.o(.text)
    _printf_post_padding                     0x080003c5   Thumb Code    34  _printf_pad.o(.text)
    _printf_str                              0x080003e7   Thumb Code    82  _printf_str.o(.text)
    _printf_int_dec                          0x08000439   Thumb Code   104  _printf_dec.o(.text)
    _printf_int_hex                          0x080004b1   Thumb Code    84  _printf_hex_int.o(.text)
    _printf_longlong_hex                     0x080004b1   Thumb Code     0  _printf_hex_int.o(.text)
    __printf                                 0x08000509   Thumb Code   388  __printf_flags_ss_wp.o(.text)
    memcmp                                   0x08000691   Thumb Code    88  memcmp.o(.text)
    __aeabi_memcpy                           0x080006e9   Thumb Code     0  rt_memcpy_v6.o(.text)
    __rt_memcpy                              0x080006e9   Thumb Code   138  rt_memcpy_v6.o(.text)
    _memcpy_lastbytes                        0x0800074f   Thumb Code     0  rt_memcpy_v6.o(.text)
    __aeabi_memmove                          0x08000773   Thumb Code     0  rt_memmove_v6.o(.text)
    __rt_memmove                             0x08000773   Thumb Code   132  rt_memmove_v6.o(.text)
    __memmove_lastfew                        0x080007d3   Thumb Code     0  rt_memmove_v6.o(.text)
    __aeabi_memclr                           0x080007f7   Thumb Code     0  rt_memclr.o(.text)
    __rt_memclr                              0x080007f7   Thumb Code    68  rt_memclr.o(.text)
    _memset                                  0x080007fb   Thumb Code     0  rt_memclr.o(.text)
    __aeabi_memclr4                          0x0800083b   Thumb Code     0  rt_memclr_w.o(.text)
    __aeabi_memclr8                          0x0800083b   Thumb Code     0  rt_memclr_w.o(.text)
    __rt_memclr_w                            0x0800083b   Thumb Code    78  rt_memclr_w.o(.text)
    _memset_w                                0x0800083f   Thumb Code     0  rt_memclr_w.o(.text)
    __use_two_region_memory                  0x08000889   Thumb Code     2  heapauxi.o(.text)
    __rt_heap_escrow$2region                 0x0800088b   Thumb Code     2  heapauxi.o(.text)
    __rt_heap_expand$2region                 0x0800088d   Thumb Code     2  heapauxi.o(.text)
    __I$use$semihosting                      0x0800088f   Thumb Code     0  use_no_semi.o(.text)
    __use_no_semihosting_swi                 0x0800088f   Thumb Code     2  use_no_semi.o(.text)
    _printf_int_common                       0x08000891   Thumb Code   178  _printf_intcommon.o(.text)
    _printf_char_common                      0x0800094f   Thumb Code    32  _printf_char_common.o(.text)
    _sputc                                   0x08000975   Thumb Code    10  _sputc.o(.text)
    _printf_cs_common                        0x0800097f   Thumb Code    20  _printf_char.o(.text)
    _printf_char                             0x08000993   Thumb Code    16  _printf_char.o(.text)
    _printf_string                           0x080009a3   Thumb Code     8  _printf_char.o(.text)
    _printf_char_file                        0x080009ad   Thumb Code    32  _printf_char_file.o(.text)
    __aeabi_memcpy4                          0x080009d1   Thumb Code     0  rt_memcpy_w.o(.text)
    __aeabi_memcpy8                          0x080009d1   Thumb Code     0  rt_memcpy_w.o(.text)
    __rt_memcpy_w                            0x080009d1   Thumb Code   100  rt_memcpy_w.o(.text)
    _memcpy_lastbytes_aligned                0x08000a19   Thumb Code     0  rt_memcpy_w.o(.text)
    __aeabi_memmove4                         0x08000a35   Thumb Code     0  rt_memmove_w.o(.text)
    __aeabi_memmove8                         0x08000a35   Thumb Code     0  rt_memmove_w.o(.text)
    __rt_memmove_w                           0x08000a35   Thumb Code   122  rt_memmove_w.o(.text)
    __memmove_aligned                        0x08000a5b   Thumb Code     0  rt_memmove_w.o(.text)
    __memmove_lastfew_aligned                0x08000a93   Thumb Code     0  rt_memmove_w.o(.text)
    ferror                                   0x08000aaf   Thumb Code     8  ferror.o(.text)
    __user_setup_stackheap                   0x08000ab7   Thumb Code    74  sys_stackheap_outer.o(.text)
    exit                                     0x08000b01   Thumb Code    18  exit.o(.text)
    __user_libspace                          0x08000b15   Thumb Code     8  libspace.o(.text)
    __user_perproc_libspace                  0x08000b15   Thumb Code     0  libspace.o(.text)
    __user_perthread_libspace                0x08000b15   Thumb Code     0  libspace.o(.text)
    BusFault_Handler                         0x08000c6d   Thumb Code     2  stm32f10x_it.o(i.BusFault_Handler)
    DMA_Cmd                                  0x08000cbf   Thumb Code    22  stm32f10x_dma.o(i.DMA_Cmd)
    DMA_DeInit                               0x08000cd5   Thumb Code   218  stm32f10x_dma.o(i.DMA_DeInit)
    DMA_GetCurrDataCounter                   0x08000db9   Thumb Code     6  stm32f10x_dma.o(i.DMA_GetCurrDataCounter)
    DMA_Init                                 0x08000dbf   Thumb Code    58  stm32f10x_dma.o(i.DMA_Init)
    DebugMon_Handler                         0x08000df9   Thumb Code     2  stm32f10x_it.o(i.DebugMon_Handler)
    EXTI1_IRQHandler                         0x080013d5   Thumb Code    68  exti.o(i.EXTI1_IRQHandler)
    EXTI_ClearITPendingBit                   0x08001425   Thumb Code     6  stm32f10x_exti.o(i.EXTI_ClearITPendingBit)
    GPIO_Init                                0x080015b1   Thumb Code   162  stm32f10x_gpio.o(i.GPIO_Init)
    GPIO_PinRemapConfig                      0x08001655   Thumb Code    82  stm32f10x_gpio.o(i.GPIO_PinRemapConfig)
    GPIO_ReadInputDataBit                    0x080016ad   Thumb Code    14  stm32f10x_gpio.o(i.GPIO_ReadInputDataBit)
    GPIO_ReadOutputDataBit                   0x080016bb   Thumb Code    14  stm32f10x_gpio.o(i.GPIO_ReadOutputDataBit)
    GPIO_ResetBits                           0x080016c9   Thumb Code     4  stm32f10x_gpio.o(i.GPIO_ResetBits)
    GPIO_SetBits                             0x080016cd   Thumb Code     4  stm32f10x_gpio.o(i.GPIO_SetBits)
    GPIO_WriteBit                            0x080016d1   Thumb Code    10  stm32f10x_gpio.o(i.GPIO_WriteBit)
    HardFault_Handler                        0x080016db   Thumb Code     2  stm32f10x_it.o(i.HardFault_Handler)
    I2S_Cmd                                  0x08001829   Thumb Code    20  stm32f10x_spi.o(i.I2S_Cmd)
    I2S_Init                                 0x0800183d   Thumb Code   152  stm32f10x_spi.o(i.I2S_Init)
    MP3Decode                                0x08001c6d   Thumb Code   770  helix_mp3dec.o(i.MP3Decode)
    MP3FindSyncWord                          0x08001f6f   Thumb Code    44  helix_mp3dec.o(i.MP3FindSyncWord)
    MP3FreeDecoder                           0x08001f9b   Thumb Code    10  helix_mp3dec.o(i.MP3FreeDecoder)
    MP3GetLastFrameInfo                      0x08001fa5   Thumb Code    96  helix_mp3dec.o(i.MP3GetLastFrameInfo)
    MP3InitDecoder                           0x08002009   Thumb Code     4  helix_mp3dec.o(i.MP3InitDecoder)
    MX_USART1_Init                           0x0800200d   Thumb Code   182  usart.o(i.MX_USART1_Init)
    MemManage_Handler                        0x080020cd   Thumb Code     2  stm32f10x_it.o(i.MemManage_Handler)
    NMI_Handler                              0x080020cf   Thumb Code     2  stm32f10x_it.o(i.NMI_Handler)
    NVIC_Init                                0x080020d1   Thumb Code    94  misc.o(i.NVIC_Init)
    NVIC_PriorityGroupConfig                 0x08002135   Thumb Code    10  misc.o(i.NVIC_PriorityGroupConfig)
    PendSV_Handler                           0x08002149   Thumb Code     2  stm32f10x_it.o(i.PendSV_Handler)
    RCC_AHBPeriphClockCmd                    0x0800214d   Thumb Code    18  stm32f10x_rcc.o(i.RCC_AHBPeriphClockCmd)
    RCC_APB1PeriphClockCmd                   0x08002165   Thumb Code    18  stm32f10x_rcc.o(i.RCC_APB1PeriphClockCmd)
    RCC_APB1PeriphResetCmd                   0x0800217d   Thumb Code    18  stm32f10x_rcc.o(i.RCC_APB1PeriphResetCmd)
    RCC_APB2PeriphClockCmd                   0x08002195   Thumb Code    18  stm32f10x_rcc.o(i.RCC_APB2PeriphClockCmd)
    RCC_APB2PeriphResetCmd                   0x080021ad   Thumb Code    18  stm32f10x_rcc.o(i.RCC_APB2PeriphResetCmd)
    RCC_GetClocksFreq                        0x080021c5   Thumb Code   128  stm32f10x_rcc.o(i.RCC_GetClocksFreq)
    SDIO_ClearFlag                           0x080022f1   Thumb Code     6  stm32f10x_sdio.o(i.SDIO_ClearFlag)
    SDIO_ClockCmd                            0x080022fd   Thumb Code     8  stm32f10x_sdio.o(i.SDIO_ClockCmd)
    SDIO_DataConfig                          0x08002309   Thumb Code    38  stm32f10x_sdio.o(i.SDIO_DataConfig)
    SDIO_DeInit                              0x08002335   Thumb Code    26  stm32f10x_sdio.o(i.SDIO_DeInit)
    SDIO_GetCommandResponse                  0x08002359   Thumb Code     8  stm32f10x_sdio.o(i.SDIO_GetCommandResponse)
    SDIO_GetFlagStatus                       0x08002365   Thumb Code    16  stm32f10x_sdio.o(i.SDIO_GetFlagStatus)
    SDIO_GetResponse                         0x08002379   Thumb Code    12  stm32f10x_sdio.o(i.SDIO_GetResponse)
    SDIO_Init                                0x08002389   Thumb Code    40  stm32f10x_sdio.o(i.SDIO_Init)
    SDIO_ReadData                            0x080023b5   Thumb Code     8  stm32f10x_sdio.o(i.SDIO_ReadData)
    SDIO_SendCommand                         0x080023c1   Thumb Code    34  stm32f10x_sdio.o(i.SDIO_SendCommand)
    SDIO_SetPowerState                       0x080023e9   Thumb Code    18  stm32f10x_sdio.o(i.SDIO_SetPowerState)
    SPI_I2S_DMACmd                           0x08002401   Thumb Code    16  stm32f10x_spi.o(i.SPI_I2S_DMACmd)
    SPI_I2S_DeInit                           0x08002411   Thumb Code    72  stm32f10x_spi.o(i.SPI_I2S_DeInit)
    SPI_I2S_GetFlagStatus                    0x08002465   Thumb Code    14  stm32f10x_spi.o(i.SPI_I2S_GetFlagStatus)
    SPI_I2S_SendData                         0x08002473   Thumb Code     4  stm32f10x_spi.o(i.SPI_I2S_SendData)
    SVC_Handler                              0x08002477   Thumb Code     2  stm32f10x_it.o(i.SVC_Handler)
    SysTick_CLKSourceConfig                  0x08002521   Thumb Code    24  misc.o(i.SysTick_CLKSourceConfig)
    SysTick_Handler                          0x08002539   Thumb Code     2  stm32f10x_it.o(i.SysTick_Handler)
    SystemInit                               0x0800253d   Thumb Code    64  system_stm32f10x.o(i.SystemInit)
    USART1_IRQHandler                        0x0800258d   Thumb Code    74  usart.o(i.USART1_IRQHandler)
    USART_Cmd                                0x080025e5   Thumb Code    20  stm32f10x_usart.o(i.USART_Cmd)
    USART_GetITStatus                        0x080025f9   Thumb Code    62  stm32f10x_usart.o(i.USART_GetITStatus)
    USART_ITConfig                           0x08002637   Thumb Code    48  stm32f10x_usart.o(i.USART_ITConfig)
    USART_Init                               0x08002669   Thumb Code   166  stm32f10x_usart.o(i.USART_Init)
    USART_ReceiveData                        0x08002715   Thumb Code     8  stm32f10x_usart.o(i.USART_ReceiveData)
    UsageFault_Handler                       0x08002ac9   Thumb Code     2  stm32f10x_it.o(i.UsageFault_Handler)
    _is_digit                                0x08002bf5   Thumb Code    14  __printf_wp.o(i._is_digit)
    _sys_exit                                0x08002c03   Thumb Code     2  usart.o(i._sys_exit)
    audio_player_find_first_mp3              0x08003015   Thumb Code   166  audio_player.o(i.audio_player_find_first_mp3)
    audio_player_get_stats                   0x08003141   Thumb Code     4  audio_player.o(i.audio_player_get_stats)
    audio_player_init                        0x0800319d   Thumb Code   180  audio_player.o(i.audio_player_init)
    audio_player_last_error                  0x08003339   Thumb Code     4  audio_player.o(i.audio_player_last_error)
    audio_player_play_from_sd                0x08003351   Thumb Code    66  audio_player.o(i.audio_player_play_from_sd)
    audio_player_play_mp3_from_sd            0x080033e5   Thumb Code   688  audio_player.o(i.audio_player_play_mp3_from_sd)
    audio_player_set_debug                   0x080037ed   Thumb Code     8  audio_player.o(i.audio_player_set_debug)
    board_audio_amp_set                      0x08003815   Thumb Code    32  board_audio.o(i.board_audio_amp_set)
    board_audio_drain                        0x08003dc9   Thumb Code    26  board_audio.o(i.board_audio_drain)
    board_audio_get_debug_info               0x08003de5   Thumb Code     4  board_audio.o(i.board_audio_get_debug_info)
    board_audio_init                         0x08003f55   Thumb Code     4  board_audio.o(i.board_audio_init)
    board_audio_init_playback                0x08003f59   Thumb Code    70  board_audio.o(i.board_audio_init_playback)
    board_audio_play_pcm                     0x08003fa9   Thumb Code   174  board_audio.o(i.board_audio_play_pcm)
    board_audio_set_sample_rate              0x08004085   Thumb Code    18  board_audio.o(i.board_audio_set_sample_rate)
    delay_Init                               0x080041ed   Thumb Code     8  delay.o(i.delay_Init)
    delay_ms                                 0x080041f5   Thumb Code    42  delay.o(i.delay_ms)
    disk_initialize                          0x0800431d   Thumb Code    24  diskio.o(i.disk_initialize)
    disk_readp                               0x08004335   Thumb Code    74  diskio.o(i.disk_readp)
    fputc                                    0x08004695   Thumb Code    18  usart.o(i.fputc)
    main                                     0x08004a5d   Thumb Code   202  main.o(i.main)
    pf_mount                                 0x08004c9d   Thumb Code   304  pff.o(i.pf_mount)
    pf_open                                  0x08004dd1   Thumb Code    82  pff.o(i.pf_open)
    pf_opendir                               0x08004e29   Thumb Code    70  pff.o(i.pf_opendir)
    pf_read                                  0x08004e75   Thumb Code   170  pff.o(i.pf_read)
    pf_readdir                               0x08004f25   Thumb Code   140  pff.o(i.pf_readdir)
    sdcard_stub_init                         0x080056d1   Thumb Code   456  sdcard_stub.o(i.sdcard_stub_init)
    sdcard_stub_is_ready                     0x080059b5   Thumb Code     6  sdcard_stub.o(i.sdcard_stub_is_ready)
    sdcard_stub_last_error_string            0x080059c1   Thumb Code     6  sdcard_stub.o(i.sdcard_stub_last_error_string)
    sdcard_stub_read_sector                  0x080059cd   Thumb Code   202  sdcard_stub.o(i.sdcard_stub_read_sector)
    sdcard_stub_set_debug                    0x08005aa1   Thumb Code     8  sdcard_stub.o(i.sdcard_stub_set_debug)
    xmp3_AllocateBuffers                     0x08005aad   Thumb Code   114  helix_buffers.o(i.xmp3_AllocateBuffers)
    xmp3_CalcBitsUsed                        0x08005b3d   Thumb Code    14  helix_bitstream.o(i.xmp3_CalcBitsUsed)
    xmp3_CheckPadBit                         0x08005b4b   Thumb Code    22  helix_bitstream.o(i.xmp3_CheckPadBit)
    xmp3_DecodeHuffman                       0x08005b61   Thumb Code   436  helix_huffman.o(i.xmp3_DecodeHuffman)
    xmp3_DequantChannel                      0x08005d15   Thumb Code   482  helix_dqchan.o(i.xmp3_DequantChannel)
    xmp3_Dequantize                          0x08005efd   Thumb Code   492  helix_dequant.o(i.xmp3_Dequantize)
    xmp3_FDCT32                              0x080060e9   Thumb Code  1546  helix_dct32.o(i.xmp3_FDCT32)
    xmp3_FreeBuffers                         0x080066f5   Thumb Code    94  helix_buffers.o(i.xmp3_FreeBuffers)
    xmp3_GetBits                             0x08006771   Thumb Code    66  helix_bitstream.o(i.xmp3_GetBits)
    xmp3_IMDCT                               0x080067b5   Thumb Code   288  helix_imdct.o(i.xmp3_IMDCT)
    xmp3_IntensityProcMPEG1                  0x080068d5   Thumb Code   564  helix_stproc.o(i.xmp3_IntensityProcMPEG1)
    xmp3_IntensityProcMPEG2                  0x08006b11   Thumb Code   576  helix_stproc.o(i.xmp3_IntensityProcMPEG2)
    xmp3_MidSideProc                         0x08006d59   Thumb Code    84  helix_stproc.o(i.xmp3_MidSideProc)
    xmp3_PolyphaseMono                       0x08006dad   Thumb Code   632  helix_polyphase.o(i.xmp3_PolyphaseMono)
    xmp3_PolyphaseStereo                     0x08007025   Thumb Code  1680  helix_polyphase.o(i.xmp3_PolyphaseStereo)
    xmp3_SetBitstreamPointer                 0x080076b5   Thumb Code    12  helix_bitstream.o(i.xmp3_SetBitstreamPointer)
    xmp3_Subband                             0x080076c1   Thumb Code   248  helix_subband.o(i.xmp3_Subband)
    xmp3_UnpackFrameHeader                   0x080077bd   Thumb Code   468  helix_bitstream.o(i.xmp3_UnpackFrameHeader)
    xmp3_UnpackScaleFactors                  0x080079a9   Thumb Code   246  helix_scalfact.o(i.xmp3_UnpackScaleFactors)
    xmp3_UnpackSideInfo                      0x08007aa1   Thumb Code   536  helix_bitstream.o(i.xmp3_UnpackSideInfo)
    xmp3_samplerateTab                       0x08007d68   Data          36  helix_mp3tabs.o(.constdata)
    xmp3_bitrateTab                          0x08007d8c   Data         270  helix_mp3tabs.o(.constdata)
    xmp3_samplesPerFrameTab                  0x08007e9a   Data          18  helix_mp3tabs.o(.constdata)
    xmp3_sideBytesTab                        0x08007eac   Data          12  helix_mp3tabs.o(.constdata)
    xmp3_slotTab                             0x08007eb8   Data         270  helix_mp3tabs.o(.constdata)
    xmp3_sfBandTable                         0x08007fc6   Data         666  helix_mp3tabs.o(.constdata)
    xmp3_huffTable                           0x08008336   Data        8484  helix_hufftabs.o(.constdata)
    xmp3_huffTabOffset                       0x0800a45c   Data         128  helix_hufftabs.o(.constdata)
    xmp3_huffTabLookup                       0x0800a4dc   Data         256  helix_hufftabs.o(.constdata)
    xmp3_quadTable                           0x0800a5dc   Data          80  helix_hufftabs.o(.constdata)
    xmp3_quadTabOffset                       0x0800a62c   Data           8  helix_hufftabs.o(.constdata)
    xmp3_quadTabMaxBits                      0x0800a634   Data           8  helix_hufftabs.o(.constdata)
    xmp3_imdctWin                            0x0800a6c8   Data         576  helix_trigtabs.o(.constdata)
    xmp3_ISFMpeg1                            0x0800a908   Data          56  helix_trigtabs.o(.constdata)
    xmp3_ISFMpeg2                            0x0800a940   Data         256  helix_trigtabs.o(.constdata)
    xmp3_ISFIIP                              0x0800aa40   Data          16  helix_trigtabs.o(.constdata)
    xmp3_csa                                 0x0800aa50   Data          64  helix_trigtabs.o(.constdata)
    xmp3_polyCoef                            0x0800aa90   Data        1056  helix_trigtabs.o(.constdata)
    Region$$Table$$Base                      0x0800b680   Number         0  anon$$obj.o(Region$$Table)
    Region$$Table$$Limit                     0x0800b6a0   Number         0  anon$$obj.o(Region$$Table)
    LED2_BitVal                              0x20000000   Data           1  exti.o(.data)
    SystemCoreClock                          0x20000004   Data           4  system_stm32f10x.o(.data)
    AHBPrescTable                            0x20000008   Data          16  system_stm32f10x.o(.data)
    U1Rx_LEN                                 0x20000018   Data           1  usart.o(.data)
    U1Rx_IDLE_FLAG                           0x20000019   Data           1  usart.o(.data)
    __stdout                                 0x2000001c   Data           4  usart.o(.data)
    pow14                                    0x2000008c   Data          16  helix_dqchan.o(.data)
    pow43_14                                 0x2000009c   Data         256  helix_dqchan.o(.data)
    pow43                                    0x2000019c   Data         192  helix_dqchan.o(.data)
    poly43lo                                 0x2000025c   Data          20  helix_dqchan.o(.data)
    poly43hi                                 0x20000270   Data          20  helix_dqchan.o(.data)
    pow2exp                                  0x20000284   Data          32  helix_dqchan.o(.data)
    pow2frac                                 0x200002a4   Data          32  helix_dqchan.o(.data)
    fastWin36                                0x200002c8   Data          72  helix_imdct.o(.data)
    U1Rx_Data                                0x20000330   Data         128  usart.o(.bss)
    __libspace_start                         0x2000bab8   Data          96  libspace.o(.bss)
    __temporary_stack_top$libspace           0x2000bb18   Data           0  libspace.o(.bss)



==============================================================================

Memory Map of the image

  Image Entry point : 0x08000131

  Load Region LR_IROM1 (Base: 0x08000000, Size: 0x0000b9d0, Max: 0x00080000, ABSOLUTE, COMPRESSED[0x0000b928])

    Execution Region ER_IROM1 (Exec base: 0x08000000, Load base: 0x08000000, Size: 0x0000b6a0, Max: 0x00080000, ABSOLUTE)

    Exec Addr    Load Addr    Size         Type   Attr      Idx    E Section Name        Object

    0x08000000   0x08000000   0x00000130   Data   RO           19    RESET               startup_stm32f10x_hd.o
    0x08000130   0x08000130   0x00000008   Code   RO         4491  * !!!main             c_w.l(__main.o)
    0x08000138   0x08000138   0x00000034   Code   RO         4681    !!!scatter          c_w.l(__scatter.o)
    0x0800016c   0x0800016c   0x0000005a   Code   RO         4679    !!dczerorl2         c_w.l(__dczerorl2.o)
    0x080001c6   0x080001c6   0x00000002   PAD
    0x080001c8   0x080001c8   0x0000001c   Code   RO         4683    !!handler_zi        c_w.l(__scatter_zi.o)
    0x080001e4   0x080001e4   0x00000000   Code   RO         4478    .ARM.Collect$$_printf_percent$$00000000  c_w.l(_printf_percent.o)
    0x080001e4   0x080001e4   0x00000006   Code   RO         4476    .ARM.Collect$$_printf_percent$$00000009  c_w.l(_printf_d.o)
    0x080001ea   0x080001ea   0x00000006   Code   RO         4477    .ARM.Collect$$_printf_percent$$0000000A  c_w.l(_printf_u.o)
    0x080001f0   0x080001f0   0x00000006   Code   RO         4475    .ARM.Collect$$_printf_percent$$0000000C  c_w.l(_printf_x.o)
    0x080001f6   0x080001f6   0x00000006   Code   RO         4474    .ARM.Collect$$_printf_percent$$00000014  c_w.l(_printf_s.o)
    0x080001fc   0x080001fc   0x00000004   Code   RO         4510    .ARM.Collect$$_printf_percent$$00000017  c_w.l(_printf_percent_end.o)
    0x08000200   0x08000200   0x00000002   Code   RO         4551    .ARM.Collect$$libinit$$00000000  c_w.l(libinit.o)
    0x08000202   0x08000202   0x00000000   Code   RO         4564    .ARM.Collect$$libinit$$00000002  c_w.l(libinit2.o)
    0x08000202   0x08000202   0x00000000   Code   RO         4566    .ARM.Collect$$libinit$$00000004  c_w.l(libinit2.o)
    0x08000202   0x08000202   0x00000000   Code   RO         4569    .ARM.Collect$$libinit$$0000000A  c_w.l(libinit2.o)
    0x08000202   0x08000202   0x00000000   Code   RO         4571    .ARM.Collect$$libinit$$0000000C  c_w.l(libinit2.o)
    0x08000202   0x08000202   0x00000000   Code   RO         4573    .ARM.Collect$$libinit$$0000000E  c_w.l(libinit2.o)
    0x08000202   0x08000202   0x00000000   Code   RO         4576    .ARM.Collect$$libinit$$00000011  c_w.l(libinit2.o)
    0x08000202   0x08000202   0x00000000   Code   RO         4578    .ARM.Collect$$libinit$$00000013  c_w.l(libinit2.o)
    0x08000202   0x08000202   0x00000000   Code   RO         4580    .ARM.Collect$$libinit$$00000015  c_w.l(libinit2.o)
    0x08000202   0x08000202   0x00000000   Code   RO         4582    .ARM.Collect$$libinit$$00000017  c_w.l(libinit2.o)
    0x08000202   0x08000202   0x00000000   Code   RO         4584    .ARM.Collect$$libinit$$00000019  c_w.l(libinit2.o)
    0x08000202   0x08000202   0x00000000   Code   RO         4586    .ARM.Collect$$libinit$$0000001B  c_w.l(libinit2.o)
    0x08000202   0x08000202   0x00000000   Code   RO         4588    .ARM.Collect$$libinit$$0000001D  c_w.l(libinit2.o)
    0x08000202   0x08000202   0x00000000   Code   RO         4590    .ARM.Collect$$libinit$$0000001F  c_w.l(libinit2.o)
    0x08000202   0x08000202   0x00000000   Code   RO         4592    .ARM.Collect$$libinit$$00000021  c_w.l(libinit2.o)
    0x08000202   0x08000202   0x00000000   Code   RO         4594    .ARM.Collect$$libinit$$00000023  c_w.l(libinit2.o)
    0x08000202   0x08000202   0x00000000   Code   RO         4596    .ARM.Collect$$libinit$$00000025  c_w.l(libinit2.o)
    0x08000202   0x08000202   0x00000000   Code   RO         4600    .ARM.Collect$$libinit$$0000002C  c_w.l(libinit2.o)
    0x08000202   0x08000202   0x00000000   Code   RO         4602    .ARM.Collect$$libinit$$0000002E  c_w.l(libinit2.o)
    0x08000202   0x08000202   0x00000000   Code   RO         4604    .ARM.Collect$$libinit$$00000030  c_w.l(libinit2.o)
    0x08000202   0x08000202   0x00000000   Code   RO         4606    .ARM.Collect$$libinit$$00000032  c_w.l(libinit2.o)
    0x08000202   0x08000202   0x00000002   Code   RO         4607    .ARM.Collect$$libinit$$00000033  c_w.l(libinit2.o)
    0x08000204   0x08000204   0x00000002   Code   RO         4633    .ARM.Collect$$libshutdown$$00000000  c_w.l(libshutdown.o)
    0x08000206   0x08000206   0x00000000   Code   RO         4660    .ARM.Collect$$libshutdown$$00000002  c_w.l(libshutdown2.o)
    0x08000206   0x08000206   0x00000000   Code   RO         4662    .ARM.Collect$$libshutdown$$00000004  c_w.l(libshutdown2.o)
    0x08000206   0x08000206   0x00000000   Code   RO         4664    .ARM.Collect$$libshutdown$$00000006  c_w.l(libshutdown2.o)
    0x08000206   0x08000206   0x00000000   Code   RO         4667    .ARM.Collect$$libshutdown$$00000009  c_w.l(libshutdown2.o)
    0x08000206   0x08000206   0x00000000   Code   RO         4670    .ARM.Collect$$libshutdown$$0000000C  c_w.l(libshutdown2.o)
    0x08000206   0x08000206   0x00000000   Code   RO         4672    .ARM.Collect$$libshutdown$$0000000E  c_w.l(libshutdown2.o)
    0x08000206   0x08000206   0x00000000   Code   RO         4675    .ARM.Collect$$libshutdown$$00000011  c_w.l(libshutdown2.o)
    0x08000206   0x08000206   0x00000002   Code   RO         4676    .ARM.Collect$$libshutdown$$00000012  c_w.l(libshutdown2.o)
    0x08000208   0x08000208   0x00000000   Code   RO         4495    .ARM.Collect$$rtentry$$00000000  c_w.l(__rtentry.o)
    0x08000208   0x08000208   0x00000000   Code   RO         4516    .ARM.Collect$$rtentry$$00000002  c_w.l(__rtentry2.o)
    0x08000208   0x08000208   0x00000006   Code   RO         4528    .ARM.Collect$$rtentry$$00000004  c_w.l(__rtentry4.o)
    0x0800020e   0x0800020e   0x00000000   Code   RO         4518    .ARM.Collect$$rtentry$$00000009  c_w.l(__rtentry2.o)
    0x0800020e   0x0800020e   0x00000004   Code   RO         4519    .ARM.Collect$$rtentry$$0000000A  c_w.l(__rtentry2.o)
    0x08000212   0x08000212   0x00000000   Code   RO         4521    .ARM.Collect$$rtentry$$0000000C  c_w.l(__rtentry2.o)
    0x08000212   0x08000212   0x00000008   Code   RO         4522    .ARM.Collect$$rtentry$$0000000D  c_w.l(__rtentry2.o)
    0x0800021a   0x0800021a   0x00000002   Code   RO         4555    .ARM.Collect$$rtexit$$00000000  c_w.l(rtexit.o)
    0x0800021c   0x0800021c   0x00000000   Code   RO         4609    .ARM.Collect$$rtexit$$00000002  c_w.l(rtexit2.o)
    0x0800021c   0x0800021c   0x00000004   Code   RO         4610    .ARM.Collect$$rtexit$$00000003  c_w.l(rtexit2.o)
    0x08000220   0x08000220   0x00000006   Code   RO         4611    .ARM.Collect$$rtexit$$00000004  c_w.l(rtexit2.o)
    0x08000226   0x08000226   0x00000002   PAD
    0x08000228   0x08000228   0x00000040   Code   RO           20    .text               startup_stm32f10x_hd.o
    0x08000268   0x08000268   0x00000002   Code   RO         4413    .text               c_w.l(use_no_semi_2.o)
    0x0800026a   0x0800026a   0x000000ee   Code   RO         4415    .text               c_w.l(lludivv7m.o)
    0x08000358   0x08000358   0x00000018   Code   RO         4421    .text               c_w.l(noretval__2printf.o)
    0x08000370   0x08000370   0x00000028   Code   RO         4423    .text               c_w.l(noretval__2sprintf.o)
    0x08000398   0x08000398   0x0000004e   Code   RO         4427    .text               c_w.l(_printf_pad.o)
    0x080003e6   0x080003e6   0x00000052   Code   RO         4429    .text               c_w.l(_printf_str.o)
    0x08000438   0x08000438   0x00000078   Code   RO         4431    .text               c_w.l(_printf_dec.o)
    0x080004b0   0x080004b0   0x00000058   Code   RO         4436    .text               c_w.l(_printf_hex_int.o)
    0x08000508   0x08000508   0x00000188   Code   RO         4471    .text               c_w.l(__printf_flags_ss_wp.o)
    0x08000690   0x08000690   0x00000058   Code   RO         4479    .text               c_w.l(memcmp.o)
    0x080006e8   0x080006e8   0x0000008a   Code   RO         4481    .text               c_w.l(rt_memcpy_v6.o)
    0x08000772   0x08000772   0x00000084   Code   RO         4483    .text               c_w.l(rt_memmove_v6.o)
    0x080007f6   0x080007f6   0x00000044   Code   RO         4485    .text               c_w.l(rt_memclr.o)
    0x0800083a   0x0800083a   0x0000004e   Code   RO         4487    .text               c_w.l(rt_memclr_w.o)
    0x08000888   0x08000888   0x00000006   Code   RO         4489    .text               c_w.l(heapauxi.o)
    0x0800088e   0x0800088e   0x00000002   Code   RO         4493    .text               c_w.l(use_no_semi.o)
    0x08000890   0x08000890   0x000000b2   Code   RO         4500    .text               c_w.l(_printf_intcommon.o)
    0x08000942   0x08000942   0x00000002   PAD
    0x08000944   0x08000944   0x00000030   Code   RO         4502    .text               c_w.l(_printf_char_common.o)
    0x08000974   0x08000974   0x0000000a   Code   RO         4504    .text               c_w.l(_sputc.o)
    0x0800097e   0x0800097e   0x0000002c   Code   RO         4506    .text               c_w.l(_printf_char.o)
    0x080009aa   0x080009aa   0x00000002   PAD
    0x080009ac   0x080009ac   0x00000024   Code   RO         4508    .text               c_w.l(_printf_char_file.o)
    0x080009d0   0x080009d0   0x00000064   Code   RO         4511    .text               c_w.l(rt_memcpy_w.o)
    0x08000a34   0x08000a34   0x0000007a   Code   RO         4513    .text               c_w.l(rt_memmove_w.o)
    0x08000aae   0x08000aae   0x00000008   Code   RO         4534    .text               c_w.l(ferror.o)
    0x08000ab6   0x08000ab6   0x0000004a   Code   RO         4538    .text               c_w.l(sys_stackheap_outer.o)
    0x08000b00   0x08000b00   0x00000012   Code   RO         4540    .text               c_w.l(exit.o)
    0x08000b12   0x08000b12   0x00000002   PAD
    0x08000b14   0x08000b14   0x00000008   Code   RO         4552    .text               c_w.l(libspace.o)
    0x08000b1c   0x08000b1c   0x00000150   Code   RO         1279    i.AntiAlias         helix_imdct.o
    0x08000c6c   0x08000c6c   0x00000002   Code   RO          188    i.BusFault_Handler  stm32f10x_it.o
    0x08000c6e   0x08000c6e   0x00000016   Code   RO         1190    i.CLZ               helix_dequant.o
    0x08000c84   0x08000c84   0x00000016   Code   RO         1210    i.CLZ               helix_dqchan.o
    0x08000c9a   0x08000c9a   0x00000010   Code   RO         1142    i.ClearBuffer       helix_buffers.o
    0x08000caa   0x08000caa   0x00000014   Code   RO         1343    i.ClipToShort       helix_polyphase.o
    0x08000cbe   0x08000cbe   0x00000016   Code   RO         2189    i.DMA_Cmd           stm32f10x_dma.o
    0x08000cd4   0x08000cd4   0x000000e4   Code   RO         2190    i.DMA_DeInit        stm32f10x_dma.o
    0x08000db8   0x08000db8   0x00000006   Code   RO         2191    i.DMA_GetCurrDataCounter  stm32f10x_dma.o
    0x08000dbe   0x08000dbe   0x0000003a   Code   RO         2195    i.DMA_Init          stm32f10x_dma.o
    0x08000df8   0x08000df8   0x00000002   Code   RO          189    i.DebugMon_Handler  stm32f10x_it.o
    0x08000dfa   0x08000dfa   0x00000002   PAD
    0x08000dfc   0x08000dfc   0x00000320   Code   RO         1239    i.DecodeHuffmanPairs  helix_huffman.o
    0x0800111c   0x0800111c   0x00000144   Code   RO         1240    i.DecodeHuffmanQuads  helix_huffman.o
    0x08001260   0x08001260   0x00000174   Code   RO         1211    i.DequantBlock      helix_dqchan.o
    0x080013d4   0x080013d4   0x00000050   Code   RO           24    i.EXTI1_IRQHandler  exti.o
    0x08001424   0x08001424   0x0000000c   Code   RO         2260    i.EXTI_ClearITPendingBit  stm32f10x_exti.o
    0x08001430   0x08001430   0x0000000a   Code   RO         1280    i.FASTABS           helix_imdct.o
    0x0800143a   0x0800143a   0x0000000a   Code   RO         1398    i.FASTABS           helix_stproc.o
    0x08001444   0x08001444   0x0000016a   Code   RO         1281    i.FreqInvertRescale  helix_imdct.o
    0x080015ae   0x080015ae   0x00000002   PAD
    0x080015b0   0x080015b0   0x000000a2   Code   RO         2611    i.GPIO_Init         stm32f10x_gpio.o
    0x08001652   0x08001652   0x00000002   PAD
    0x08001654   0x08001654   0x00000058   Code   RO         2613    i.GPIO_PinRemapConfig  stm32f10x_gpio.o
    0x080016ac   0x080016ac   0x0000000e   Code   RO         2615    i.GPIO_ReadInputDataBit  stm32f10x_gpio.o
    0x080016ba   0x080016ba   0x0000000e   Code   RO         2617    i.GPIO_ReadOutputDataBit  stm32f10x_gpio.o
    0x080016c8   0x080016c8   0x00000004   Code   RO         2618    i.GPIO_ResetBits    stm32f10x_gpio.o
    0x080016cc   0x080016cc   0x00000004   Code   RO         2619    i.GPIO_SetBits      stm32f10x_gpio.o
    0x080016d0   0x080016d0   0x0000000a   Code   RO         2622    i.GPIO_WriteBit     stm32f10x_gpio.o
    0x080016da   0x080016da   0x00000002   Code   RO          190    i.HardFault_Handler  stm32f10x_it.o
    0x080016dc   0x080016dc   0x0000014c   Code   RO         1282    i.HybridTransform   helix_imdct.o
    0x08001828   0x08001828   0x00000014   Code   RO         3500    i.I2S_Cmd           stm32f10x_spi.o
    0x0800183c   0x0800183c   0x00000098   Code   RO         3501    i.I2S_Init          stm32f10x_spi.o
    0x080018d4   0x080018d4   0x000001b0   Code   RO         1283    i.IMDCT12x3         helix_imdct.o
    0x08001a84   0x08001a84   0x000001c0   Code   RO         1284    i.IMDCT36           helix_imdct.o
    0x08001c44   0x08001c44   0x00000026   Code   RO         1013    i.MP3ClearBadFrame  helix_mp3dec.o
    0x08001c6a   0x08001c6a   0x00000002   PAD
    0x08001c6c   0x08001c6c   0x00000302   Code   RO         1014    i.MP3Decode         helix_mp3dec.o
    0x08001f6e   0x08001f6e   0x0000002c   Code   RO         1015    i.MP3FindSyncWord   helix_mp3dec.o
    0x08001f9a   0x08001f9a   0x0000000a   Code   RO         1016    i.MP3FreeDecoder    helix_mp3dec.o
    0x08001fa4   0x08001fa4   0x00000064   Code   RO         1017    i.MP3GetLastFrameInfo  helix_mp3dec.o
    0x08002008   0x08002008   0x00000004   Code   RO         1019    i.MP3InitDecoder    helix_mp3dec.o
    0x0800200c   0x0800200c   0x000000c0   Code   RO          328    i.MX_USART1_Init    usart.o
    0x080020cc   0x080020cc   0x00000002   Code   RO          191    i.MemManage_Handler  stm32f10x_it.o
    0x080020ce   0x080020ce   0x00000002   Code   RO          192    i.NMI_Handler       stm32f10x_it.o
    0x080020d0   0x080020d0   0x00000064   Code   RO         1462    i.NVIC_Init         misc.o
    0x08002134   0x08002134   0x00000014   Code   RO         1463    i.NVIC_PriorityGroupConfig  misc.o
    0x08002148   0x08002148   0x00000002   Code   RO          193    i.PendSV_Handler    stm32f10x_it.o
    0x0800214a   0x0800214a   0x00000002   PAD
    0x0800214c   0x0800214c   0x00000018   Code   RO         3026    i.RCC_AHBPeriphClockCmd  stm32f10x_rcc.o
    0x08002164   0x08002164   0x00000018   Code   RO         3027    i.RCC_APB1PeriphClockCmd  stm32f10x_rcc.o
    0x0800217c   0x0800217c   0x00000018   Code   RO         3028    i.RCC_APB1PeriphResetCmd  stm32f10x_rcc.o
    0x08002194   0x08002194   0x00000018   Code   RO         3029    i.RCC_APB2PeriphClockCmd  stm32f10x_rcc.o
    0x080021ac   0x080021ac   0x00000018   Code   RO         3030    i.RCC_APB2PeriphResetCmd  stm32f10x_rcc.o
    0x080021c4   0x080021c4   0x00000090   Code   RO         3037    i.RCC_GetClocksFreq  stm32f10x_rcc.o
    0x08002254   0x08002254   0x00000070   Code   RO         1088    i.RefillBitstreamCache  helix_bitstream.o
    0x080022c4   0x080022c4   0x0000002c   Code   RO         1344    i.SAR64             helix_polyphase.o
    0x080022f0   0x080022f0   0x0000000c   Code   RO         3315    i.SDIO_ClearFlag    stm32f10x_sdio.o
    0x080022fc   0x080022fc   0x0000000c   Code   RO         3317    i.SDIO_ClockCmd     stm32f10x_sdio.o
    0x08002308   0x08002308   0x0000002c   Code   RO         3321    i.SDIO_DataConfig   stm32f10x_sdio.o
    0x08002334   0x08002334   0x00000024   Code   RO         3323    i.SDIO_DeInit       stm32f10x_sdio.o
    0x08002358   0x08002358   0x0000000c   Code   RO         3324    i.SDIO_GetCommandResponse  stm32f10x_sdio.o
    0x08002364   0x08002364   0x00000014   Code   RO         3327    i.SDIO_GetFlagStatus  stm32f10x_sdio.o
    0x08002378   0x08002378   0x00000010   Code   RO         3330    i.SDIO_GetResponse  stm32f10x_sdio.o
    0x08002388   0x08002388   0x0000002c   Code   RO         3332    i.SDIO_Init         stm32f10x_sdio.o
    0x080023b4   0x080023b4   0x0000000c   Code   RO         3333    i.SDIO_ReadData     stm32f10x_sdio.o
    0x080023c0   0x080023c0   0x00000028   Code   RO         3335    i.SDIO_SendCommand  stm32f10x_sdio.o
    0x080023e8   0x080023e8   0x00000018   Code   RO         3337    i.SDIO_SetPowerState  stm32f10x_sdio.o
    0x08002400   0x08002400   0x00000010   Code   RO         3511    i.SPI_I2S_DMACmd    stm32f10x_spi.o
    0x08002410   0x08002410   0x00000054   Code   RO         3512    i.SPI_I2S_DeInit    stm32f10x_spi.o
    0x08002464   0x08002464   0x0000000e   Code   RO         3513    i.SPI_I2S_GetFlagStatus  stm32f10x_spi.o
    0x08002472   0x08002472   0x00000004   Code   RO         3517    i.SPI_I2S_SendData  stm32f10x_spi.o
    0x08002476   0x08002476   0x00000002   Code   RO          194    i.SVC_Handler       stm32f10x_it.o
    0x08002478   0x08002478   0x000000a8   Code   RO          251    i.SetSysClockTo72   system_stm32f10x.o
    0x08002520   0x08002520   0x00000018   Code   RO         1466    i.SysTick_CLKSourceConfig  misc.o
    0x08002538   0x08002538   0x00000002   Code   RO          195    i.SysTick_Handler   stm32f10x_it.o
    0x0800253a   0x0800253a   0x00000002   PAD
    0x0800253c   0x0800253c   0x00000050   Code   RO          253    i.SystemInit        system_stm32f10x.o
    0x0800258c   0x0800258c   0x00000058   Code   RO          329    i.USART1_IRQHandler  usart.o
    0x080025e4   0x080025e4   0x00000014   Code   RO         4181    i.USART_Cmd         stm32f10x_usart.o
    0x080025f8   0x080025f8   0x0000003e   Code   RO         4185    i.USART_GetITStatus  stm32f10x_usart.o
    0x08002636   0x08002636   0x00000030   Code   RO         4187    i.USART_ITConfig    stm32f10x_usart.o
    0x08002666   0x08002666   0x00000002   PAD
    0x08002668   0x08002668   0x000000ac   Code   RO         4188    i.USART_Init        stm32f10x_usart.o
    0x08002714   0x08002714   0x00000008   Code   RO         4195    i.USART_ReceiveData  stm32f10x_usart.o
    0x0800271c   0x0800271c   0x0000016c   Code   RO         1374    i.UnpackSFMPEG1     helix_scalfact.o
    0x08002888   0x08002888   0x00000240   Code   RO         1375    i.UnpackSFMPEG2     helix_scalfact.o
    0x08002ac8   0x08002ac8   0x00000002   Code   RO          196    i.UsageFault_Handler  stm32f10x_it.o
    0x08002aca   0x08002aca   0x00000002   PAD
    0x08002acc   0x08002acc   0x00000128   Code   RO         1285    i.WinPrevious       helix_imdct.o
    0x08002bf4   0x08002bf4   0x0000000e   Code   RO         4464    i._is_digit         c_w.l(__printf_wp.o)
    0x08002c02   0x08002c02   0x00000002   Code   RO          330    i._sys_exit         usart.o
    0x08002c04   0x08002c04   0x00000012   Code   RO          518    i.audio_delay_short  board_audio.o
    0x08002c16   0x08002c16   0x00000002   PAD
    0x08002c18   0x08002c18   0x00000038   Code   RO          370    i.audio_player_add_time  audio_player.o
    0x08002c50   0x08002c50   0x0000007c   Code   RO          371    i.audio_player_debug_progress  audio_player.o
    0x08002ccc   0x08002ccc   0x000001bc   Code   RO          372    i.audio_player_debug_scan_filesystem  audio_player.o
    0x08002e88   0x08002e88   0x000000ac   Code   RO          373    i.audio_player_debug_sector0  audio_player.o
    0x08002f34   0x08002f34   0x000000e0   Code   RO          374    i.audio_player_debug_sector_summary  audio_player.o
    0x08003014   0x08003014   0x0000012c   Code   RO          375    i.audio_player_find_first_mp3  audio_player.o
    0x08003140   0x08003140   0x00000008   Code   RO          376    i.audio_player_get_stats  audio_player.o
    0x08003148   0x08003148   0x00000054   Code   RO          377    i.audio_player_has_suffix  audio_player.o
    0x0800319c   0x0800319c   0x0000019c   Code   RO          378    i.audio_player_init  audio_player.o
    0x08003338   0x08003338   0x00000008   Code   RO          379    i.audio_player_last_error  audio_player.o
    0x08003340   0x08003340   0x00000010   Code   RO          380    i.audio_player_ld_dword  audio_player.o
    0x08003350   0x08003350   0x00000094   Code   RO          381    i.audio_player_play_from_sd  audio_player.o
    0x080033e4   0x080033e4   0x0000038c   Code   RO          382    i.audio_player_play_mp3_from_sd  audio_player.o
    0x08003770   0x08003770   0x0000000c   Code   RO          383    i.audio_player_reset_stats  audio_player.o
    0x0800377c   0x0800377c   0x00000018   Code   RO          384    i.audio_player_sector_has_aa55  audio_player.o
    0x08003794   0x08003794   0x00000024   Code   RO          385    i.audio_player_sector_has_exfat_name  audio_player.o
    0x080037b8   0x080037b8   0x00000034   Code   RO          386    i.audio_player_sector_has_fat_name  audio_player.o
    0x080037ec   0x080037ec   0x0000000c   Code   RO          387    i.audio_player_set_debug  audio_player.o
    0x080037f8   0x080037f8   0x0000001c   Code   RO          388    i.audio_player_set_error  audio_player.o
    0x08003814   0x08003814   0x00000024   Code   RO          519    i.board_audio_amp_set  board_audio.o
    0x08003838   0x08003838   0x00000028   Code   RO          521    i.board_audio_apply_volume  board_audio.o
    0x08003860   0x08003860   0x0000024c   Code   RO          522    i.board_audio_capture_debug_regs  board_audio.o
    0x08003aac   0x08003aac   0x0000015e   Code   RO          524    i.board_audio_codec_init_playback  board_audio.o
    0x08003c0a   0x08003c0a   0x00000002   PAD
    0x08003c0c   0x08003c0c   0x0000002c   Code   RO          526    i.board_audio_dma_read_index  board_audio.o
    0x08003c38   0x08003c38   0x00000038   Code   RO          527    i.board_audio_dma_recover_if_underrun  board_audio.o
    0x08003c70   0x08003c70   0x0000009c   Code   RO          528    i.board_audio_dma_start  board_audio.o
    0x08003d0c   0x08003d0c   0x00000024   Code   RO          529    i.board_audio_dma_update_read_total  board_audio.o
    0x08003d30   0x08003d30   0x0000001c   Code   RO          530    i.board_audio_dma_used_halfwords  board_audio.o
    0x08003d4c   0x08003d4c   0x0000007c   Code   RO          531    i.board_audio_dma_write_frame  board_audio.o
    0x08003dc8   0x08003dc8   0x0000001a   Code   RO          532    i.board_audio_drain  board_audio.o
    0x08003de2   0x08003de2   0x00000002   PAD
    0x08003de4   0x08003de4   0x00000008   Code   RO          533    i.board_audio_get_debug_info  board_audio.o
    0x08003dec   0x08003dec   0x000000cc   Code   RO          534    i.board_audio_gpio_init  board_audio.o
    0x08003eb8   0x08003eb8   0x0000009c   Code   RO          535    i.board_audio_i2s_init_tx_rate  board_audio.o
    0x08003f54   0x08003f54   0x00000004   Code   RO          536    i.board_audio_init  board_audio.o
    0x08003f58   0x08003f58   0x00000050   Code   RO          537    i.board_audio_init_playback  board_audio.o
    0x08003fa8   0x08003fa8   0x000000bc   Code   RO          539    i.board_audio_play_pcm  board_audio.o
    0x08004064   0x08004064   0x00000020   Code   RO          542    i.board_audio_reset_debug  board_audio.o
    0x08004084   0x08004084   0x00000018   Code   RO          543    i.board_audio_set_sample_rate  board_audio.o
    0x0800409c   0x0800409c   0x00000020   Code   RO          544    i.board_audio_update_dma_debug  board_audio.o
    0x080040bc   0x080040bc   0x00000024   Code   RO          545    i.board_audio_write_word  board_audio.o
    0x080040e0   0x080040e0   0x00000064   Code   RO          908    i.check_fs          pff.o
    0x08004144   0x08004144   0x00000020   Code   RO          909    i.clust2sect        pff.o
    0x08004164   0x08004164   0x0000007c   Code   RO          910    i.create_name       pff.o
    0x080041e0   0x080041e0   0x0000000c   Code   RO          141    i.debug_print_text  main.o
    0x080041ec   0x080041ec   0x00000008   Code   RO          280    i.delay_Init        delay.o
    0x080041f4   0x080041f4   0x0000002a   Code   RO          281    i.delay_ms          delay.o
    0x0800421e   0x0800421e   0x00000062   Code   RO          911    i.dir_find          pff.o
    0x08004280   0x08004280   0x00000060   Code   RO          912    i.dir_next          pff.o
    0x080042e0   0x080042e0   0x0000003c   Code   RO          913    i.dir_rewind        pff.o
    0x0800431c   0x0800431c   0x00000018   Code   RO          874    i.disk_initialize   diskio.o
    0x08004334   0x08004334   0x00000050   Code   RO          875    i.disk_readp        diskio.o
    0x08004384   0x08004384   0x000000fc   Code   RO          142    i.dump_board_audio_debug  main.o
    0x08004480   0x08004480   0x00000080   Code   RO          143    i.dump_player_stats  main.o
    0x08004500   0x08004500   0x0000003c   Code   RO          546    i.es8311_probe      board_audio.o
    0x0800453c   0x0800453c   0x00000016   Code   RO          547    i.es8311_probe_addr  board_audio.o
    0x08004552   0x08004552   0x00000002   PAD
    0x08004554   0x08004554   0x00000084   Code   RO          548    i.es8311_read_reg   board_audio.o
    0x080045d8   0x080045d8   0x00000024   Code   RO          549    i.es8311_write_reg  board_audio.o
    0x080045fc   0x080045fc   0x00000030   Code   RO          550    i.es8311_write_reg_to  board_audio.o
    0x0800462c   0x0800462c   0x00000068   Code   RO          914    i.follow_path       pff.o
    0x08004694   0x08004694   0x00000018   Code   RO          331    i.fputc             usart.o
    0x080046ac   0x080046ac   0x0000002c   Code   RO          915    i.get_clust         pff.o
    0x080046d8   0x080046d8   0x00000060   Code   RO          916    i.get_fat           pff.o
    0x08004738   0x08004738   0x00000070   Code   RO          917    i.get_fileinfo      pff.o
    0x080047a8   0x080047a8   0x00000018   Code   RO          551    i.i2c_scl_high      board_audio.o
    0x080047c0   0x080047c0   0x00000018   Code   RO          552    i.i2c_scl_low       board_audio.o
    0x080047d8   0x080047d8   0x00000018   Code   RO          553    i.i2c_sda_high      board_audio.o
    0x080047f0   0x080047f0   0x00000018   Code   RO          554    i.i2c_sda_low       board_audio.o
    0x08004808   0x08004808   0x0000000c   Code   RO          555    i.i2c_sda_read      board_audio.o
    0x08004814   0x08004814   0x00000016   Code   RO          556    i.i2c_start         board_audio.o
    0x0800482a   0x0800482a   0x00000012   Code   RO          557    i.i2c_stop          board_audio.o
    0x0800483c   0x0800483c   0x00000044   Code   RO          558    i.i2c_write_byte    board_audio.o
    0x08004880   0x08004880   0x00000134   Code   RO         1286    i.idct9             helix_imdct.o
    0x080049b4   0x080049b4   0x00000088   Code   RO         1287    i.imdct12           helix_imdct.o
    0x08004a3c   0x08004a3c   0x00000016   Code   RO          918    i.ld_dword          pff.o
    0x08004a52   0x08004a52   0x0000000a   Code   RO          919    i.ld_word           pff.o
    0x08004a5c   0x08004a5c   0x00000240   Code   RO          144    i.main              main.o
    0x08004c9c   0x08004c9c   0x00000134   Code   RO          920    i.pf_mount          pff.o
    0x08004dd0   0x08004dd0   0x00000058   Code   RO          921    i.pf_open           pff.o
    0x08004e28   0x08004e28   0x0000004c   Code   RO          922    i.pf_opendir        pff.o
    0x08004e74   0x08004e74   0x000000b0   Code   RO          923    i.pf_read           pff.o
    0x08004f24   0x08004f24   0x00000090   Code   RO          924    i.pf_readdir        pff.o
    0x08004fb4   0x08004fb4   0x000000a8   Code   RO          754    i.sd_acmd41_init    sdcard_stub.o
    0x0800505c   0x0800505c   0x0000003c   Code   RO          755    i.sd_clear_data_path  sdcard_stub.o
    0x08005098   0x08005098   0x0000008c   Code   RO          756    i.sd_debug_dump_probe  sdcard_stub.o
    0x08005124   0x08005124   0x000000a8   Code   RO          757    i.sd_debug_dump_sector_prefix  sdcard_stub.o
    0x080051cc   0x080051cc   0x00000018   Code   RO          758    i.sd_debug_print    sdcard_stub.o
    0x080051e4   0x080051e4   0x00000094   Code   RO          759    i.sd_debug_probe_addresses  sdcard_stub.o
    0x08005278   0x08005278   0x000000ac   Code   RO          760    i.sd_debug_sector0  sdcard_stub.o
    0x08005324   0x08005324   0x00000078   Code   RO          761    i.sd_debug_step     sdcard_stub.o
    0x0800539c   0x0800539c   0x00000010   Code   RO          762    i.sd_delay          sdcard_stub.o
    0x080053ac   0x080053ac   0x00000010   Code   RO          763    i.sd_ld_dword       sdcard_stub.o
    0x080053bc   0x080053bc   0x000000dc   Code   RO          764    i.sd_read_data_polling  sdcard_stub.o
    0x08005498   0x08005498   0x0000006a   Code   RO          765    i.sd_read_raw_address_debug  sdcard_stub.o
    0x08005502   0x08005502   0x00000002   PAD
    0x08005504   0x08005504   0x00000034   Code   RO          766    i.sd_sdio_clock_config  sdcard_stub.o
    0x08005538   0x08005538   0x00000034   Code   RO          767    i.sd_send_command   sdcard_stub.o
    0x0800556c   0x0800556c   0x00000074   Code   RO          768    i.sd_wait_cmd_no_response  sdcard_stub.o
    0x080055e0   0x080055e0   0x000000f0   Code   RO          769    i.sd_wait_cmd_response  sdcard_stub.o
    0x080056d0   0x080056d0   0x000002e4   Code   RO          770    i.sdcard_stub_init  sdcard_stub.o
    0x080059b4   0x080059b4   0x0000000c   Code   RO          771    i.sdcard_stub_is_ready  sdcard_stub.o
    0x080059c0   0x080059c0   0x0000000c   Code   RO          772    i.sdcard_stub_last_error_string  sdcard_stub.o
    0x080059cc   0x080059cc   0x000000d4   Code   RO          773    i.sdcard_stub_read_sector  sdcard_stub.o
    0x08005aa0   0x08005aa0   0x0000000c   Code   RO          774    i.sdcard_stub_set_debug  sdcard_stub.o
    0x08005aac   0x08005aac   0x00000090   Code   RO         1143    i.xmp3_AllocateBuffers  helix_buffers.o
    0x08005b3c   0x08005b3c   0x0000000e   Code   RO         1089    i.xmp3_CalcBitsUsed  helix_bitstream.o
    0x08005b4a   0x08005b4a   0x00000016   Code   RO         1090    i.xmp3_CheckPadBit  helix_bitstream.o
    0x08005b60   0x08005b60   0x000001b4   Code   RO         1241    i.xmp3_DecodeHuffman  helix_huffman.o
    0x08005d14   0x08005d14   0x000001e8   Code   RO         1212    i.xmp3_DequantChannel  helix_dqchan.o
    0x08005efc   0x08005efc   0x000001ec   Code   RO         1191    i.xmp3_Dequantize   helix_dequant.o
    0x080060e8   0x080060e8   0x0000060a   Code   RO         1173    i.xmp3_FDCT32       helix_dct32.o
    0x080066f2   0x080066f2   0x00000002   PAD
    0x080066f4   0x080066f4   0x0000007c   Code   RO         1144    i.xmp3_FreeBuffers  helix_buffers.o
    0x08006770   0x08006770   0x00000042   Code   RO         1091    i.xmp3_GetBits      helix_bitstream.o
    0x080067b2   0x080067b2   0x00000002   PAD
    0x080067b4   0x080067b4   0x00000120   Code   RO         1288    i.xmp3_IMDCT        helix_imdct.o
    0x080068d4   0x080068d4   0x0000023c   Code   RO         1399    i.xmp3_IntensityProcMPEG1  helix_stproc.o
    0x08006b10   0x08006b10   0x00000248   Code   RO         1400    i.xmp3_IntensityProcMPEG2  helix_stproc.o
    0x08006d58   0x08006d58   0x00000054   Code   RO         1401    i.xmp3_MidSideProc  helix_stproc.o
    0x08006dac   0x08006dac   0x00000278   Code   RO         1345    i.xmp3_PolyphaseMono  helix_polyphase.o
    0x08007024   0x08007024   0x00000690   Code   RO         1346    i.xmp3_PolyphaseStereo  helix_polyphase.o
    0x080076b4   0x080076b4   0x0000000c   Code   RO         1092    i.xmp3_SetBitstreamPointer  helix_bitstream.o
    0x080076c0   0x080076c0   0x000000fc   Code   RO         1430    i.xmp3_Subband      helix_subband.o
    0x080077bc   0x080077bc   0x000001ec   Code   RO         1093    i.xmp3_UnpackFrameHeader  helix_bitstream.o
    0x080079a8   0x080079a8   0x000000f6   Code   RO         1376    i.xmp3_UnpackScaleFactors  helix_scalfact.o
    0x08007a9e   0x08007a9e   0x00000002   PAD
    0x08007aa0   0x08007aa0   0x00000218   Code   RO         1094    i.xmp3_UnpackSideInfo  helix_bitstream.o
    0x08007cb8   0x08007cb8   0x00000030   Data   RO          390    .constdata          audio_player.o
    0x08007ce8   0x08007ce8   0x00000080   Data   RO          925    .constdata          pff.o
    0x08007d68   0x08007d68   0x00000024   Data   RO         1070    .constdata          helix_mp3tabs.o
    0x08007d8c   0x08007d8c   0x0000010e   Data   RO         1071    .constdata          helix_mp3tabs.o
    0x08007e9a   0x08007e9a   0x00000012   Data   RO         1072    .constdata          helix_mp3tabs.o
    0x08007eac   0x08007eac   0x0000000c   Data   RO         1074    .constdata          helix_mp3tabs.o
    0x08007eb8   0x08007eb8   0x0000010e   Data   RO         1075    .constdata          helix_mp3tabs.o
    0x08007fc6   0x08007fc6   0x0000029a   Data   RO         1076    .constdata          helix_mp3tabs.o
    0x08008260   0x08008260   0x000000c0   Data   RO         1174    .constdata          helix_dct32.o
    0x08008320   0x08008320   0x00000016   Data   RO         1213    .constdata          helix_dqchan.o
    0x08008336   0x08008336   0x00002124   Data   RO         1261    .constdata          helix_hufftabs.o
    0x0800a45a   0x0800a45a   0x00000002   PAD
    0x0800a45c   0x0800a45c   0x00000080   Data   RO         1262    .constdata          helix_hufftabs.o
    0x0800a4dc   0x0800a4dc   0x00000100   Data   RO         1263    .constdata          helix_hufftabs.o
    0x0800a5dc   0x0800a5dc   0x00000050   Data   RO         1264    .constdata          helix_hufftabs.o
    0x0800a62c   0x0800a62c   0x00000008   Data   RO         1265    .constdata          helix_hufftabs.o
    0x0800a634   0x0800a634   0x00000008   Data   RO         1266    .constdata          helix_hufftabs.o
    0x0800a63c   0x0800a63c   0x00000024   Data   RO         1289    .constdata          helix_imdct.o
    0x0800a660   0x0800a660   0x00000068   Data   RO         1377    .constdata          helix_scalfact.o
    0x0800a6c8   0x0800a6c8   0x00000240   Data   RO         1442    .constdata          helix_trigtabs.o
    0x0800a908   0x0800a908   0x00000038   Data   RO         1443    .constdata          helix_trigtabs.o
    0x0800a940   0x0800a940   0x00000100   Data   RO         1444    .constdata          helix_trigtabs.o
    0x0800aa40   0x0800aa40   0x00000010   Data   RO         1445    .constdata          helix_trigtabs.o
    0x0800aa50   0x0800aa50   0x00000040   Data   RO         1447    .constdata          helix_trigtabs.o
    0x0800aa90   0x0800aa90   0x00000420   Data   RO         1449    .constdata          helix_trigtabs.o
    0x0800aeb0   0x0800aeb0   0x00000028   Data   RO         4437    .constdata          c_w.l(_printf_hex_int.o)
    0x0800aed8   0x0800aed8   0x00000011   Data   RO         4472    .constdata          c_w.l(__printf_flags_ss_wp.o)
    0x0800aee9   0x0800aee9   0x00000003   PAD
    0x0800aeec   0x0800aeec   0x000003a4   Data   RO          145    .conststring        main.o
    0x0800b290   0x0800b290   0x00000179   Data   RO          391    .conststring        audio_player.o
    0x0800b409   0x0800b409   0x00000003   PAD
    0x0800b40c   0x0800b40c   0x00000274   Data   RO          776    .conststring        sdcard_stub.o
    0x0800b680   0x0800b680   0x00000020   Data   RO         4677    Region$$Table       anon$$obj.o


    Execution Region RW_IRAM1 (Exec base: 0x20000000, Load base: 0x0800b6a0, Size: 0x0000dd18, Max: 0x00010000, ABSOLUTE, COMPRESSED[0x00000288])

    Exec Addr    Load Addr    Size         Type   Attr      Idx    E Section Name        Object

    0x20000000   COMPRESSED   0x00000001   Data   RW           26    .data               exti.o
    0x20000001   COMPRESSED   0x00000003   PAD
    0x20000004   COMPRESSED   0x00000014   Data   RW          254    .data               system_stm32f10x.o
    0x20000018   COMPRESSED   0x00000002   Data   RW          333    .data               usart.o
    0x2000001a   COMPRESSED   0x00000002   PAD
    0x2000001c   COMPRESSED   0x00000004   Data   RW          334    .data               usart.o
    0x20000020   COMPRESSED   0x00000010   Data   RW          392    .data               audio_player.o
    0x20000030   COMPRESSED   0x00000020   Data   RW          561    .data               board_audio.o
    0x20000050   COMPRESSED   0x00000038   Data   RW          777    .data               sdcard_stub.o
    0x20000088   COMPRESSED   0x00000004   Data   RW          926    .data               pff.o
    0x2000008c   COMPRESSED   0x00000238   Data   RW         1214    .data               helix_dqchan.o
    0x200002c4   COMPRESSED   0x00000058   Data   RW         1290    .data               helix_imdct.o
    0x2000031c   COMPRESSED   0x00000014   Data   RW         3057    .data               stm32f10x_rcc.o
    0x20000330        -       0x00000080   Zero   RW          332    .bss                usart.o
    0x200003b0        -       0x00003530   Zero   RW          389    .bss                audio_player.o
    0x200038e0        -       0x000020d0   Zero   RW          559    .bss                board_audio.o
    0x200059b0        -       0x00000200   Zero   RW          775    .bss                sdcard_stub.o
    0x20005bb0        -       0x00000200   Zero   RW          877    .bss                diskio.o
    0x20005db0        -       0x00005d08   Zero   RW         1145    .bss                helix_buffers.o
    0x2000bab8        -       0x00000060   Zero   RW         4553    .bss                c_w.l(libspace.o)
    0x2000bb18        -       0x00000200   Zero   RW           18    HEAP                startup_stm32f10x_hd.o
    0x2000bd18        -       0x00002000   Zero   RW           17    STACK               startup_stm32f10x_hd.o


==============================================================================

Image component sizes


      Code (inc. data)   RO Data    RW Data    ZI Data      Debug   Object Name

      3068       1076        425         16      13616      17314   audio_player.o
      2780        236          0         32       8400      23255   board_audio.o
         0          0          0          0          0       4540   core_cm3.o
        50          0          0          0          0        940   delay.o
       104          6          0          0        512       3099   diskio.o
        80         12          0          1          0     254617   exti.o
      1254         24          0          0          0      11166   helix_bitstream.o
       284         60          0          0      23816       2578   helix_buffers.o
      1546         10        192          0          0       7490   helix_dct32.o
       514          0          0          0          0       2958   helix_dequant.o
       882         24         22        568          0       6464   helix_dqchan.o
      1560         26          0          0          0       5913   helix_huffman.o
         0          0       8964          0          0       5768   helix_hufftabs.o
      2948         54         36         88          0      16653   helix_imdct.o
       966          4          0          0          0       8103   helix_mp3dec.o
         0          0       1272          0          0       2025   helix_mp3tabs.o
      2376          0          0          0          0       5992   helix_polyphase.o
      1186         10        104          0          0       4718   helix_scalfact.o
      1250         16          0          0          0       7339   helix_stproc.o
       252          4          0          0          0       1299   helix_subband.o
         0          0       2024          0          0       1024   helix_trigtabs.o
       968        402        932          0          0       5303   main.o
       144         16          0          0          0       1973   misc.o
      1690         56        128          4          0      17085   pff.o
      2806        694        628         56        512      16112   sdcard_stub.o
        64         26        304          0       8704        816   startup_stm32f10x_hd.o
       314         10          0          0          0       4055   stm32f10x_dma.o
        12          6          0          0          0        505   stm32f10x_exti.o
       296          6          0          0          0       5447   stm32f10x_gpio.o
        18          0          0          0          0       3874   stm32f10x_it.o
       264         46          0         20          0       6136   stm32f10x_rcc.o
       272         58          0          0          0       7463   stm32f10x_sdio.o
       290         12          0          0          0       4810   stm32f10x_spi.o
       310          6          0          0          0       4930   stm32f10x_usart.o
       248         24          0         20          0       1833   system_stm32f10x.o
       306         30          0          6        128       4193   usart.o

    ----------------------------------------------------------------------
     29134       2954      15068        816      55688     477790   Object Totals
         0          0         32          0          0          0   (incl. Generated)
        32          0          5          5          0          0   (incl. Padding)

    ----------------------------------------------------------------------

      Code (inc. data)   RO Data    RW Data    ZI Data      Debug   Library Member Name

        90          0          0          0          0          0   __dczerorl2.o
         8          0          0          0          0         68   __main.o
       392          4         17          0          0         92   __printf_flags_ss_wp.o
        14          0          0          0          0         68   __printf_wp.o
         0          0          0          0          0          0   __rtentry.o
        12          0          0          0          0          0   __rtentry2.o
         6          0          0          0          0          0   __rtentry4.o
        52          8          0          0          0          0   __scatter.o
        28          0          0          0          0          0   __scatter_zi.o
        44          0          0          0          0        108   _printf_char.o
        48          6          0          0          0         96   _printf_char_common.o
        36          4          0          0          0         80   _printf_char_file.o
         6          0          0          0          0          0   _printf_d.o
       120         16          0          0          0         92   _printf_dec.o
        88          4         40          0          0         88   _printf_hex_int.o
       178          0          0          0          0         88   _printf_intcommon.o
        78          0          0          0          0        108   _printf_pad.o
         0          0          0          0          0          0   _printf_percent.o
         4          0          0          0          0          0   _printf_percent_end.o
         6          0          0          0          0          0   _printf_s.o
        82          0          0          0          0         80   _printf_str.o
         6          0          0          0          0          0   _printf_u.o
         6          0          0          0          0          0   _printf_x.o
        10          0          0          0          0         68   _sputc.o
        18          0          0          0          0         80   exit.o
         8          0          0          0          0         68   ferror.o
         6          0          0          0          0        152   heapauxi.o
         2          0          0          0          0          0   libinit.o
         2          0          0          0          0          0   libinit2.o
         2          0          0          0          0          0   libshutdown.o
         2          0          0          0          0          0   libshutdown2.o
         8          4          0          0         96         68   libspace.o
       238          0          0          0          0        100   lludivv7m.o
        88          0          0          0          0         76   memcmp.o
        24          4          0          0          0         84   noretval__2printf.o
        40          6          0          0          0         84   noretval__2sprintf.o
        68          0          0          0          0         68   rt_memclr.o
        78          0          0          0          0         80   rt_memclr_w.o
       138          0          0          0          0         68   rt_memcpy_v6.o
       100          0          0          0          0         80   rt_memcpy_w.o
       132          0          0          0          0         68   rt_memmove_v6.o
       122          0          0          0          0         80   rt_memmove_w.o
         2          0          0          0          0          0   rtexit.o
        10          0          0          0          0          0   rtexit2.o
        74          0          0          0          0         80   sys_stackheap_outer.o
         2          0          0          0          0         68   use_no_semi.o
         2          0          0          0          0         68   use_no_semi_2.o

    ----------------------------------------------------------------------
      2490         56         60          0         96       2408   Library Totals
        10          0          3          0          0          0   (incl. Padding)

    ----------------------------------------------------------------------

      Code (inc. data)   RO Data    RW Data    ZI Data      Debug   Library Name

      2480         56         57          0         96       2408   c_w.l

    ----------------------------------------------------------------------
      2490         56         60          0         96       2408   Library Totals

    ----------------------------------------------------------------------

==============================================================================


      Code (inc. data)   RO Data    RW Data    ZI Data      Debug   

     31624       3010      15128        816      55784     468494   Grand Totals
     31624       3010      15128        648      55784     468494   ELF Image Totals (compressed)
     31624       3010      15128        648          0          0   ROM Totals

==============================================================================

    Total RO  Size (Code + RO Data)                46752 (  45.66kB)
    Total RW  Size (RW Data + ZI Data)             56600 (  55.27kB)
    Total ROM Size (Code + RO Data + RW Data)      47400 (  46.29kB)

==============================================================================

